Archive member included to satisfy reference by file (symbol)

g:/stm32cube/gcc-arm-none-eabi-10.3-2021.10/bin/../lib/gcc/arm-none-eabi/10.3.1/thumb/v7e-m/nofp\libgcc.a(_arm_mulsf3.o)
                              CMakeFiles/SRM_L1_can.elf.dir/Core/Src/pid.c.obj (__aeabi_fmul)
g:/stm32cube/gcc-arm-none-eabi-10.3-2021.10/bin/../lib/gcc/arm-none-eabi/10.3.1/thumb/v7e-m/nofp\libgcc.a(_arm_addsubsf3.o)
                              CMakeFiles/SRM_L1_can.elf.dir/Core/Src/pid.c.obj (__aeabi_fsub)
g:/stm32cube/gcc-arm-none-eabi-10.3-2021.10/bin/../lib/gcc/arm-none-eabi/10.3.1/thumb/v7e-m/nofp\libgcc.a(_arm_cmpsf2.o)
                              CMakeFiles/SRM_L1_can.elf.dir/Core/Src/pid.c.obj (__aeabi_fcmplt)
g:/stm32cube/gcc-arm-none-eabi-10.3-2021.10/bin/../lib/gcc/arm-none-eabi/10.3.1/thumb/v7e-m/nofp\libgcc.a(_arm_fixsfsi.o)
                              CMakeFiles/SRM_L1_can.elf.dir/Core/Src/main.c.obj (__aeabi_f2iz)
g:/stm32cube/gcc-arm-none-eabi-10.3-2021.10/bin/../lib/gcc/arm-none-eabi/10.3.1/thumb/v7e-m/nofp\libgcc.a(_aeabi_uldivmod.o)
                              CMakeFiles/SRM_L1_can.elf.dir/Drivers/STM32F4xx_HAL_Driver/Src/stm32f4xx_hal_rcc.c.obj (__aeabi_uldivmod)
g:/stm32cube/gcc-arm-none-eabi-10.3-2021.10/bin/../lib/gcc/arm-none-eabi/10.3.1/thumb/v7e-m/nofp\libgcc.a(_udivmoddi4.o)
                              g:/stm32cube/gcc-arm-none-eabi-10.3-2021.10/bin/../lib/gcc/arm-none-eabi/10.3.1/thumb/v7e-m/nofp\libgcc.a(_aeabi_uldivmod.o) (__udivmoddi4)
g:/stm32cube/gcc-arm-none-eabi-10.3-2021.10/bin/../lib/gcc/arm-none-eabi/10.3.1/thumb/v7e-m/nofp\libgcc.a(_dvmd_tls.o)
                              g:/stm32cube/gcc-arm-none-eabi-10.3-2021.10/bin/../lib/gcc/arm-none-eabi/10.3.1/thumb/v7e-m/nofp\libgcc.a(_aeabi_uldivmod.o) (__aeabi_ldiv0)
g:/stm32cube/gcc-arm-none-eabi-10.3-2021.10/bin/../lib/gcc/arm-none-eabi/10.3.1/../../../../arm-none-eabi/lib/thumb/v7e-m/nofp\libg.a(lib_a-errno.o)
                              CMakeFiles/SRM_L1_can.elf.dir/Core/Src/syscalls.c.obj (__errno)
g:/stm32cube/gcc-arm-none-eabi-10.3-2021.10/bin/../lib/gcc/arm-none-eabi/10.3.1/../../../../arm-none-eabi/lib/thumb/v7e-m/nofp\libg.a(lib_a-exit.o)
                              g:/stm32cube/gcc-arm-none-eabi-10.3-2021.10/bin/../lib/gcc/arm-none-eabi/10.3.1/../../../../arm-none-eabi/lib/thumb/v7e-m/nofp/crt0.o (exit)
g:/stm32cube/gcc-arm-none-eabi-10.3-2021.10/bin/../lib/gcc/arm-none-eabi/10.3.1/../../../../arm-none-eabi/lib/thumb/v7e-m/nofp\libg.a(lib_a-impure.o)
                              g:/stm32cube/gcc-arm-none-eabi-10.3-2021.10/bin/../lib/gcc/arm-none-eabi/10.3.1/../../../../arm-none-eabi/lib/thumb/v7e-m/nofp\libg.a(lib_a-exit.o) (_global_impure_ptr)
g:/stm32cube/gcc-arm-none-eabi-10.3-2021.10/bin/../lib/gcc/arm-none-eabi/10.3.1/../../../../arm-none-eabi/lib/thumb/v7e-m/nofp\libg.a(lib_a-init.o)
                              g:/stm32cube/gcc-arm-none-eabi-10.3-2021.10/bin/../lib/gcc/arm-none-eabi/10.3.1/../../../../arm-none-eabi/lib/thumb/v7e-m/nofp/crt0.o (__libc_init_array)
g:/stm32cube/gcc-arm-none-eabi-10.3-2021.10/bin/../lib/gcc/arm-none-eabi/10.3.1/../../../../arm-none-eabi/lib/thumb/v7e-m/nofp\libg.a(lib_a-memset.o)
                              g:/stm32cube/gcc-arm-none-eabi-10.3-2021.10/bin/../lib/gcc/arm-none-eabi/10.3.1/../../../../arm-none-eabi/lib/thumb/v7e-m/nofp/crt0.o (memset)
g:/stm32cube/gcc-arm-none-eabi-10.3-2021.10/bin/../lib/gcc/arm-none-eabi/10.3.1/../../../../arm-none-eabi/lib/thumb/v7e-m/nofp\libg.a(lib_a-__call_atexit.o)
                              g:/stm32cube/gcc-arm-none-eabi-10.3-2021.10/bin/../lib/gcc/arm-none-eabi/10.3.1/../../../../arm-none-eabi/lib/thumb/v7e-m/nofp\libg.a(lib_a-exit.o) (__call_exitprocs)
g:/stm32cube/gcc-arm-none-eabi-10.3-2021.10/bin/../lib/gcc/arm-none-eabi/10.3.1/../../../../arm-none-eabi/lib/thumb/v7e-m/nofp\libg.a(lib_a-atexit.o)
                              g:/stm32cube/gcc-arm-none-eabi-10.3-2021.10/bin/../lib/gcc/arm-none-eabi/10.3.1/../../../../arm-none-eabi/lib/thumb/v7e-m/nofp\libg.a(lib_a-__call_atexit.o) (atexit)
g:/stm32cube/gcc-arm-none-eabi-10.3-2021.10/bin/../lib/gcc/arm-none-eabi/10.3.1/../../../../arm-none-eabi/lib/thumb/v7e-m/nofp\libg.a(lib_a-fini.o)
                              g:/stm32cube/gcc-arm-none-eabi-10.3-2021.10/bin/../lib/gcc/arm-none-eabi/10.3.1/../../../../arm-none-eabi/lib/thumb/v7e-m/nofp\libg.a(lib_a-__call_atexit.o) (__libc_fini_array)
g:/stm32cube/gcc-arm-none-eabi-10.3-2021.10/bin/../lib/gcc/arm-none-eabi/10.3.1/../../../../arm-none-eabi/lib/thumb/v7e-m/nofp\libg.a(lib_a-lock.o)
                              g:/stm32cube/gcc-arm-none-eabi-10.3-2021.10/bin/../lib/gcc/arm-none-eabi/10.3.1/../../../../arm-none-eabi/lib/thumb/v7e-m/nofp\libg.a(lib_a-__call_atexit.o) (__retarget_lock_acquire_recursive)
g:/stm32cube/gcc-arm-none-eabi-10.3-2021.10/bin/../lib/gcc/arm-none-eabi/10.3.1/../../../../arm-none-eabi/lib/thumb/v7e-m/nofp\libg.a(lib_a-__atexit.o)
[...]
Memory Configuration

Name             Origin             Length             Attributes
CCMRAM           0x10000000         0x00010000         xrw
RAM              0x20000000         0x00020000         xrw
FLASH            0x08000000         0x00100000         xr
*default*        0x00000000         0xffffffff

Linker script and memory map

LOAD g:/stm32cube/gcc-arm-none-eabi-10.3-2021.10/bin/../lib/gcc/arm-none-eabi/10.3.1/thumb/v7e-m/nofp/crti.o
LOAD g:/stm32cube/gcc-arm-none-eabi-10.3-2021.10/bin/../lib/gcc/arm-none-eabi/10.3.1/thumb/v7e-m/nofp/crtbegin.o
LOAD g:/stm32cube/gcc-arm-none-eabi-10.3-2021.10/bin/../lib/gcc/arm-none-eabi/10.3.1/../../../../arm-none-eabi/lib/thumb/v7e-m/nofp/crt0.o
LOAD CMakeFiles/SRM_L1_can.elf.dir/Core/Src/can.c.obj
LOAD CMakeFiles/SRM_L1_can.elf.dir/Core/Src/can_receive.c.obj
LOAD CMakeFiles/SRM_L1_can.elf.dir/Core/Src/dma.c.obj
LOAD CMakeFiles/SRM_L1_can.elf.dir/Core/Src/gpio.c.obj
LOAD CMakeFiles/SRM_L1_can.elf.dir/Core/Src/io.c.obj
LOAD CMakeFiles/SRM_L1_can.elf.dir/Core/Src/main.c.obj
LOAD CMakeFiles/SRM_L1_can.elf.dir/Core/Src/pid.c.obj
LOAD CMakeFiles/SRM_L1_can.elf.dir/Core/Src/remote.c.obj
LOAD CMakeFiles/SRM_L1_can.elf.dir/Core/Src/stm32f4xx_hal_msp.c.obj
LOAD CMakeFiles/SRM_L1_can.elf.dir/Core/Src/stm32f4xx_it.c.obj
LOAD CMakeFiles/SRM_L1_can.elf.dir/Core/Src/syscalls.c.obj
LOAD CMakeFiles/SRM_L1_can.elf.dir/Core/Src/sysmem.c.obj
LOAD CMakeFiles/SRM_L1_can.elf.dir/Core/Src/system_stm32f4xx.c.obj
LOAD CMakeFiles/SRM_L1_can.elf.dir/Core/Src/usart.c.obj
LOAD CMakeFiles/SRM_L1_can.elf.dir/Core/Startup/startup_stm32f407ighx.s.obj
LOAD CMakeFiles/SRM_L1_can.elf.dir/Drivers/STM32F4xx_HAL_Driver/Src/stm32f4xx_hal.c.obj
LOAD CMakeFiles/SRM_L1_can.elf.dir/Drivers/STM32F4xx_HAL_Driver/Src/stm32f4xx_hal_can.c.obj
LOAD CMakeFiles/SRM_L1_can.elf.dir/Drivers/STM32F4xx_HAL_Driver/Src/stm32f4xx_hal_cortex.c.obj
LOAD CMakeFiles/SRM_L1_can.elf.dir/Drivers/STM32F4xx_HAL_Driver/Src/stm32f4xx_hal_dma.c.obj
LOAD CMakeFiles/SRM_L1_can.elf.dir/Drivers/STM32F4xx_HAL_Driver/Src/stm32f4xx_hal_dma_ex.c.obj
LOAD CMakeFiles/SRM_L1_can.elf.dir/Drivers/STM32F4xx_HAL_Driver/Src/stm32f4xx_hal_exti.c.obj
LOAD CMakeFiles/SRM_L1_can.elf.dir/Drivers/STM32F4xx_HAL_Driver/Src/stm32f4xx_hal_flash.c.obj
LOAD CMakeFiles/SRM_L1_can.elf.dir/Drivers/STM32F4xx_HAL_Driver/Src/stm32f4xx_hal_flash_ex.c.obj
LOAD CMakeFiles/SRM_L1_can.elf.dir/Drivers/STM32F4xx_HAL_Driver/Src/stm32f4xx_hal_flash_ramfunc.c.obj
LOAD CMakeFiles/SRM_L1_can.elf.dir/Drivers/STM32F4xx_HAL_Driver/Src/stm32f4xx_hal_gpio.c.obj
LOAD CMakeFiles/SRM_L1_can.elf.dir/Drivers/STM32F4xx_HAL_Driver/Src/stm32f4xx_hal_pwr.c.obj
LOAD CMakeFiles/SRM_L1_can.elf.dir/Drivers/STM32F4xx_HAL_Driver/Src/stm32f4xx_hal_pwr_ex.c.obj
LOAD CMakeFiles/SRM_L1_can.elf.dir/Drivers/STM32F4xx_HAL_Driver/Src/stm32f4xx_hal_rcc.c.obj
LOAD CMakeFiles/SRM_L1_can.elf.dir/Drivers/STM32F4xx_HAL_Driver/Src/stm32f4xx_hal_rcc_ex.c.obj
LOAD CMakeFiles/SRM_L1_can.elf.dir/Drivers/STM32F4xx_HAL_Driver/Src/stm32f4xx_hal_tim.c.obj
LOAD CMakeFiles/SRM_L1_can.elf.dir/Drivers/STM32F4xx_HAL_Driver/Src/stm32f4xx_hal_tim_ex.c.obj
LOAD CMakeFiles/SRM_L1_can.elf.dir/Drivers/STM32F4xx_HAL_Driver/Src/stm32f4xx_hal_uart.c.obj
START GROUP
LOAD g:/stm32cube/gcc-arm-none-eabi-10.3-2021.10/bin/../lib/gcc/arm-none-eabi/10.3.1/thumb/v7e-m/nofp\libgcc.a
LOAD g:/stm32cube/gcc-arm-none-eabi-10.3-2021.10/bin/../lib/gcc/arm-none-eabi/10.3.1/../../../../arm-none-eabi/lib/thumb/v7e-m/nofp\libg.a
LOAD g:/stm32cube/gcc-arm-none-eabi-10.3-2021.10/bin/../lib/gcc/arm-none-eabi/10.3.1/../../../../arm-none-eabi/lib/thumb/v7e-m/nofp\libc.a
END GROUP
LOAD g:/stm32cube/gcc-arm-none-eabi-10.3-2021.10/bin/../lib/gcc/arm-none-eabi/10.3.1/thumb/v7e-m/nofp/crtend.o
LOAD g:/stm32cube/gcc-arm-none-eabi-10.3-2021.10/bin/../lib/gcc/arm-none-eabi/10.3.1/thumb/v7e-m/nofp/crtn.o
                0x20020000                _estack = (ORIGIN (RAM) + LENGTH (RAM))
                0x00000200                _Min_Heap_Size = 0x200
                0x00000400                _Min_Stack_Size = 0x400

.isr_vector     0x08000000      0x188
                0x08000000                . = ALIGN (0x4)
 *(.isr_vector)
 .isr_vector    0x08000000      0x188 CMakeFiles/SRM_L1_can.elf.dir/Core/Startup/startup_stm32f407ighx.s.obj
                0x08000000                g_pfnVectors
                0x08000188                . = ALIGN (0x4)

.text           0x08000188     0x4338
                0x08000188                . = ALIGN (0x4)
 *(.text)
 .text          0x08000188       0x40 g:/stm32cube/gcc-arm-none-eabi-10.3-2021.10/bin/../lib/gcc/arm-none-eabi/10.3.1/thumb/v7e-m/nofp/crtbegin.o
 .text          0x080001c8      0x168 g:/stm32cube/gcc-arm-none-eabi-10.3-2021.10/bin/../lib/gcc/arm-none-eabi/10.3.1/thumb/v7e-m/nofp\libgcc.a(_arm_mulsf3.o)
                0x080001c8                __aeabi_fmul
                0x080001c8                __mulsf3
 .text          0x08000330      0x21c g:/stm32cube/gcc-arm-none-eabi-10.3-2021.10/bin/../lib/gcc/arm-none-eabi/10.3.1/thumb/v7e-m/nofp\libgcc.a(_arm_addsubsf3.o)
                0x08000330                __aeabi_frsub
                0x08000338                __subsf3
                0x08000338                __aeabi_fsub
                0x0800033c                __aeabi_fadd
                0x0800033c                __addsf3
                0x0800049c                __aeabi_ui2f
                0x0800049c                __floatunsisf
                0x080004a4                __aeabi_i2f
                0x080004a4                __floatsisf
                0x080004c0                __aeabi_ul2f
                0x080004c0                __floatundisf
                0x080004d0                __aeabi_l2f
                0x080004d0                __floatdisf
 .text          0x0800054c       0xec g:/stm32cube/gcc-arm-none-eabi-10.3-2021.10/bin/../lib/gcc/arm-none-eabi/10.3.1/thumb/v7e-m/nofp\libgcc.a(_arm_cmpsf2.o)
                0x0800054c                __gesf2
                0x0800054c                __gtsf2
                0x08000554                __lesf2
                0x08000554                __ltsf2
                0x0800055c                __nesf2
                0x0800055c                __eqsf2
                0x0800055c                __cmpsf2
                0x080005bc                __aeabi_cfrcmple
                0x080005c4                __aeabi_cfcmpeq
                0x080005c4                __aeabi_cfcmple
                0x080005d4                __aeabi_fcmpeq
                0x080005e8                __aeabi_fcmplt
                0x080005fc                __aeabi_fcmple
                0x08000610                __aeabi_fcmpge
                0x08000624                __aeabi_fcmpgt
 .text          0x08000638       0x4c g:/stm32cube/gcc-arm-none-eabi-10.3-2021.10/bin/../lib/gcc/arm-none-eabi/10.3.1/thumb/v7e-m/nofp\libgcc.a(_arm_fixsfsi.o)
                0x08000638                __aeabi_f2iz
                0x08000638                __fixsfsi
 .text          0x08000684       0x30 g:/stm32cube/gcc-arm-none-eabi-10.3-2021.10/bin/../lib/gcc/arm-none-eabi/10.3.1/thumb/v7e-m/nofp\libgcc.a(_aeabi_uldivmod.o)
                0x08000684                __aeabi_uldivmod
 .text          0x080006b4      0x2d0 g:/stm32cube/gcc-arm-none-eabi-10.3-2021.10/bin/../lib/gcc/arm-none-eabi/10.3.1/thumb/v7e-m/nofp\libgcc.a(_udivmoddi4.o)
                0x080006b4                __udivmoddi4
 .text          0x08000984        0x4 g:/stm32cube/gcc-arm-none-eabi-10.3-2021.10/bin/../lib/gcc/arm-none-eabi/10.3.1/thumb/v7e-m/nofp\libgcc.a(_dvmd_tls.o)
                0x08000984                __aeabi_idiv0
                0x08000984                __aeabi_ldiv0
 *(.text*)
 .text.MX_CAN1_Init
                0x08000988       0x40 CMakeFiles/SRM_L1_can.elf.dir/Core/Src/can.c.obj
                0x08000988                MX_CAN1_Init
 .text.MX_CAN2_Init
                0x080009c8       0x40 CMakeFiles/SRM_L1_can.elf.dir/Core/Src/can.c.obj
                0x080009c8                MX_CAN2_Init
 .text.HAL_CAN_MspInit
                0x08000a08      0x120 CMakeFiles/SRM_L1_can.elf.dir/Core/Src/can.c.obj
                0x08000a08                HAL_CAN_MspInit
 .text.CAN1_Init
                0x08000b28       0x40 CMakeFiles/SRM_L1_can.elf.dir/Core/Src/can_receive.c.obj
                0x08000b28                CAN1_Init
 .text.HAL_CAN_RxFifo1MsgPendingCallback
                0x08000b68       0x34 CMakeFiles/SRM_L1_can.elf.dir/Core/Src/can_receive.c.obj
                0x08000b68                HAL_CAN_RxFifo1MsgPendingCallback
 .text.get_motor_measure
                0x08000b9c       0x2a CMakeFiles/SRM_L1_can.elf.dir/Core/Src/can_receive.c.obj
                0x08000b9c                get_motor_measure
 *fill*         0x08000bc6        0x2 
 .text.CAN_CMD_Supply
                0x08000bc8       0x38 CMakeFiles/SRM_L1_can.elf.dir/Core/Src/can_receive.c.obj
                0x08000bc8                CAN_CMD_Supply
 .text.Ecd_Value_Calculate
                0x08000c00       0x6c CMakeFiles/SRM_L1_can.elf.dir/Core/Src/can_receive.c.obj
                0x08000c00                Ecd_Value_Calculate
 .text.get_ecdmotor_measure
                0x08000c6c       0x36 CMakeFiles/SRM_L1_can.elf.dir/Core/Src/can_receive.c.obj
                0x08000c6c                get_ecdmotor_measure
 *fill*         0x08000ca2        0x2 
 .text.CAN1_Getdata
                0x08000ca4       0x48 CMakeFiles/SRM_L1_can.elf.dir/Core/Src/can_receive.c.obj
 .text.HAL_CAN_RxFifo0MsgPendingCallback
                0x08000cec       0x3c CMakeFiles/SRM_L1_can.elf.dir/Core/Src/can_receive.c.obj
                0x08000cec                HAL_CAN_RxFifo0MsgPendingCallback
 .text.MX_DMA_Init
                0x08000d28       0x58 CMakeFiles/SRM_L1_can.elf.dir/Core/Src/dma.c.obj
                0x08000d28                MX_DMA_Init
 .text.MX_GPIO_Init
                0x08000d80       0x88 CMakeFiles/SRM_L1_can.elf.dir/Core/Src/gpio.c.obj
                0x08000d80                MX_GPIO_Init
 .text.DMA_DualBuff_ErrorCallback
                0x08000e08        0x2 CMakeFiles/SRM_L1_can.elf.dir/Core/Src/io.c.obj
                0x08000e08                DMA_DualBuff_ErrorCallback
 *fill*         0x08000e0a        0x2 
 .text.DMA_DualBuff_M0_CpltCallback
                0x08000e0c       0x28 CMakeFiles/SRM_L1_can.elf.dir/Core/Src/io.c.obj
                0x08000e0c                DMA_DualBuff_M0_CpltCallback
 .text.DMA_DualBuff_M1_CpltCallback
                0x08000e34       0x28 CMakeFiles/SRM_L1_can.elf.dir/Core/Src/io.c.obj
                0x08000e34                DMA_DualBuff_M1_CpltCallback
 .text.UART_DMA_DualBuffer_Init
                0x08000e5c       0x60 CMakeFiles/SRM_L1_can.elf.dir/Core/Src/io.c.obj
                0x08000e5c                UART_DMA_DualBuffer_Init
 .text.Draw_ResponseCurve
                0x08000ebc       0x40 CMakeFiles/SRM_L1_can.elf.dir/Core/Src/main.c.obj
                0x08000ebc                Draw_ResponseCurve
 .text.Error_Handler
                0x08000efc        0x4 CMakeFiles/SRM_L1_can.elf.dir/Core/Src/main.c.obj
                0x08000efc                Error_Handler
 .text.SystemClock_Config
                0x08000f00       0xa8 CMakeFiles/SRM_L1_can.elf.dir/Core/Src/main.c.obj
                0x08000f00                SystemClock_Config
 .text.main     0x08000fa8       0xec CMakeFiles/SRM_L1_can.elf.dir/Core/Src/main.c.obj
                0x08000fa8                main
 .text.PID_Init
                0x08001094       0x1e CMakeFiles/SRM_L1_can.elf.dir/Core/Src/pid.c.obj
                0x08001094                PID_Init
 .text.PID_Calculate
                0x080010b2      0x12e CMakeFiles/SRM_L1_can.elf.dir/Core/Src/pid.c.obj
                0x080010b2                PID_Calculate
 .text.RC_abs   0x080011e0        0xc CMakeFiles/SRM_L1_can.elf.dir/Core/Src/remote.c.obj
 .text.RC_data_is_error
                0x080011ec       0x6c CMakeFiles/SRM_L1_can.elf.dir/Core/Src/remote.c.obj
                0x080011ec                RC_data_is_error
 .text.SBUS_TO_RC
                0x08001258       0xfc CMakeFiles/SRM_L1_can.elf.dir/Core/Src/remote.c.obj
                0x08001258                SBUS_TO_RC
 .text.HAL_MspInit
                0x08001354       0x38 CMakeFiles/SRM_L1_can.elf.dir/Core/Src/stm32f4xx_hal_msp.c.obj
                0x08001354                HAL_MspInit
 .text.NMI_Handler
                0x0800138c        0x2 CMakeFiles/SRM_L1_can.elf.dir/Core/Src/stm32f4xx_it.c.obj
                0x0800138c                NMI_Handler
 .text.HardFault_Handler
                0x0800138e        0x2 CMakeFiles/SRM_L1_can.elf.dir/Core/Src/stm32f4xx_it.c.obj
                0x0800138e                HardFault_Handler
 .text.MemManage_Handler
                0x08001390        0x2 CMakeFiles/SRM_L1_can.elf.dir/Core/Src/stm32f4xx_it.c.obj
                0x08001390                MemManage_Handler
 .text.BusFault_Handler
                0x08001392        0x2 CMakeFiles/SRM_L1_can.elf.dir/Core/Src/stm32f4xx_it.c.obj
                0x08001392                BusFault_Handler
 .text.UsageFault_Handler
                0x08001394        0x2 CMakeFiles/SRM_L1_can.elf.dir/Core/Src/stm32f4xx_it.c.obj
                0x08001394                UsageFault_Handler
 .text.SVC_Handler
                0x08001396        0x2 CMakeFiles/SRM_L1_can.elf.dir/Core/Src/stm32f4xx_it.c.obj
                0x08001396                SVC_Handler
 .text.DebugMon_Handler
                0x08001398        0x2 CMakeFiles/SRM_L1_can.elf.dir/Core/Src/stm32f4xx_it.c.obj
                0x08001398                DebugMon_Handler
 .text.PendSV_Handler
                0x0800139a        0x2 CMakeFiles/SRM_L1_can.elf.dir/Core/Src/stm32f4xx_it.c.obj
                0x0800139a                PendSV_Handler
 .text.SysTick_Handler
                0x0800139c        0x8 CMakeFiles/SRM_L1_can.elf.dir/Core/Src/stm32f4xx_it.c.obj
                0x0800139c                SysTick_Handler
 .text.DMA1_Stream1_IRQHandler
                0x080013a4       0x10 CMakeFiles/SRM_L1_can.elf.dir/Core/Src/stm32f4xx_it.c.obj
                0x080013a4                DMA1_Stream1_IRQHandler
 .text.CAN1_RX0_IRQHandler
                0x080013b4       0x10 CMakeFiles/SRM_L1_can.elf.dir/Core/Src/stm32f4xx_it.c.obj
                0x080013b4                CAN1_RX0_IRQHandler
 .text.USART3_IRQHandler
                0x080013c4       0x10 CMakeFiles/SRM_L1_can.elf.dir/Core/Src/stm32f4xx_it.c.obj
                0x080013c4                USART3_IRQHandler
 .text.CAN2_RX1_IRQHandler
                0x080013d4       0x10 CMakeFiles/SRM_L1_can.elf.dir/Core/Src/stm32f4xx_it.c.obj
                0x080013d4                CAN2_RX1_IRQHandler
 .text.DMA2_Stream7_IRQHandler
                0x080013e4       0x10 CMakeFiles/SRM_L1_can.elf.dir/Core/Src/stm32f4xx_it.c.obj
                0x080013e4                DMA2_Stream7_IRQHandler
 .text.SystemInit
                0x080013f4        0x2 CMakeFiles/SRM_L1_can.elf.dir/Core/Src/system_stm32f4xx.c.obj
                0x080013f4                SystemInit
 *fill*         0x080013f6        0x2 
 .text.MX_USART1_UART_Init
                0x080013f8       0x34 CMakeFiles/SRM_L1_can.elf.dir/Core/Src/usart.c.obj
                0x080013f8                MX_USART1_UART_Init
 .text.MX_USART3_UART_Init
                0x0800142c       0x3c CMakeFiles/SRM_L1_can.elf.dir/Core/Src/usart.c.obj
                0x0800142c                MX_USART3_UART_Init
 .text.MX_USART6_UART_Init
                0x08001468       0x34 CMakeFiles/SRM_L1_can.elf.dir/Core/Src/usart.c.obj
                0x08001468                MX_USART6_UART_Init
 .text.HAL_UART_MspInit
                0x0800149c      0x1e4 CMakeFiles/SRM_L1_can.elf.dir/Core/Src/usart.c.obj
                0x0800149c                HAL_UART_MspInit
 .text.Reset_Handler
                0x08001680       0x50 CMakeFiles/SRM_L1_can.elf.dir/Core/Startup/startup_stm32f407ighx.s.obj
                0x08001680                Reset_Handler
 .text.Default_Handler
                0x080016d0        0x2 CMakeFiles/SRM_L1_can.elf.dir/Core/Startup/startup_stm32f407ighx.s.obj
                0x080016d0                RTC_Alarm_IRQHandler
                0x080016d0                HASH_RNG_IRQHandler
                0x080016d0                EXTI2_IRQHandler
                0x080016d0                TIM8_CC_IRQHandler
                0x080016d0                TIM1_CC_IRQHandler
                0x080016d0                DMA2_Stream5_IRQHandler
                0x080016d0                DMA1_Stream5_IRQHandler
                0x080016d0                PVD_IRQHandler
                0x080016d0                SDIO_IRQHandler
                0x080016d0                TAMP_STAMP_IRQHandler
                0x080016d0                EXTI3_IRQHandler
                0x080016d0                TIM8_TRG_COM_TIM14_IRQHandler
                0x080016d0                TIM1_UP_TIM10_IRQHandler
                0x080016d0                TIM8_UP_TIM13_IRQHandler
                0x080016d0                I2C3_ER_IRQHandler
                0x080016d0                EXTI0_IRQHandler
                0x080016d0                I2C2_EV_IRQHandler
                0x080016d0                DMA1_Stream2_IRQHandler
                0x080016d0                FPU_IRQHandler
                0x080016d0                OTG_HS_WKUP_IRQHandler
                0x080016d0                CAN2_SCE_IRQHandler
                0x080016d0                DMA2_Stream2_IRQHandler
                0x080016d0                SPI1_IRQHandler
                0x080016d0                TIM6_DAC_IRQHandler
                0x080016d0                TIM1_BRK_TIM9_IRQHandler
                0x080016d0                DCMI_IRQHandler
                0x080016d0                CAN2_RX0_IRQHandler
                0x080016d0                DMA2_Stream3_IRQHandler
                0x080016d0                USART6_IRQHandler
                0x080016d0                CAN1_RX1_IRQHandler
                0x080016d0                UART5_IRQHandler
                0x080016d0                DMA2_Stream0_IRQHandler
                0x080016d0                TIM4_IRQHandler
                0x080016d0                I2C1_EV_IRQHandler
                0x080016d0                DMA1_Stream6_IRQHandler
                0x080016d0                UART4_IRQHandler
                0x080016d0                TIM3_IRQHandler
                0x080016d0                RCC_IRQHandler
                0x080016d0                TIM8_BRK_TIM12_IRQHandler
                0x080016d0                Default_Handler
                0x080016d0                EXTI15_10_IRQHandler
                0x080016d0                ADC_IRQHandler
                0x080016d0                DMA1_Stream7_IRQHandler
                0x080016d0                TIM7_IRQHandler
                0x080016d0                CAN2_TX_IRQHandler
                0x080016d0                TIM5_IRQHandler
                0x080016d0                I2C3_EV_IRQHandler
                0x080016d0                EXTI9_5_IRQHandler
                0x080016d0                RTC_WKUP_IRQHandler
                0x080016d0                ETH_WKUP_IRQHandler
                0x080016d0                SPI2_IRQHandler
                0x080016d0                OTG_HS_EP1_IN_IRQHandler
                0x080016d0                DMA1_Stream0_IRQHandler
                0x080016d0                CAN1_TX_IRQHandler
                0x080016d0                EXTI4_IRQHandler
                0x080016d0                FSMC_IRQHandler
                0x080016d0                ETH_IRQHandler
                0x080016d0                OTG_HS_EP1_OUT_IRQHandler
                0x080016d0                WWDG_IRQHandler
                0x080016d0                TIM2_IRQHandler
                0x080016d0                OTG_FS_WKUP_IRQHandler
                0x080016d0                TIM1_TRG_COM_TIM11_IRQHandler
                0x080016d0                OTG_HS_IRQHandler
                0x080016d0                EXTI1_IRQHandler
                0x080016d0                USART2_IRQHandler
                0x080016d0                I2C2_ER_IRQHandler
                0x080016d0                DMA2_Stream1_IRQHandler
                0x080016d0                CAN1_SCE_IRQHandler
                0x080016d0                FLASH_IRQHandler
                0x080016d0                DMA2_Stream4_IRQHandler
                0x080016d0                USART1_IRQHandler
                0x080016d0                OTG_FS_IRQHandler
                0x080016d0                SPI3_IRQHandler
                0x080016d0                DMA1_Stream4_IRQHandler
                0x080016d0                I2C1_ER_IRQHandler
                0x080016d0                DMA2_Stream6_IRQHandler
                0x080016d0                DMA1_Stream3_IRQHandler
 *fill*         0x080016d2        0x2 
 .text.HAL_InitTick
                0x080016d4       0x4c CMakeFiles/SRM_L1_can.elf.dir/Drivers/STM32F4xx_HAL_Driver/Src/stm32f4xx_hal.c.obj
                0x080016d4                HAL_InitTick
 .text.HAL_Init
                0x08001720       0x34 CMakeFiles/SRM_L1_can.elf.dir/Drivers/STM32F4xx_HAL_Driver/Src/stm32f4xx_hal.c.obj
                0x08001720                HAL_Init
 .text.HAL_IncTick
                0x08001754       0x18 CMakeFiles/SRM_L1_can.elf.dir/Drivers/STM32F4xx_HAL_Driver/Src/stm32f4xx_hal.c.obj
                0x08001754                HAL_IncTick
 .text.HAL_GetTick
                0x0800176c        0xc CMakeFiles/SRM_L1_can.elf.dir/Drivers/STM32F4xx_HAL_Driver/Src/stm32f4xx_hal.c.obj
                0x0800176c                HAL_GetTick
 .text.HAL_Delay
                0x08001778       0x28 CMakeFiles/SRM_L1_can.elf.dir/Drivers/STM32F4xx_HAL_Driver/Src/stm32f4xx_hal.c.obj
                0x08001778                HAL_Delay
 .text.HAL_CAN_Init
                0x080017a0      0x14c CMakeFiles/SRM_L1_can.elf.dir/Drivers/STM32F4xx_HAL_Driver/Src/stm32f4xx_hal_can.c.obj
                0x080017a0                HAL_CAN_Init
 .text.HAL_CAN_ConfigFilter
                0x080018ec      0x13c CMakeFiles/SRM_L1_can.elf.dir/Drivers/STM32F4xx_HAL_Driver/Src/stm32f4xx_hal_can.c.obj
                0x080018ec                HAL_CAN_ConfigFilter
 .text.HAL_CAN_Start
                0x08001a28       0x5c CMakeFiles/SRM_L1_can.elf.dir/Drivers/STM32F4xx_HAL_Driver/Src/stm32f4xx_hal_can.c.obj
                0x08001a28                HAL_CAN_Start
 .text.HAL_CAN_AddTxMessage
                0x08001a84       0xea CMakeFiles/SRM_L1_can.elf.dir/Drivers/STM32F4xx_HAL_Driver/Src/stm32f4xx_hal_can.c.obj
                0x08001a84                HAL_CAN_AddTxMessage
 .text.HAL_CAN_GetRxMessage
                0x08001b6e      0x16a CMakeFiles/SRM_L1_can.elf.dir/Drivers/STM32F4xx_HAL_Driver/Src/stm32f4xx_hal_can.c.obj
                0x08001b6e                HAL_CAN_GetRxMessage
 .text.HAL_CAN_ActivateNotification
                0x08001cd8       0x24 CMakeFiles/SRM_L1_can.elf.dir/Drivers/STM32F4xx_HAL_Driver/Src/stm32f4xx_hal_can.c.obj
                0x08001cd8                HAL_CAN_ActivateNotification
 .text.HAL_CAN_TxMailbox0CompleteCallback
                0x08001cfc        0x2 CMakeFiles/SRM_L1_can.elf.dir/Drivers/STM32F4xx_HAL_Driver/Src/stm32f4xx_hal_can.c.obj
                0x08001cfc                HAL_CAN_TxMailbox0CompleteCallback
 .text.HAL_CAN_TxMailbox1CompleteCallback
                0x08001cfe        0x2 CMakeFiles/SRM_L1_can.elf.dir/Drivers/STM32F4xx_HAL_Driver/Src/stm32f4xx_hal_can.c.obj
                0x08001cfe                HAL_CAN_TxMailbox1CompleteCallback
 .text.HAL_CAN_TxMailbox2CompleteCallback
                0x08001d00        0x2 CMakeFiles/SRM_L1_can.elf.dir/Drivers/STM32F4xx_HAL_Driver/Src/stm32f4xx_hal_can.c.obj
                0x08001d00                HAL_CAN_TxMailbox2CompleteCallback
 .text.HAL_CAN_TxMailbox0AbortCallback
                0x08001d02        0x2 CMakeFiles/SRM_L1_can.elf.dir/Drivers/STM32F4xx_HAL_Driver/Src/stm32f4xx_hal_can.c.obj
                0x08001d02                HAL_CAN_TxMailbox0AbortCallback
 .text.HAL_CAN_TxMailbox1AbortCallback
                0x08001d04        0x2 CMakeFiles/SRM_L1_can.elf.dir/Drivers/STM32F4xx_HAL_Driver/Src/stm32f4xx_hal_can.c.obj
                0x08001d04                HAL_CAN_TxMailbox1AbortCallback
 .text.HAL_CAN_TxMailbox2AbortCallback
                0x08001d06        0x2 CMakeFiles/SRM_L1_can.elf.dir/Drivers/STM32F4xx_HAL_Driver/Src/stm32f4xx_hal_can.c.obj
                0x08001d06                HAL_CAN_TxMailbox2AbortCallback
 .text.HAL_CAN_RxFifo0FullCallback
                0x08001d08        0x2 CMakeFiles/SRM_L1_can.elf.dir/Drivers/STM32F4xx_HAL_Driver/Src/stm32f4xx_hal_can.c.obj
                0x08001d08                HAL_CAN_RxFifo0FullCallback
 .text.HAL_CAN_RxFifo1FullCallback
                0x08001d0a        0x2 CMakeFiles/SRM_L1_can.elf.dir/Drivers/STM32F4xx_HAL_Driver/Src/stm32f4xx_hal_can.c.obj
                0x08001d0a                HAL_CAN_RxFifo1FullCallback
 .text.HAL_CAN_SleepCallback
                0x08001d0c        0x2 CMakeFiles/SRM_L1_can.elf.dir/Drivers/STM32F4xx_HAL_Driver/Src/stm32f4xx_hal_can.c.obj
                0x08001d0c                HAL_CAN_SleepCallback
 .text.HAL_CAN_WakeUpFromRxMsgCallback
                0x08001d0e        0x2 CMakeFiles/SRM_L1_can.elf.dir/Drivers/STM32F4xx_HAL_Driver/Src/stm32f4xx_hal_can.c.obj
                0x08001d0e                HAL_CAN_WakeUpFromRxMsgCallback
 .text.HAL_CAN_ErrorCallback
                0x08001d10        0x2 CMakeFiles/SRM_L1_can.elf.dir/Drivers/STM32F4xx_HAL_Driver/Src/stm32f4xx_hal_can.c.obj
                0x08001d10                HAL_CAN_ErrorCallback
 .text.HAL_CAN_IRQHandler
                0x08001d12      0x24a CMakeFiles/SRM_L1_can.elf.dir/Drivers/STM32F4xx_HAL_Driver/Src/stm32f4xx_hal_can.c.obj
                0x08001d12                HAL_CAN_IRQHandler
 .text.HAL_NVIC_SetPriorityGrouping
                0x08001f5c       0x24 CMakeFiles/SRM_L1_can.elf.dir/Drivers/STM32F4xx_HAL_Driver/Src/stm32f4xx_hal_cortex.c.obj
                0x08001f5c                HAL_NVIC_SetPriorityGrouping
 .text.HAL_NVIC_SetPriority
                0x08001f80       0x70 CMakeFiles/SRM_L1_can.elf.dir/Drivers/STM32F4xx_HAL_Driver/Src/stm32f4xx_hal_cortex.c.obj
                0x08001f80                HAL_NVIC_SetPriority
 .text.HAL_NVIC_EnableIRQ
                0x08001ff0       0x1c CMakeFiles/SRM_L1_can.elf.dir/Drivers/STM32F4xx_HAL_Driver/Src/stm32f4xx_hal_cortex.c.obj
                0x08001ff0                HAL_NVIC_EnableIRQ
 .text.HAL_SYSTICK_Config
                0x0800200c       0x28 CMakeFiles/SRM_L1_can.elf.dir/Drivers/STM32F4xx_HAL_Driver/Src/stm32f4xx_hal_cortex.c.obj
                0x0800200c                HAL_SYSTICK_Config
 .text.DMA_CalcBaseAndBitshift
                0x08002034       0x40 CMakeFiles/SRM_L1_can.elf.dir/Drivers/STM32F4xx_HAL_Driver/Src/stm32f4xx_hal_dma.c.obj
 .text.DMA_CheckFifoParam
                0x08002074       0x8e CMakeFiles/SRM_L1_can.elf.dir/Drivers/STM32F4xx_HAL_Driver/Src/stm32f4xx_hal_dma.c.obj
 *fill*         0x08002102        0x2 
 .text.HAL_DMA_Init
                0x08002104       0xcc CMakeFiles/SRM_L1_can.elf.dir/Drivers/STM32F4xx_HAL_Driver/Src/stm32f4xx_hal_dma.c.obj
                0x08002104                HAL_DMA_Init
 .text.HAL_DMA_Abort
                0x080021d0       0x94 CMakeFiles/SRM_L1_can.elf.dir/Drivers/STM32F4xx_HAL_Driver/Src/stm32f4xx_hal_dma.c.obj
                0x080021d0                HAL_DMA_Abort
 .text.HAL_DMA_Abort_IT
                0x08002264       0x26 CMakeFiles/SRM_L1_can.elf.dir/Drivers/STM32F4xx_HAL_Driver/Src/stm32f4xx_hal_dma.c.obj
                0x08002264                HAL_DMA_Abort_IT
 *fill*         0x0800228a        0x2 
 .text.HAL_DMA_IRQHandler
                0x0800228c      0x1dc CMakeFiles/SRM_L1_can.elf.dir/Drivers/STM32F4xx_HAL_Driver/Src/stm32f4xx_hal_dma.c.obj
                0x0800228c                HAL_DMA_IRQHandler
 .text.DMA_MultiBufferSetConfig
                0x08002468       0x22 CMakeFiles/SRM_L1_can.elf.dir/Drivers/STM32F4xx_HAL_Driver/Src/stm32f4xx_hal_dma_ex.c.obj
 *fill*         0x0800248a        0x2 
 .text.HAL_DMAEx_MultiBufferStart_IT
                0x0800248c      0xf00 CMakeFiles/SRM_L1_can.elf.dir/Drivers/STM32F4xx_HAL_Driver/Src/stm32f4xx_hal_dma_ex.c.obj
                0x0800248c                HAL_DMAEx_MultiBufferStart_IT
 .text.HAL_GPIO_Init
                0x0800338c      0x1e4 CMakeFiles/SRM_L1_can.elf.dir/Drivers/STM32F4xx_HAL_Driver/Src/stm32f4xx_hal_gpio.c.obj
                0x0800338c                HAL_GPIO_Init
 .text.HAL_RCC_OscConfig
                0x08003570      0x3f8 CMakeFiles/SRM_L1_can.elf.dir/Drivers/STM32F4xx_HAL_Driver/Src/stm32f4xx_hal_rcc.c.obj
                0x08003570                HAL_RCC_OscConfig
 .text.HAL_RCC_GetSysClockFreq
                0x08003968       0xa4 CMakeFiles/SRM_L1_can.elf.dir/Drivers/STM32F4xx_HAL_Driver/Src/stm32f4xx_hal_rcc.c.obj
                0x08003968                HAL_RCC_GetSysClockFreq
 .text.HAL_RCC_ClockConfig
                0x08003a0c      0x160 CMakeFiles/SRM_L1_can.elf.dir/Drivers/STM32F4xx_HAL_Driver/Src/stm32f4xx_hal_rcc.c.obj
                0x08003a0c                HAL_RCC_ClockConfig
 .text.HAL_RCC_GetHCLKFreq
                0x08003b6c        0xc CMakeFiles/SRM_L1_can.elf.dir/Drivers/STM32F4xx_HAL_Driver/Src/stm32f4xx_hal_rcc.c.obj
                0x08003b6c                HAL_RCC_GetHCLKFreq
 .text.HAL_RCC_GetPCLK1Freq
                0x08003b78       0x20 CMakeFiles/SRM_L1_can.elf.dir/Drivers/STM32F4xx_HAL_Driver/Src/stm32f4xx_hal_rcc.c.obj
                0x08003b78                HAL_RCC_GetPCLK1Freq
 .text.HAL_RCC_GetPCLK2Freq
                0x08003b98       0x20 CMakeFiles/SRM_L1_can.elf.dir/Drivers/STM32F4xx_HAL_Driver/Src/stm32f4xx_hal_rcc.c.obj
                0x08003b98                HAL_RCC_GetPCLK2Freq
 .text.UART_EndRxTransfer
                0x08003bb8       0x5c CMakeFiles/SRM_L1_can.elf.dir/Drivers/STM32F4xx_HAL_Driver/Src/stm32f4xx_hal_uart.c.obj
 .text.UART_Transmit_IT
                0x08003c14       0x60 CMakeFiles/SRM_L1_can.elf.dir/Drivers/STM32F4xx_HAL_Driver/Src/stm32f4xx_hal_uart.c.obj
 .text.UART_SetConfig
                0x08003c74      0x110 CMakeFiles/SRM_L1_can.elf.dir/Drivers/STM32F4xx_HAL_Driver/Src/stm32f4xx_hal_uart.c.obj
 .text.UART_WaitOnFlagUntilTimeout
                0x08003d84       0x8a CMakeFiles/SRM_L1_can.elf.dir/Drivers/STM32F4xx_HAL_Driver/Src/stm32f4xx_hal_uart.c.obj
 .text.HAL_UART_Init
                0x08003e0e       0x60 CMakeFiles/SRM_L1_can.elf.dir/Drivers/STM32F4xx_HAL_Driver/Src/stm32f4xx_hal_uart.c.obj
                0x08003e0e                HAL_UART_Init
 .text.HAL_UART_Transmit
                0x08003e6e       0xcc CMakeFiles/SRM_L1_can.elf.dir/Drivers/STM32F4xx_HAL_Driver/Src/stm32f4xx_hal_uart.c.obj
                0x08003e6e                HAL_UART_Transmit
 .text.HAL_UART_TxCpltCallback
                0x08003f3a        0x2 CMakeFiles/SRM_L1_can.elf.dir/Drivers/STM32F4xx_HAL_Driver/Src/stm32f4xx_hal_uart.c.obj
                0x08003f3a                HAL_UART_TxCpltCallback
 .text.UART_EndTransmit_IT
                0x08003f3c       0x1a CMakeFiles/SRM_L1_can.elf.dir/Drivers/STM32F4xx_HAL_Driver/Src/stm32f4xx_hal_uart.c.obj
 .text.HAL_UART_RxCpltCallback
                0x08003f56        0x2 CMakeFiles/SRM_L1_can.elf.dir/Drivers/STM32F4xx_HAL_Driver/Src/stm32f4xx_hal_uart.c.obj
                0x08003f56                HAL_UART_RxCpltCallback
 .text.HAL_UART_ErrorCallback
                0x08003f58        0x2 CMakeFiles/SRM_L1_can.elf.dir/Drivers/STM32F4xx_HAL_Driver/Src/stm32f4xx_hal_uart.c.obj
                0x08003f58                HAL_UART_ErrorCallback
 .text.UART_DMAAbortOnError
                0x08003f5a       0x10 CMakeFiles/SRM_L1_can.elf.dir/Drivers/STM32F4xx_HAL_Driver/Src/stm32f4xx_hal_uart.c.obj
 .text.HAL_UARTEx_RxEventCallback
                0x08003f6a        0x2 CMakeFiles/SRM_L1_can.elf.dir/Drivers/STM32F4xx_HAL_Driver/Src/stm32f4xx_hal_uart.c.obj
                0x08003f6a                HAL_UARTEx_RxEventCallback
 .text.UART_Receive_IT
                0x08003f6c       0xe6 CMakeFiles/SRM_L1_can.elf.dir/Drivers/STM32F4xx_HAL_Driver/Src/stm32f4xx_hal_uart.c.obj
 *fill*         0x08004052        0x2 
 .text.HAL_UART_IRQHandler
                0x08004054      0x288 CMakeFiles/SRM_L1_can.elf.dir/Drivers/STM32F4xx_HAL_Driver/Src/stm32f4xx_hal_uart.c.obj
                0x08004054                HAL_UART_IRQHandler
 .text.__libc_init_array
                0x080042dc       0x48 g:/stm32cube/gcc-arm-none-eabi-10.3-2021.10/bin/../lib/gcc/arm-none-eabi/10.3.1/../../../../arm-none-eabi/lib/thumb/v7e-m/nofp\libg.a(lib_a-init.o)
                0x080042dc                __libc_init_array
 .text.memset   0x08004324       0xa4 g:/stm32cube/gcc-arm-none-eabi-10.3-2021.10/bin/../lib/gcc/arm-none-eabi/10.3.1/../../../../arm-none-eabi/lib/thumb/v7e-m/nofp\libg.a(lib_a-memset.o)
                0x08004324                memset
 .text.startup.register_fini
                0x080043c8       0x14 g:/stm32cube/gcc-arm-none-eabi-10.3-2021.10/bin/../lib/gcc/arm-none-eabi/10.3.1/../../../../arm-none-eabi/lib/thumb/v7e-m/nofp\libg.a(lib_a-__call_atexit.o)
 .text.atexit   0x080043dc        0xc g:/stm32cube/gcc-arm-none-eabi-10.3-2021.10/bin/../lib/gcc/arm-none-eabi/10.3.1/../../../../arm-none-eabi/lib/thumb/v7e-m/nofp\libg.a(lib_a-atexit.o)
                0x080043dc                atexit
 .text.__libc_fini_array
                0x080043e8       0x2c g:/stm32cube/gcc-arm-none-eabi-10.3-2021.10/bin/../lib/gcc/arm-none-eabi/10.3.1/../../../../arm-none-eabi/lib/thumb/v7e-m/nofp\libg.a(lib_a-fini.o)
                0x080043e8                __libc_fini_array
 .text.__retarget_lock_acquire_recursive
                0x08004414        0x4 g:/stm32cube/gcc-arm-none-eabi-10.3-2021.10/bin/../lib/gcc/arm-none-eabi/10.3.1/../../../../arm-none-eabi/lib/thumb/v7e-m/nofp\libg.a(lib_a-lock.o)
                0x08004414                __retarget_lock_acquire_recursive
 .text.__retarget_lock_release_recursive
                0x08004418        0x4 g:/stm32cube/gcc-arm-none-eabi-10.3-2021.10/bin/../lib/gcc/arm-none-eabi/10.3.1/../../../../arm-none-eabi/lib/thumb/v7e-m/nofp\libg.a(lib_a-lock.o)
                0x08004418                __retarget_lock_release_recursive
 .text.__register_exitproc
                0x0800441c       0x8c g:/stm32cube/gcc-arm-none-eabi-10.3-2021.10/bin/../lib/gcc/arm-none-eabi/10.3.1/../../../../arm-none-eabi/lib/thumb/v7e-m/nofp\libg.a(lib_a-__atexit.o)
                0x0800441c                __register_exitproc
 *(.glue_7)
 .glue_7        0x080044a8        0x0 linker stubs
 *(.glue_7t)
 .glue_7t       0x080044a8        0x0 linker stubs
 *(.eh_frame)
 .eh_frame      0x080044a8        0x0 g:/stm32cube/gcc-arm-none-eabi-10.3-2021.10/bin/../lib/gcc/arm-none-eabi/10.3.1/thumb/v7e-m/nofp/crtbegin.o
 *(.init)
 .init          0x080044a8        0x4 g:/stm32cube/gcc-arm-none-eabi-10.3-2021.10/bin/../lib/gcc/arm-none-eabi/10.3.1/thumb/v7e-m/nofp/crti.o
                0x080044a8                _init
 .init          0x080044ac        0x8 g:/stm32cube/gcc-arm-none-eabi-10.3-2021.10/bin/../lib/gcc/arm-none-eabi/10.3.1/thumb/v7e-m/nofp/crtn.o
 *(.fini)
 .fini          0x080044b4        0x4 g:/stm32cube/gcc-arm-none-eabi-10.3-2021.10/bin/../lib/gcc/arm-none-eabi/10.3.1/thumb/v7e-m/nofp/crti.o
                0x080044b4                _fini
 .fini          0x080044b8        0x8 g:/stm32cube/gcc-arm-none-eabi-10.3-2021.10/bin/../lib/gcc/arm-none-eabi/10.3.1/thumb/v7e-m/nofp/crtn.o
                0x080044c0                . = ALIGN (0x4)
                0x080044c0                _etext = .

.vfp11_veneer   0x080044c0        0x0
 .vfp11_veneer  0x080044c0        0x0 linker stubs

.v4_bx          0x080044c0        0x0
 .v4_bx         0x080044c0        0x0 linker stubs

.iplt           0x080044c0        0x0
 .iplt          0x080044c0        0x0 g:/stm32cube/gcc-arm-none-eabi-10.3-2021.10/bin/../lib/gcc/arm-none-eabi/10.3.1/thumb/v7e-m/nofp/crtbegin.o

.rodata         0x080044c0       0x24
                0x080044c0                . = ALIGN (0x4)
 *(.rodata)
 *(.rodata*)
 .rodata.AHBPrescTable
                0x080044c0       0x10 CMakeFiles/SRM_L1_can.elf.dir/Core/Src/system_stm32f4xx.c.obj
                0x080044c0                AHBPrescTable
 .rodata.APBPrescTable
                0x080044d0        0x8 CMakeFiles/SRM_L1_can.elf.dir/Core/Src/system_stm32f4xx.c.obj
                0x080044d0                APBPrescTable
 .rodata.flagBitshiftOffset.0
                0x080044d8        0x8 CMakeFiles/SRM_L1_can.elf.dir/Drivers/STM32F4xx_HAL_Driver/Src/stm32f4xx_hal_dma.c.obj
 .rodata._global_impure_ptr
                0x080044e0        0x4 g:/stm32cube/gcc-arm-none-eabi-10.3-2021.10/bin/../lib/gcc/arm-none-eabi/10.3.1/../../../../arm-none-eabi/lib/thumb/v7e-m/nofp\libg.a(lib_a-impure.o)
                0x080044e0                _global_impure_ptr
                0x080044e4                . = ALIGN (0x4)

.ARM.extab      0x080044e4        0x0
                0x080044e4                . = ALIGN (0x4)
 *(.ARM.extab* .gnu.linkonce.armextab.*)
                0x080044e4                . = ALIGN (0x4)

.ARM            0x080044e4        0x8
                0x080044e4                . = ALIGN (0x4)
                0x080044e4                __exidx_start = .
 *(.ARM.exidx*)
 .ARM.exidx     0x080044e4        0x8 g:/stm32cube/gcc-arm-none-eabi-10.3-2021.10/bin/../lib/gcc/arm-none-eabi/10.3.1/thumb/v7e-m/nofp\libgcc.a(_udivmoddi4.o)
                0x080044ec                __exidx_end = .
                0x080044ec                . = ALIGN (0x4)

.rel.dyn        0x080044ec        0x0
 .rel.iplt      0x080044ec        0x0 g:/stm32cube/gcc-arm-none-eabi-10.3-2021.10/bin/../lib/gcc/arm-none-eabi/10.3.1/thumb/v7e-m/nofp/crtbegin.o

.preinit_array  0x080044ec        0x0
                0x080044ec                . = ALIGN (0x4)
                0x080044ec                PROVIDE (__preinit_array_start = .)
 *(.preinit_array*)
                0x080044ec                PROVIDE (__preinit_array_end = .)
                0x080044ec                . = ALIGN (0x4)

.init_array     0x080044ec        0x8
                0x080044ec                . = ALIGN (0x4)
                0x080044ec                PROVIDE (__init_array_start = .)
 *(SORT_BY_NAME(.init_array.*))
 .init_array.00000
                0x080044ec        0x4 g:/stm32cube/gcc-arm-none-eabi-10.3-2021.10/bin/../lib/gcc/arm-none-eabi/10.3.1/../../../../arm-none-eabi/lib/thumb/v7e-m/nofp\libg.a(lib_a-__call_atexit.o)
 *(.init_array*)
 .init_array    0x080044f0        0x4 g:/stm32cube/gcc-arm-none-eabi-10.3-2021.10/bin/../lib/gcc/arm-none-eabi/10.3.1/thumb/v7e-m/nofp/crtbegin.o
                0x080044f4                PROVIDE (__init_array_end = .)
                0x080044f4                . = ALIGN (0x4)

.fini_array     0x080044f4        0x4
                0x080044f4                . = ALIGN (0x4)
                0x080044f4                PROVIDE (__fini_array_start = .)
 *(SORT_BY_NAME(.fini_array.*))
 *(.fini_array*)
 .fini_array    0x080044f4        0x4 g:/stm32cube/gcc-arm-none-eabi-10.3-2021.10/bin/../lib/gcc/arm-none-eabi/10.3.1/thumb/v7e-m/nofp/crtbegin.o
                0x080044f8                PROVIDE (__fini_array_end = .)
                0x080044f8                . = ALIGN (0x4)
                0x080044f8                _sidata = LOADADDR (.data)

.data           0x20000000      0x43c load address 0x080044f8
                0x20000000                . = ALIGN (0x4)
                0x20000000                _sdata = .
 *(.data)
 *(.data*)
 .data.SystemCoreClock
                0x20000000        0x4 CMakeFiles/SRM_L1_can.elf.dir/Core/Src/system_stm32f4xx.c.obj
                0x20000000                SystemCoreClock
 .data.uwTickFreq
                0x20000004        0x1 CMakeFiles/SRM_L1_can.elf.dir/Drivers/STM32F4xx_HAL_Driver/Src/stm32f4xx_hal.c.obj
                0x20000004                uwTickFreq
 *fill*         0x20000005        0x3 
 .data.uwTickPrio
                0x20000008        0x4 CMakeFiles/SRM_L1_can.elf.dir/Drivers/STM32F4xx_HAL_Driver/Src/stm32f4xx_hal.c.obj
                0x20000008                uwTickPrio
 *fill*         0x2000000c        0x4 
 .data.impure_data
                0x20000010      0x428 g:/stm32cube/gcc-arm-none-eabi-10.3-2021.10/bin/../lib/gcc/arm-none-eabi/10.3.1/../../../../arm-none-eabi/lib/thumb/v7e-m/nofp\libg.a(lib_a-impure.o)
 .data.__atexit_recursive_mutex
                0x20000438        0x4 g:/stm32cube/gcc-arm-none-eabi-10.3-2021.10/bin/../lib/gcc/arm-none-eabi/10.3.1/../../../../arm-none-eabi/lib/thumb/v7e-m/nofp\libg.a(lib_a-__call_atexit.o)
                0x20000438                __atexit_recursive_mutex
 *(.RamFunc)
 *(.RamFunc*)
                0x2000043c                . = ALIGN (0x4)
                0x2000043c                _edata = .
                0x08004934                _siccmram = LOADADDR (.ccmram)

.igot.plt       0x2000043c        0x0 load address 0x08004934
 .igot.plt      0x2000043c        0x0 g:/stm32cube/gcc-arm-none-eabi-10.3-2021.10/bin/../lib/gcc/arm-none-eabi/10.3.1/thumb/v7e-m/nofp/crtbegin.o

.ccmram         0x10000000        0x0 load address 0x08004934
                0x10000000                . = ALIGN (0x4)
                0x10000000                _sccmram = .
 *(.ccmram)
 *(.ccmram*)
                0x10000000                . = ALIGN (0x4)
                0x10000000                _eccmram = .
                0x10000000                . = ALIGN (0x4)

.bss            0x20000440      0x2e8
                0x20000440                _sbss = .
                0x20000440                __bss_start__ = _sbss
 *(.bss)
 .bss           0x20000440       0x1c g:/stm32cube/gcc-arm-none-eabi-10.3-2021.10/bin/../lib/gcc/arm-none-eabi/10.3.1/thumb/v7e-m/nofp/crtbegin.o
 *(.bss*)
 .bss.HAL_RCC_CAN1_CLK_ENABLED
                0x2000045c        0x4 CMakeFiles/SRM_L1_can.elf.dir/Core/Src/can.c.obj
 .bss.hcan1     0x20000460       0x28 CMakeFiles/SRM_L1_can.elf.dir/Core/Src/can.c.obj
                0x20000460                hcan1
 .bss.hcan2     0x20000488       0x28 CMakeFiles/SRM_L1_can.elf.dir/Core/Src/can.c.obj
                0x20000488                hcan2
 .bss.Rx1Message
                0x200004b0       0x1c CMakeFiles/SRM_L1_can.elf.dir/Core/Src/can_receive.c.obj
                0x200004b0                Rx1Message
 .bss.Tx1Message
                0x200004cc       0x18 CMakeFiles/SRM_L1_can.elf.dir/Core/Src/can_receive.c.obj
                0x200004cc                Tx1Message
 .bss.TxData.0  0x200004e4        0x8 CMakeFiles/SRM_L1_can.elf.dir/Core/Src/can_receive.c.obj
 .bss.motor_fric
                0x200004ec       0x28 CMakeFiles/SRM_L1_can.elf.dir/Core/Src/can_receive.c.obj
                0x200004ec                motor_fric
 *fill*         0x20000514        0x4 
 .bss.motor_supply
                0x20000518       0x18 CMakeFiles/SRM_L1_can.elf.dir/Core/Src/can_receive.c.obj
                0x20000518                motor_supply
 .bss.motor_yaw
                0x20000530       0x18 CMakeFiles/SRM_L1_can.elf.dir/Core/Src/can_receive.c.obj
                0x20000530                motor_yaw
 .bss.pTxMailbox
                0x20000548        0x4 CMakeFiles/SRM_L1_can.elf.dir/Core/Src/can_receive.c.obj
                0x20000548                pTxMailbox
 .bss.rc_ctrl   0x2000054c       0x16 CMakeFiles/SRM_L1_can.elf.dir/Core/Src/remote.c.obj
                0x2000054c                rc_ctrl
 *fill*         0x20000562        0x2 
 .bss.teleData_Rx
                0x20000564       0x24 CMakeFiles/SRM_L1_can.elf.dir/Core/Src/remote.c.obj
                0x20000564                teleData_Rx
 .bss.hdma_usart1_tx
                0x20000588       0x60 CMakeFiles/SRM_L1_can.elf.dir/Core/Src/usart.c.obj
                0x20000588                hdma_usart1_tx
 .bss.hdma_usart3_rx
                0x200005e8       0x60 CMakeFiles/SRM_L1_can.elf.dir/Core/Src/usart.c.obj
                0x200005e8                hdma_usart3_rx
 .bss.huart1    0x20000648       0x48 CMakeFiles/SRM_L1_can.elf.dir/Core/Src/usart.c.obj
                0x20000648                huart1
 .bss.huart3    0x20000690       0x48 CMakeFiles/SRM_L1_can.elf.dir/Core/Src/usart.c.obj
                0x20000690                huart3
 .bss.huart6    0x200006d8       0x48 CMakeFiles/SRM_L1_can.elf.dir/Core/Src/usart.c.obj
                0x200006d8                huart6
 .bss.uwTick    0x20000720        0x4 CMakeFiles/SRM_L1_can.elf.dir/Drivers/STM32F4xx_HAL_Driver/Src/stm32f4xx_hal.c.obj
                0x20000720                uwTick
 .bss.__lock___atexit_recursive_mutex
                0x20000724        0x1 g:/stm32cube/gcc-arm-none-eabi-10.3-2021.10/bin/../lib/gcc/arm-none-eabi/10.3.1/../../../../arm-none-eabi/lib/thumb/v7e-m/nofp\libg.a(lib_a-lock.o)
                0x20000724                __lock___atexit_recursive_mutex
 *(COMMON)
                0x20000728                . = ALIGN (0x4)
 *fill*         0x20000725        0x3 
                0x20000728                _ebss = .
                0x20000728                __bss_end__ = _ebss

._user_heap_stack
                0x20000728      0x600
                0x20000728                . = ALIGN (0x8)
                [!provide]                PROVIDE (end = .)
                0x20000728                PROVIDE (_end = .)
                0x20000928                . = (. + _Min_Heap_Size)
 *fill*         0x20000728      0x200 
                0x20000d28                . = (. + _Min_Stack_Size)
 *fill*         0x20000928      0x400 
                0x20000d28                . = ALIGN (0x8)

/DISCARD/
 libc.a(*)
 libm.a(*)
 libgcc.a(*)

.ARM.attributes
                0x00000000       0x2a
 *(.ARM.attributes)
 .ARM.attributes
                0x00000000       0x1e g:/stm32cube/gcc-arm-none-eabi-10.3-2021.10/bin/../lib/gcc/arm-none-eabi/10.3.1/thumb/v7e-m/nofp/crti.o
 .ARM.attributes
                0x0000001e       0x2e g:/stm32cube/gcc-arm-none-eabi-10.3-2021.10/bin/../lib/gcc/arm-none-eabi/10.3.1/thumb/v7e-m/nofp/crtbegin.o
 .ARM.attributes
                0x0000004c       0x2e CMakeFiles/SRM_L1_can.elf.dir/Core/Src/can.c.obj
 .ARM.attributes
                0x0000007a       0x2e CMakeFiles/SRM_L1_can.elf.dir/Core/Src/can_receive.c.obj
 .ARM.attributes
                0x000000a8       0x2e CMakeFiles/SRM_L1_can.elf.dir/Core/Src/dma.c.obj
 .ARM.attributes
                0x000000d6       0x2e CMakeFiles/SRM_L1_can.elf.dir/Core/Src/gpio.c.obj
 .ARM.attributes
                0x00000104       0x2e CMakeFiles/SRM_L1_can.elf.dir/Core/Src/io.c.obj
 .ARM.attributes
                0x00000132       0x2e CMakeFiles/SRM_L1_can.elf.dir/Core/Src/main.c.obj
 .ARM.attributes
                0x00000160       0x2e CMakeFiles/SRM_L1_can.elf.dir/Core/Src/pid.c.obj
 .ARM.attributes
                0x0000018e       0x2e CMakeFiles/SRM_L1_can.elf.dir/Core/Src/remote.c.obj
 .ARM.attributes
                0x000001bc       0x2e CMakeFiles/SRM_L1_can.elf.dir/Core/Src/stm32f4xx_hal_msp.c.obj
 .ARM.attributes
                0x000001ea       0x2e CMakeFiles/SRM_L1_can.elf.dir/Core/Src/stm32f4xx_it.c.obj
 .ARM.attributes
                0x00000218       0x2e CMakeFiles/SRM_L1_can.elf.dir/Core/Src/system_stm32f4xx.c.obj
 .ARM.attributes
                0x00000246       0x2e CMakeFiles/SRM_L1_can.elf.dir/Core/Src/usart.c.obj
 .ARM.attributes
                0x00000274       0x21 CMakeFiles/SRM_L1_can.elf.dir/Core/Startup/startup_stm32f407ighx.s.obj
 .ARM.attributes
                0x00000295       0x2e CMakeFiles/SRM_L1_can.elf.dir/Drivers/STM32F4xx_HAL_Driver/Src/stm32f4xx_hal.c.obj
 .ARM.attributes
                0x000002c3       0x2e CMakeFiles/SRM_L1_can.elf.dir/Drivers/STM32F4xx_HAL_Driver/Src/stm32f4xx_hal_can.c.obj
 .ARM.attributes
                0x000002f1       0x2e CMakeFiles/SRM_L1_can.elf.dir/Drivers/STM32F4xx_HAL_Driver/Src/stm32f4xx_hal_cortex.c.obj
 .ARM.attributes
                0x0000031f       0x2e CMakeFiles/SRM_L1_can.elf.dir/Drivers/STM32F4xx_HAL_Driver/Src/stm32f4xx_hal_dma.c.obj
 .ARM.attributes
                0x0000034d       0x2e CMakeFiles/SRM_L1_can.elf.dir/Drivers/STM32F4xx_HAL_Driver/Src/stm32f4xx_hal_dma_ex.c.obj
 .ARM.attributes
                0x0000037b       0x2e CMakeFiles/SRM_L1_can.elf.dir/Drivers/STM32F4xx_HAL_Driver/Src/stm32f4xx_hal_gpio.c.obj
 .ARM.attributes
                0x000003a9       0x2e CMakeFiles/SRM_L1_can.elf.dir/Drivers/STM32F4xx_HAL_Driver/Src/stm32f4xx_hal_rcc.c.obj
 .ARM.attributes
                0x000003d7       0x2e CMakeFiles/SRM_L1_can.elf.dir/Drivers/STM32F4xx_HAL_Driver/Src/stm32f4xx_hal_uart.c.obj
 .ARM.attributes
                0x00000405       0x1e g:/stm32cube/gcc-arm-none-eabi-10.3-2021.10/bin/../lib/gcc/arm-none-eabi/10.3.1/thumb/v7e-m/nofp\libgcc.a(_arm_mulsf3.o)
 .ARM.attributes
                0x00000423       0x1e g:/stm32cube/gcc-arm-none-eabi-10.3-2021.10/bin/../lib/gcc/arm-none-eabi/10.3.1/thumb/v7e-m/nofp\libgcc.a(_arm_addsubsf3.o)
 .ARM.attributes
                0x00000441       0x1e g:/stm32cube/gcc-arm-none-eabi-10.3-2021.10/bin/../lib/gcc/arm-none-eabi/10.3.1/thumb/v7e-m/nofp\libgcc.a(_arm_cmpsf2.o)
 .ARM.attributes
                0x0000045f       0x1e g:/stm32cube/gcc-arm-none-eabi-10.3-2021.10/bin/../lib/gcc/arm-none-eabi/10.3.1/thumb/v7e-m/nofp\libgcc.a(_arm_fixsfsi.o)
 .ARM.attributes
                0x0000047d       0x1e g:/stm32cube/gcc-arm-none-eabi-10.3-2021.10/bin/../lib/gcc/arm-none-eabi/10.3.1/thumb/v7e-m/nofp\libgcc.a(_aeabi_uldivmod.o)
 .ARM.attributes
                0x0000049b       0x2e g:/stm32cube/gcc-arm-none-eabi-10.3-2021.10/bin/../lib/gcc/arm-none-eabi/10.3.1/thumb/v7e-m/nofp\libgcc.a(_udivmoddi4.o)
 .ARM.attributes
                0x000004c9       0x1e g:/stm32cube/gcc-arm-none-eabi-10.3-2021.10/bin/../lib/gcc/arm-none-eabi/10.3.1/thumb/v7e-m/nofp\libgcc.a(_dvmd_tls.o)
 .ARM.attributes
                0x000004e7       0x2e g:/stm32cube/gcc-arm-none-eabi-10.3-2021.10/bin/../lib/gcc/arm-none-eabi/10.3.1/../../../../arm-none-eabi/lib/thumb/v7e-m/nofp\libg.a(lib_a-impure.o)
 .ARM.attributes
                0x00000515       0x2e g:/stm32cube/gcc-arm-none-eabi-10.3-2021.10/bin/../lib/gcc/arm-none-eabi/10.3.1/../../../../arm-none-eabi/lib/thumb/v7e-m/nofp\libg.a(lib_a-init.o)
 .ARM.attributes
                0x00000543       0x2e g:/stm32cube/gcc-arm-none-eabi-10.3-2021.10/bin/../lib/gcc/arm-none-eabi/10.3.1/../../../../arm-none-eabi/lib/thumb/v7e-m/nofp\libg.a(lib_a-memset.o)
 .ARM.attributes
                0x00000571       0x2e g:/stm32cube/gcc-arm-none-eabi-10.3-2021.10/bin/../lib/gcc/arm-none-eabi/10.3.1/../../../../arm-none-eabi/lib/thumb/v7e-m/nofp\libg.a(lib_a-__call_atexit.o)
 .ARM.attributes
                0x0000059f       0x2e g:/stm32cube/gcc-arm-none-eabi-10.3-2021.10/bin/../lib/gcc/arm-none-eabi/10.3.1/../../../../arm-none-eabi/lib/thumb/v7e-m/nofp\libg.a(lib_a-atexit.o)
 .ARM.attributes
                0x000005cd       0x2e g:/stm32cube/gcc-arm-none-eabi-10.3-2021.10/bin/../lib/gcc/arm-none-eabi/10.3.1/../../../../arm-none-eabi/lib/thumb/v7e-m/nofp\libg.a(lib_a-fini.o)
 .ARM.attributes
                0x000005fb       0x2e g:/stm32cube/gcc-arm-none-eabi-10.3-2021.10/bin/../lib/gcc/arm-none-eabi/10.3.1/../../../../arm-none-eabi/lib/thumb/v7e-m/nofp\libg.a(lib_a-lock.o)
 .ARM.attributes
                0x00000629       0x2e g:/stm32cube/gcc-arm-none-eabi-10.3-2021.10/bin/../lib/gcc/arm-none-eabi/10.3.1/../../../../arm-none-eabi/lib/thumb/v7e-m/nofp\libg.a(lib_a-__atexit.o)
 .ARM.attributes
                0x00000657       0x1e g:/stm32cube/gcc-arm-none-eabi-10.3-2021.10/bin/../lib/gcc/arm-none-eabi/10.3.1/thumb/v7e-m/nofp/crtn.o
OUTPUT(SRM_L1_can.elf elf32-littlearm)
LOAD linker stubs
LOAD g:/stm32cube/gcc-arm-none-eabi-10.3-2021.10/bin/../lib/gcc/arm-none-eabi/10.3.1/../../../../arm-none-eabi/lib/thumb/v7e-m/nofp\libc.a
LOAD g:/stm32cube/gcc-arm-none-eabi-10.3-2021.10/bin/../lib/gcc/arm-none-eabi/10.3.1/../../../../arm-none-eabi/lib/thumb/v7e-m/nofp\libm.a
LOAD g:/stm32cube/gcc-arm-none-eabi-10.3-2021.10/bin/../lib/gcc/arm-none-eabi/10.3.1/thumb/v7e-m/nofp\libgcc.a

.debug_info     0x00000000     0xf50d
 .debug_info    0x00000000      0xcb1 CMakeFiles/SRM_L1_can.elf.dir/Core/Src/can.c.obj
 .debug_info    0x00000cb1      0xd5c CMakeFiles/SRM_L1_can.elf.dir/Core/Src/can_receive.c.obj
 .debug_info    0x00001a0d      0x54d CMakeFiles/SRM_L1_can.elf.dir/Core/Src/dma.c.obj
 .debug_info    0x00001f5a      0x318 CMakeFiles/SRM_L1_can.elf.dir/Core/Src/gpio.c.obj
 .debug_info    0x00002272      0x96a CMakeFiles/SRM_L1_can.elf.dir/Core/Src/io.c.obj
 .debug_info    0x00002bdc     0x1010 CMakeFiles/SRM_L1_can.elf.dir/Core/Src/main.c.obj
 .debug_info    0x00003bec      0x33b CMakeFiles/SRM_L1_can.elf.dir/Core/Src/pid.c.obj
 .debug_info    0x00003f27      0x2c5 CMakeFiles/SRM_L1_can.elf.dir/Core/Src/remote.c.obj
 .debug_info    0x000041ec      0x2a4 CMakeFiles/SRM_L1_can.elf.dir/Core/Src/stm32f4xx_hal_msp.c.obj
 .debug_info    0x00004490      0xb36 CMakeFiles/SRM_L1_can.elf.dir/Core/Src/stm32f4xx_it.c.obj
 .debug_info    0x00004fc6      0x37d CMakeFiles/SRM_L1_can.elf.dir/Core/Src/system_stm32f4xx.c.obj
 .debug_info    0x00005343      0xef5 CMakeFiles/SRM_L1_can.elf.dir/Core/Src/usart.c.obj
 .debug_info    0x00006238       0x22 CMakeFiles/SRM_L1_can.elf.dir/Core/Startup/startup_stm32f407ighx.s.obj
 .debug_info    0x0000625a      0x9f0 CMakeFiles/SRM_L1_can.elf.dir/Drivers/STM32F4xx_HAL_Driver/Src/stm32f4xx_hal.c.obj
 .debug_info    0x00006c4a     0x12b8 CMakeFiles/SRM_L1_can.elf.dir/Drivers/STM32F4xx_HAL_Driver/Src/stm32f4xx_hal_can.c.obj
 .debug_info    0x00007f02     0x10de CMakeFiles/SRM_L1_can.elf.dir/Drivers/STM32F4xx_HAL_Driver/Src/stm32f4xx_hal_cortex.c.obj
 .debug_info    0x00008fe0      0xb3f CMakeFiles/SRM_L1_can.elf.dir/Drivers/STM32F4xx_HAL_Driver/Src/stm32f4xx_hal_dma.c.obj
 .debug_info    0x00009b1f      0x5ac CMakeFiles/SRM_L1_can.elf.dir/Drivers/STM32F4xx_HAL_Driver/Src/stm32f4xx_hal_dma_ex.c.obj
 .debug_info    0x0000a0cb      0x7b0 CMakeFiles/SRM_L1_can.elf.dir/Drivers/STM32F4xx_HAL_Driver/Src/stm32f4xx_hal_gpio.c.obj
 .debug_info    0x0000a87b      0xb03 CMakeFiles/SRM_L1_can.elf.dir/Drivers/STM32F4xx_HAL_Driver/Src/stm32f4xx_hal_rcc.c.obj
 .debug_info    0x0000b37e     0x418f CMakeFiles/SRM_L1_can.elf.dir/Drivers/STM32F4xx_HAL_Driver/Src/stm32f4xx_hal_uart.c.obj

.debug_abbrev   0x00000000     0x2737
 .debug_abbrev  0x00000000      0x1e5 CMakeFiles/SRM_L1_can.elf.dir/Core/Src/can.c.obj
 .debug_abbrev  0x000001e5      0x316 CMakeFiles/SRM_L1_can.elf.dir/Core/Src/can_receive.c.obj
 .debug_abbrev  0x000004fb      0x126 CMakeFiles/SRM_L1_can.elf.dir/Core/Src/dma.c.obj
 .debug_abbrev  0x00000621       0xd1 CMakeFiles/SRM_L1_can.elf.dir/Core/Src/gpio.c.obj
 .debug_abbrev  0x000006f2      0x1f5 CMakeFiles/SRM_L1_can.elf.dir/Core/Src/io.c.obj
 .debug_abbrev  0x000008e7      0x24b CMakeFiles/SRM_L1_can.elf.dir/Core/Src/main.c.obj
 .debug_abbrev  0x00000b32      0x121 CMakeFiles/SRM_L1_can.elf.dir/Core/Src/pid.c.obj
 .debug_abbrev  0x00000c53      0x15d CMakeFiles/SRM_L1_can.elf.dir/Core/Src/remote.c.obj
 .debug_abbrev  0x00000db0       0xd1 CMakeFiles/SRM_L1_can.elf.dir/Core/Src/stm32f4xx_hal_msp.c.obj
 .debug_abbrev  0x00000e81      0x1de CMakeFiles/SRM_L1_can.elf.dir/Core/Src/stm32f4xx_it.c.obj
 .debug_abbrev  0x0000105f      0x119 CMakeFiles/SRM_L1_can.elf.dir/Core/Src/system_stm32f4xx.c.obj
 .debug_abbrev  0x00001178      0x1f6 CMakeFiles/SRM_L1_can.elf.dir/Core/Src/usart.c.obj
 .debug_abbrev  0x0000136e       0x12 CMakeFiles/SRM_L1_can.elf.dir/Core/Startup/startup_stm32f407ighx.s.obj
 .debug_abbrev  0x00001380      0x206 CMakeFiles/SRM_L1_can.elf.dir/Drivers/STM32F4xx_HAL_Driver/Src/stm32f4xx_hal.c.obj
 .debug_abbrev  0x00001586      0x262 CMakeFiles/SRM_L1_can.elf.dir/Drivers/STM32F4xx_HAL_Driver/Src/stm32f4xx_hal_can.c.obj
 .debug_abbrev  0x000017e8      0x361 CMakeFiles/SRM_L1_can.elf.dir/Drivers/STM32F4xx_HAL_Driver/Src/stm32f4xx_hal_cortex.c.obj
 .debug_abbrev  0x00001b49      0x2c2 CMakeFiles/SRM_L1_can.elf.dir/Drivers/STM32F4xx_HAL_Driver/Src/stm32f4xx_hal_dma.c.obj
 .debug_abbrev  0x00001e0b      0x1b6 CMakeFiles/SRM_L1_can.elf.dir/Drivers/STM32F4xx_HAL_Driver/Src/stm32f4xx_hal_dma_ex.c.obj
 .debug_abbrev  0x00001fc1      0x1ef CMakeFiles/SRM_L1_can.elf.dir/Drivers/STM32F4xx_HAL_Driver/Src/stm32f4xx_hal_gpio.c.obj
 .debug_abbrev  0x000021b0      0x28a CMakeFiles/SRM_L1_can.elf.dir/Drivers/STM32F4xx_HAL_Driver/Src/stm32f4xx_hal_rcc.c.obj
 .debug_abbrev  0x0000243a      0x2fd CMakeFiles/SRM_L1_can.elf.dir/Drivers/STM32F4xx_HAL_Driver/Src/stm32f4xx_hal_uart.c.obj

.debug_loc      0x00000000     0x8185
 .debug_loc     0x00000000       0xcb CMakeFiles/SRM_L1_can.elf.dir/Core/Src/can.c.obj
 .debug_loc     0x000000cb      0x2e5 CMakeFiles/SRM_L1_can.elf.dir/Core/Src/can_receive.c.obj
 .debug_loc     0x000003b0      0x1ac CMakeFiles/SRM_L1_can.elf.dir/Core/Src/io.c.obj
 .debug_loc     0x0000055c       0xf3 CMakeFiles/SRM_L1_can.elf.dir/Core/Src/main.c.obj
 .debug_loc     0x0000064f       0xdc CMakeFiles/SRM_L1_can.elf.dir/Core/Src/pid.c.obj
 .debug_loc     0x0000072b       0x25 CMakeFiles/SRM_L1_can.elf.dir/Core/Src/remote.c.obj
 .debug_loc     0x00000750      0x158 CMakeFiles/SRM_L1_can.elf.dir/Core/Src/system_stm32f4xx.c.obj
 .debug_loc     0x000008a8       0xe0 CMakeFiles/SRM_L1_can.elf.dir/Core/Src/usart.c.obj
 .debug_loc     0x00000988      0x141 CMakeFiles/SRM_L1_can.elf.dir/Drivers/STM32F4xx_HAL_Driver/Src/stm32f4xx_hal.c.obj
 .debug_loc     0x00000ac9      0xde9 CMakeFiles/SRM_L1_can.elf.dir/Drivers/STM32F4xx_HAL_Driver/Src/stm32f4xx_hal_can.c.obj
 .debug_loc     0x000018b2      0x744 CMakeFiles/SRM_L1_can.elf.dir/Drivers/STM32F4xx_HAL_Driver/Src/stm32f4xx_hal_cortex.c.obj
 .debug_loc     0x00001ff6      0xbf9 CMakeFiles/SRM_L1_can.elf.dir/Drivers/STM32F4xx_HAL_Driver/Src/stm32f4xx_hal_dma.c.obj
 .debug_loc     0x00002bef      0x422 CMakeFiles/SRM_L1_can.elf.dir/Drivers/STM32F4xx_HAL_Driver/Src/stm32f4xx_hal_dma_ex.c.obj
 .debug_loc     0x00003011      0x520 CMakeFiles/SRM_L1_can.elf.dir/Drivers/STM32F4xx_HAL_Driver/Src/stm32f4xx_hal_gpio.c.obj
 .debug_loc     0x00003531      0x58c CMakeFiles/SRM_L1_can.elf.dir/Drivers/STM32F4xx_HAL_Driver/Src/stm32f4xx_hal_rcc.c.obj
 .debug_loc     0x00003abd     0x46c8 CMakeFiles/SRM_L1_can.elf.dir/Drivers/STM32F4xx_HAL_Driver/Src/stm32f4xx_hal_uart.c.obj

.debug_aranges  0x00000000      0x9b0
 .debug_aranges
                0x00000000       0x38 CMakeFiles/SRM_L1_can.elf.dir/Core/Src/can.c.obj
 .debug_aranges
                0x00000038       0x88 CMakeFiles/SRM_L1_can.elf.dir/Core/Src/can_receive.c.obj
 .debug_aranges
                0x000000c0       0x20 CMakeFiles/SRM_L1_can.elf.dir/Core/Src/dma.c.obj
 .debug_aranges
                0x000000e0       0x20 CMakeFiles/SRM_L1_can.elf.dir/Core/Src/gpio.c.obj
 .debug_aranges
                0x00000100       0x48 CMakeFiles/SRM_L1_can.elf.dir/Core/Src/io.c.obj
 .debug_aranges
                0x00000148       0x38 CMakeFiles/SRM_L1_can.elf.dir/Core/Src/main.c.obj
 .debug_aranges
                0x00000180       0x28 CMakeFiles/SRM_L1_can.elf.dir/Core/Src/pid.c.obj
 .debug_aranges
                0x000001a8       0x38 CMakeFiles/SRM_L1_can.elf.dir/Core/Src/remote.c.obj
 .debug_aranges
                0x000001e0       0x20 CMakeFiles/SRM_L1_can.elf.dir/Core/Src/stm32f4xx_hal_msp.c.obj
 .debug_aranges
                0x00000200       0x88 CMakeFiles/SRM_L1_can.elf.dir/Core/Src/stm32f4xx_it.c.obj
 .debug_aranges
                0x00000288       0x28 CMakeFiles/SRM_L1_can.elf.dir/Core/Src/system_stm32f4xx.c.obj
 .debug_aranges
                0x000002b0       0x40 CMakeFiles/SRM_L1_can.elf.dir/Core/Src/usart.c.obj
 .debug_aranges
                0x000002f0       0x28 CMakeFiles/SRM_L1_can.elf.dir/Core/Startup/startup_stm32f407ighx.s.obj
 .debug_aranges
                0x00000318       0xf0 CMakeFiles/SRM_L1_can.elf.dir/Drivers/STM32F4xx_HAL_Driver/Src/stm32f4xx_hal.c.obj
 .debug_aranges
                0x00000408      0x138 CMakeFiles/SRM_L1_can.elf.dir/Drivers/STM32F4xx_HAL_Driver/Src/stm32f4xx_hal_can.c.obj
 .debug_aranges
                0x00000540       0xc0 CMakeFiles/SRM_L1_can.elf.dir/Drivers/STM32F4xx_HAL_Driver/Src/stm32f4xx_hal_cortex.c.obj
 .debug_aranges
                0x00000600       0x90 CMakeFiles/SRM_L1_can.elf.dir/Drivers/STM32F4xx_HAL_Driver/Src/stm32f4xx_hal_dma.c.obj
 .debug_aranges
                0x00000690       0x38 CMakeFiles/SRM_L1_can.elf.dir/Drivers/STM32F4xx_HAL_Driver/Src/stm32f4xx_hal_dma_ex.c.obj
 .debug_aranges
                0x000006c8       0x58 CMakeFiles/SRM_L1_can.elf.dir/Drivers/STM32F4xx_HAL_Driver/Src/stm32f4xx_hal_gpio.c.obj
 .debug_aranges
                0x00000720       0x88 CMakeFiles/SRM_L1_can.elf.dir/Drivers/STM32F4xx_HAL_Driver/Src/stm32f4xx_hal_rcc.c.obj
 .debug_aranges
                0x000007a8      0x208 CMakeFiles/SRM_L1_can.elf.dir/Drivers/STM32F4xx_HAL_Driver/Src/stm32f4xx_hal_uart.c.obj

.debug_ranges   0x00000000      0x940
 .debug_ranges  0x00000000       0x28 CMakeFiles/SRM_L1_can.elf.dir/Core/Src/can.c.obj
 .debug_ranges  0x00000028       0x78 CMakeFiles/SRM_L1_can.elf.dir/Core/Src/can_receive.c.obj
 .debug_ranges  0x000000a0       0x10 CMakeFiles/SRM_L1_can.elf.dir/Core/Src/dma.c.obj
 .debug_ranges  0x000000b0       0x10 CMakeFiles/SRM_L1_can.elf.dir/Core/Src/gpio.c.obj
 .debug_ranges  0x000000c0       0x50 CMakeFiles/SRM_L1_can.elf.dir/Core/Src/io.c.obj
 .debug_ranges  0x00000110       0x40 CMakeFiles/SRM_L1_can.elf.dir/Core/Src/main.c.obj
 .debug_ranges  0x00000150       0x18 CMakeFiles/SRM_L1_can.elf.dir/Core/Src/pid.c.obj
 .debug_ranges  0x00000168       0x28 CMakeFiles/SRM_L1_can.elf.dir/Core/Src/remote.c.obj
 .debug_ranges  0x00000190       0x10 CMakeFiles/SRM_L1_can.elf.dir/Core/Src/stm32f4xx_hal_msp.c.obj
 .debug_ranges  0x000001a0       0x78 CMakeFiles/SRM_L1_can.elf.dir/Core/Src/stm32f4xx_it.c.obj
 .debug_ranges  0x00000218       0x18 CMakeFiles/SRM_L1_can.elf.dir/Core/Src/system_stm32f4xx.c.obj
 .debug_ranges  0x00000230       0x30 CMakeFiles/SRM_L1_can.elf.dir/Core/Src/usart.c.obj
 .debug_ranges  0x00000260       0x20 CMakeFiles/SRM_L1_can.elf.dir/Core/Startup/startup_stm32f407ighx.s.obj
 .debug_ranges  0x00000280       0xe0 CMakeFiles/SRM_L1_can.elf.dir/Drivers/STM32F4xx_HAL_Driver/Src/stm32f4xx_hal.c.obj
 .debug_ranges  0x00000360      0x140 CMakeFiles/SRM_L1_can.elf.dir/Drivers/STM32F4xx_HAL_Driver/Src/stm32f4xx_hal_can.c.obj
 .debug_ranges  0x000004a0      0x110 CMakeFiles/SRM_L1_can.elf.dir/Drivers/STM32F4xx_HAL_Driver/Src/stm32f4xx_hal_cortex.c.obj
 .debug_ranges  0x000005b0       0x80 CMakeFiles/SRM_L1_can.elf.dir/Drivers/STM32F4xx_HAL_Driver/Src/stm32f4xx_hal_dma.c.obj
 .debug_ranges  0x00000630       0x28 CMakeFiles/SRM_L1_can.elf.dir/Drivers/STM32F4xx_HAL_Driver/Src/stm32f4xx_hal_dma_ex.c.obj
 .debug_ranges  0x00000658       0x48 CMakeFiles/SRM_L1_can.elf.dir/Drivers/STM32F4xx_HAL_Driver/Src/stm32f4xx_hal_gpio.c.obj
 .debug_ranges  0x000006a0       0x90 CMakeFiles/SRM_L1_can.elf.dir/Drivers/STM32F4xx_HAL_Driver/Src/stm32f4xx_hal_rcc.c.obj
 .debug_ranges  0x00000730      0x210 CMakeFiles/SRM_L1_can.elf.dir/Drivers/STM32F4xx_HAL_Driver/Src/stm32f4xx_hal_uart.c.obj

.debug_line     0x00000000     0xb69a
 .debug_line    0x00000000      0x505 CMakeFiles/SRM_L1_can.elf.dir/Core/Src/can.c.obj
 .debug_line    0x00000505      0x62c CMakeFiles/SRM_L1_can.elf.dir/Core/Src/can_receive.c.obj
 .debug_line    0x00000b31      0x1b3 CMakeFiles/SRM_L1_can.elf.dir/Core/Src/dma.c.obj
 .debug_line    0x00000ce4      0x17b CMakeFiles/SRM_L1_can.elf.dir/Core/Src/gpio.c.obj
 .debug_line    0x00000e5f      0x3ce CMakeFiles/SRM_L1_can.elf.dir/Core/Src/io.c.obj
 .debug_line    0x0000122d      0x46e CMakeFiles/SRM_L1_can.elf.dir/Core/Src/main.c.obj
 .debug_line    0x0000169b      0x2bb CMakeFiles/SRM_L1_can.elf.dir/Core/Src/pid.c.obj
 .debug_line    0x00001956      0x374 CMakeFiles/SRM_L1_can.elf.dir/Core/Src/remote.c.obj
 .debug_line    0x00001cca      0x171 CMakeFiles/SRM_L1_can.elf.dir/Core/Src/stm32f4xx_hal_msp.c.obj
 .debug_line    0x00001e3b      0x384 CMakeFiles/SRM_L1_can.elf.dir/Core/Src/stm32f4xx_it.c.obj
 .debug_line    0x000021bf      0x239 CMakeFiles/SRM_L1_can.elf.dir/Core/Src/system_stm32f4xx.c.obj
 .debug_line    0x000023f8      0x58c CMakeFiles/SRM_L1_can.elf.dir/Core/Src/usart.c.obj
 .debug_line    0x00002984       0x97 CMakeFiles/SRM_L1_can.elf.dir/Core/Startup/startup_stm32f407ighx.s.obj
 .debug_line    0x00002a1b      0x59f CMakeFiles/SRM_L1_can.elf.dir/Drivers/STM32F4xx_HAL_Driver/Src/stm32f4xx_hal.c.obj
 .debug_line    0x00002fba     0x1138 CMakeFiles/SRM_L1_can.elf.dir/Drivers/STM32F4xx_HAL_Driver/Src/stm32f4xx_hal_can.c.obj
 .debug_line    0x000040f2      0x7e6 CMakeFiles/SRM_L1_can.elf.dir/Drivers/STM32F4xx_HAL_Driver/Src/stm32f4xx_hal_cortex.c.obj
 .debug_line    0x000048d8      0xe4d CMakeFiles/SRM_L1_can.elf.dir/Drivers/STM32F4xx_HAL_Driver/Src/stm32f4xx_hal_dma.c.obj
 .debug_line    0x00005725      0xa07 CMakeFiles/SRM_L1_can.elf.dir/Drivers/STM32F4xx_HAL_Driver/Src/stm32f4xx_hal_dma_ex.c.obj
 .debug_line    0x0000612c      0x709 CMakeFiles/SRM_L1_can.elf.dir/Drivers/STM32F4xx_HAL_Driver/Src/stm32f4xx_hal_gpio.c.obj
 .debug_line    0x00006835      0xb70 CMakeFiles/SRM_L1_can.elf.dir/Drivers/STM32F4xx_HAL_Driver/Src/stm32f4xx_hal_rcc.c.obj
 .debug_line    0x000073a5     0x42f5 CMakeFiles/SRM_L1_can.elf.dir/Drivers/STM32F4xx_HAL_Driver/Src/stm32f4xx_hal_uart.c.obj

.debug_str      0x00000000     0x34dd
 .debug_str     0x00000000      0xb15 CMakeFiles/SRM_L1_can.elf.dir/Core/Src/can.c.obj
                                0xb7d (size before relaxing)
 .debug_str     0x00000b15      0x451 CMakeFiles/SRM_L1_can.elf.dir/Core/Src/can_receive.c.obj
                                0x92d (size before relaxing)
 .debug_str     0x00000f66       0x2d CMakeFiles/SRM_L1_can.elf.dir/Core/Src/dma.c.obj
                                0x7d3 (size before relaxing)
 .debug_str     0x00000f93       0x2f CMakeFiles/SRM_L1_can.elf.dir/Core/Src/gpio.c.obj
                                0x2bf (size before relaxing)
 .debug_str     0x00000fc2      0x5c7 CMakeFiles/SRM_L1_can.elf.dir/Core/Src/io.c.obj
                                0x82f (size before relaxing)
 .debug_str     0x00001589      0x2ce CMakeFiles/SRM_L1_can.elf.dir/Core/Src/main.c.obj
                                0xb3b (size before relaxing)
 .debug_str     0x00001857       0x6d CMakeFiles/SRM_L1_can.elf.dir/Core/Src/pid.c.obj
                                0x256 (size before relaxing)
 .debug_str     0x000018c4       0x4d CMakeFiles/SRM_L1_can.elf.dir/Core/Src/remote.c.obj
                                0x272 (size before relaxing)
 .debug_str     0x00001911       0x3b CMakeFiles/SRM_L1_can.elf.dir/Core/Src/stm32f4xx_hal_msp.c.obj
                                0x2cb (size before relaxing)
 .debug_str     0x0000194c      0x188 CMakeFiles/SRM_L1_can.elf.dir/Core/Src/stm32f4xx_it.c.obj
                                0x9fa (size before relaxing)
 .debug_str     0x00001ad4       0x96 CMakeFiles/SRM_L1_can.elf.dir/Core/Src/system_stm32f4xx.c.obj
                                0x331 (size before relaxing)
 .debug_str     0x00001b6a       0x7c CMakeFiles/SRM_L1_can.elf.dir/Core/Src/usart.c.obj
                                0xdce (size before relaxing)
 .debug_str     0x00001be6       0x45 CMakeFiles/SRM_L1_can.elf.dir/Core/Startup/startup_stm32f407ighx.s.obj
                                 0x69 (size before relaxing)
 .debug_str     0x00001c2b      0x357 CMakeFiles/SRM_L1_can.elf.dir/Drivers/STM32F4xx_HAL_Driver/Src/stm32f4xx_hal.c.obj
                                0xb6a (size before relaxing)
 .debug_str     0x00001f82      0x3a2 CMakeFiles/SRM_L1_can.elf.dir/Drivers/STM32F4xx_HAL_Driver/Src/stm32f4xx_hal_can.c.obj
                                0xa45 (size before relaxing)
 .debug_str     0x00002324      0x4d3 CMakeFiles/SRM_L1_can.elf.dir/Drivers/STM32F4xx_HAL_Driver/Src/stm32f4xx_hal_cortex.c.obj
                                0xc85 (size before relaxing)
 .debug_str     0x000027f7      0x2d4 CMakeFiles/SRM_L1_can.elf.dir/Drivers/STM32F4xx_HAL_Driver/Src/stm32f4xx_hal_dma.c.obj
                                0x786 (size before relaxing)
 .debug_str     0x00002acb       0xf5 CMakeFiles/SRM_L1_can.elf.dir/Drivers/STM32F4xx_HAL_Driver/Src/stm32f4xx_hal_dma_ex.c.obj
                                0x559 (size before relaxing)
 .debug_str     0x00002bc0      0x165 CMakeFiles/SRM_L1_can.elf.dir/Drivers/STM32F4xx_HAL_Driver/Src/stm32f4xx_hal_gpio.c.obj
                                0x4f0 (size before relaxing)
 .debug_str     0x00002d25      0x1b3 CMakeFiles/SRM_L1_can.elf.dir/Drivers/STM32F4xx_HAL_Driver/Src/stm32f4xx_hal_rcc.c.obj
                                0x716 (size before relaxing)
 .debug_str     0x00002ed8      0x605 CMakeFiles/SRM_L1_can.elf.dir/Drivers/STM32F4xx_HAL_Driver/Src/stm32f4xx_hal_uart.c.obj
                                0xdab (size before relaxing)

.comment        0x00000000       0x49
 .comment       0x00000000       0x49 CMakeFiles/SRM_L1_can.elf.dir/Core/Src/can.c.obj
                                 0x4a (size before relaxing)
 .comment       0x00000049       0x4a CMakeFiles/SRM_L1_can.elf.dir/Core/Src/can_receive.c.obj
 .comment       0x00000049       0x4a CMakeFiles/SRM_L1_can.elf.dir/Core/Src/dma.c.obj
 .comment       0x00000049       0x4a CMakeFiles/SRM_L1_can.elf.dir/Core/Src/gpio.c.obj
 .comment       0x00000049       0x4a CMakeFiles/SRM_L1_can.elf.dir/Core/Src/io.c.obj
 .comment       0x00000049       0x4a CMakeFiles/SRM_L1_can.elf.dir/Core/Src/main.c.obj
 .comment       0x00000049       0x4a CMakeFiles/SRM_L1_can.elf.dir/Core/Src/pid.c.obj
 .comment       0x00000049       0x4a CMakeFiles/SRM_L1_can.elf.dir/Core/Src/remote.c.obj
 .comment       0x00000049       0x4a CMakeFiles/SRM_L1_can.elf.dir/Core/Src/stm32f4xx_hal_msp.c.obj
 .comment       0x00000049       0x4a CMakeFiles/SRM_L1_can.elf.dir/Core/Src/stm32f4xx_it.c.obj
 .comment       0x00000049       0x4a CMakeFiles/SRM_L1_can.elf.dir/Core/Src/system_stm32f4xx.c.obj
 .comment       0x00000049       0x4a CMakeFiles/SRM_L1_can.elf.dir/Core/Src/usart.c.obj
 .comment       0x00000049       0x4a CMakeFiles/SRM_L1_can.elf.dir/Drivers/STM32F4xx_HAL_Driver/Src/stm32f4xx_hal.c.obj
 .comment       0x00000049       0x4a CMakeFiles/SRM_L1_can.elf.dir/Drivers/STM32F4xx_HAL_Driver/Src/stm32f4xx_hal_can.c.obj
 .comment       0x00000049       0x4a CMakeFiles/SRM_L1_can.elf.dir/Drivers/STM32F4xx_HAL_Driver/Src/stm32f4xx_hal_cortex.c.obj
 .comment       0x00000049       0x4a CMakeFiles/SRM_L1_can.elf.dir/Drivers/STM32F4xx_HAL_Driver/Src/stm32f4xx_hal_dma.c.obj
 .comment       0x00000049       0x4a CMakeFiles/SRM_L1_can.elf.dir/Drivers/STM32F4xx_HAL_Driver/Src/stm32f4xx_hal_dma_ex.c.obj
 .comment       0x00000049       0x4a CMakeFiles/SRM_L1_can.elf.dir/Drivers/STM32F4xx_HAL_Driver/Src/stm32f4xx_hal_gpio.c.obj
 .comment       0x00000049       0x4a CMakeFiles/SRM_L1_can.elf.dir/Drivers/STM32F4xx_HAL_Driver/Src/stm32f4xx_hal_rcc.c.obj
 .comment       0x00000049       0x4a CMakeFiles/SRM_L1_can.elf.dir/Drivers/STM32F4xx_HAL_Driver/Src/stm32f4xx_hal_uart.c.obj

.debug_frame    0x00000000     0x1a08
 .debug_frame   0x00000000       0x78 CMakeFiles/SRM_L1_can.elf.dir/Core/Src/can.c.obj
 .debug_frame   0x00000078      0x158 CMakeFiles/SRM_L1_can.elf.dir/Core/Src/can_receive.c.obj
 .debug_frame   0x000001d0       0x30 CMakeFiles/SRM_L1_can.elf.dir/Core/Src/dma.c.obj
 .debug_frame   0x00000200       0x28 CMakeFiles/SRM_L1_can.elf.dir/Core/Src/gpio.c.obj
 .debug_frame   0x00000228       0xac CMakeFiles/SRM_L1_can.elf.dir/Core/Src/io.c.obj
 .debug_frame   0x000002d4       0x84 CMakeFiles/SRM_L1_can.elf.dir/Core/Src/main.c.obj
 .debug_frame   0x00000358       0x50 CMakeFiles/SRM_L1_can.elf.dir/Core/Src/pid.c.obj
 .debug_frame   0x000003a8       0x58 CMakeFiles/SRM_L1_can.elf.dir/Core/Src/remote.c.obj
 .debug_frame   0x00000400       0x28 CMakeFiles/SRM_L1_can.elf.dir/Core/Src/stm32f4xx_hal_msp.c.obj
 .debug_frame   0x00000428      0x120 CMakeFiles/SRM_L1_can.elf.dir/Core/Src/stm32f4xx_it.c.obj
 .debug_frame   0x00000548       0x30 CMakeFiles/SRM_L1_can.elf.dir/Core/Src/system_stm32f4xx.c.obj
 .debug_frame   0x00000578       0x98 CMakeFiles/SRM_L1_can.elf.dir/Core/Src/usart.c.obj
 .debug_frame   0x00000610      0x1ec CMakeFiles/SRM_L1_can.elf.dir/Drivers/STM32F4xx_HAL_Driver/Src/stm32f4xx_hal.c.obj
 .debug_frame   0x000007fc      0x2d4 CMakeFiles/SRM_L1_can.elf.dir/Drivers/STM32F4xx_HAL_Driver/Src/stm32f4xx_hal_can.c.obj
 .debug_frame   0x00000ad0      0x178 CMakeFiles/SRM_L1_can.elf.dir/Drivers/STM32F4xx_HAL_Driver/Src/stm32f4xx_hal_cortex.c.obj
 .debug_frame   0x00000c48      0x188 CMakeFiles/SRM_L1_can.elf.dir/Drivers/STM32F4xx_HAL_Driver/Src/stm32f4xx_hal_dma.c.obj
 .debug_frame   0x00000dd0       0x68 CMakeFiles/SRM_L1_can.elf.dir/Drivers/STM32F4xx_HAL_Driver/Src/stm32f4xx_hal_dma_ex.c.obj
 .debug_frame   0x00000e38       0xd8 CMakeFiles/SRM_L1_can.elf.dir/Drivers/STM32F4xx_HAL_Driver/Src/stm32f4xx_hal_gpio.c.obj
 .debug_frame   0x00000f10      0x16c CMakeFiles/SRM_L1_can.elf.dir/Drivers/STM32F4xx_HAL_Driver/Src/stm32f4xx_hal_rcc.c.obj
 .debug_frame   0x0000107c      0x5e4 CMakeFiles/SRM_L1_can.elf.dir/Drivers/STM32F4xx_HAL_Driver/Src/stm32f4xx_hal_uart.c.obj
 .debug_frame   0x00001660       0x24 g:/stm32cube/gcc-arm-none-eabi-10.3-2021.10/bin/../lib/gcc/arm-none-eabi/10.3.1/thumb/v7e-m/nofp\libgcc.a(_arm_mulsf3.o)
 .debug_frame   0x00001684       0x4c g:/stm32cube/gcc-arm-none-eabi-10.3-2021.10/bin/../lib/gcc/arm-none-eabi/10.3.1/thumb/v7e-m/nofp\libgcc.a(_arm_addsubsf3.o)
 .debug_frame   0x000016d0       0xc8 g:/stm32cube/gcc-arm-none-eabi-10.3-2021.10/bin/../lib/gcc/arm-none-eabi/10.3.1/thumb/v7e-m/nofp\libgcc.a(_arm_cmpsf2.o)
 .debug_frame   0x00001798       0x24 g:/stm32cube/gcc-arm-none-eabi-10.3-2021.10/bin/../lib/gcc/arm-none-eabi/10.3.1/thumb/v7e-m/nofp\libgcc.a(_arm_fixsfsi.o)
 .debug_frame   0x000017bc       0x2c g:/stm32cube/gcc-arm-none-eabi-10.3-2021.10/bin/../lib/gcc/arm-none-eabi/10.3.1/thumb/v7e-m/nofp\libgcc.a(_aeabi_uldivmod.o)
 .debug_frame   0x000017e8       0x34 g:/stm32cube/gcc-arm-none-eabi-10.3-2021.10/bin/../lib/gcc/arm-none-eabi/10.3.1/thumb/v7e-m/nofp\libgcc.a(_udivmoddi4.o)
 .debug_frame   0x0000181c       0x2c g:/stm32cube/gcc-arm-none-eabi-10.3-2021.10/bin/../lib/gcc/arm-none-eabi/10.3.1/../../../../arm-none-eabi/lib/thumb/v7e-m/nofp\libg.a(lib_a-init.o)
 .debug_frame   0x00001848       0x2c g:/stm32cube/gcc-arm-none-eabi-10.3-2021.10/bin/../lib/gcc/arm-none-eabi/10.3.1/../../../../arm-none-eabi/lib/thumb/v7e-m/nofp\libg.a(lib_a-memset.o)
 .debug_frame   0x00001874       0x5c g:/stm32cube/gcc-arm-none-eabi-10.3-2021.10/bin/../lib/gcc/arm-none-eabi/10.3.1/../../../../arm-none-eabi/lib/thumb/v7e-m/nofp\libg.a(lib_a-__call_atexit.o)
 .debug_frame   0x000018d0       0x20 g:/stm32cube/gcc-arm-none-eabi-10.3-2021.10/bin/../lib/gcc/arm-none-eabi/10.3.1/../../../../arm-none-eabi/lib/thumb/v7e-m/nofp\libg.a(lib_a-atexit.o)
 .debug_frame   0x000018f0       0x34 g:/stm32cube/gcc-arm-none-eabi-10.3-2021.10/bin/../lib/gcc/arm-none-eabi/10.3.1/../../../../arm-none-eabi/lib/thumb/v7e-m/nofp\libg.a(lib_a-fini.o)
 .debug_frame   0x00001924       0xb0 g:/stm32cube/gcc-arm-none-eabi-10.3-2021.10/bin/../lib/gcc/arm-none-eabi/10.3.1/../../../../arm-none-eabi/lib/thumb/v7e-m/nofp\libg.a(lib_a-lock.o)
 .debug_frame   0x000019d4       0x34 g:/stm32cube/gcc-arm-none-eabi-10.3-2021.10/bin/../lib/gcc/arm-none-eabi/10.3.1/../../../../arm-none-eabi/lib/thumb/v7e-m/nofp\libg.a(lib_a-__atexit.o)
