Archive member included to satisfy reference by file (symbol)

g:/stm32cube/gcc-arm-none-eabi-10.3-2021.10/bin/../lib/gcc/arm-none-eabi/10.3.1/thumb/v7e-m/nofp\libgcc.a(_arm_mulsf3.o)
                              CMakeFiles/SRM_L1_can.elf.dir/User/User_Driver/Src/pid.c.obj (__aeabi_fmul)
g:/stm32cube/gcc-arm-none-eabi-10.3-2021.10/bin/../lib/gcc/arm-none-eabi/10.3.1/thumb/v7e-m/nofp\libgcc.a(_arm_addsubsf3.o)
                              CMakeFiles/SRM_L1_can.elf.dir/User/User_Driver/Src/pid.c.obj (__aeabi_fsub)
g:/stm32cube/gcc-arm-none-eabi-10.3-2021.10/bin/../lib/gcc/arm-none-eabi/10.3.1/thumb/v7e-m/nofp\libgcc.a(_arm_cmpsf2.o)
                              CMakeFiles/SRM_L1_can.elf.dir/User/User_Driver/Src/pid.c.obj (__aeabi_fcmplt)
g:/stm32cube/gcc-arm-none-eabi-10.3-2021.10/bin/../lib/gcc/arm-none-eabi/10.3.1/thumb/v7e-m/nofp\libgcc.a(_arm_fixsfsi.o)
                              CMakeFiles/SRM_L1_can.elf.dir/Core/Src/main.c.obj (__aeabi_f2iz)
g:/stm32cube/gcc-arm-none-eabi-10.3-2021.10/bin/../lib/gcc/arm-none-eabi/10.3.1/thumb/v7e-m/nofp\libgcc.a(_aeabi_uldivmod.o)
                              CMakeFiles/SRM_L1_can.elf.dir/Drivers/STM32F4xx_HAL_Driver/Src/stm32f4xx_hal_rcc.c.obj (__aeabi_uldivmod)
g:/stm32cube/gcc-arm-none-eabi-10.3-2021.10/bin/../lib/gcc/arm-none-eabi/10.3.1/thumb/v7e-m/nofp\libgcc.a(_udivmoddi4.o)
                              g:/stm32cube/gcc-arm-none-eabi-10.3-2021.10/bin/../lib/gcc/arm-none-eabi/10.3.1/thumb/v7e-m/nofp\libgcc.a(_aeabi_uldivmod.o) (__udivmoddi4)
g:/stm32cube/gcc-arm-none-eabi-10.3-2021.10/bin/../lib/gcc/arm-none-eabi/10.3.1/thumb/v7e-m/nofp\libgcc.a(_dvmd_tls.o)
                              g:/stm32cube/gcc-arm-none-eabi-10.3-2021.10/bin/../lib/gcc/arm-none-eabi/10.3.1/thumb/v7e-m/nofp\libgcc.a(_aeabi_uldivmod.o) (__aeabi_ldiv0)
g:/stm32cube/gcc-arm-none-eabi-10.3-2021.10/bin/../lib/gcc/arm-none-eabi/10.3.1/../../../../arm-none-eabi/lib/thumb/v7e-m/nofp\libg.a(lib_a-errno.o)
                              CMakeFiles/SRM_L1_can.elf.dir/Core/Src/syscalls.c.obj (__errno)
g:/stm32cube/gcc-arm-none-eabi-10.3-2021.10/bin/../lib/gcc/arm-none-eabi/10.3.1/../../../../arm-none-eabi/lib/thumb/v7e-m/nofp\libg.a(lib_a-exit.o)
                              g:/stm32cube/gcc-arm-none-eabi-10.3-2021.10/bin/../lib/gcc/arm-none-eabi/10.3.1/../../../../arm-none-eabi/lib/thumb/v7e-m/nofp/crt0.o (exit)
g:/stm32cube/gcc-arm-none-eabi-10.3-2021.10/bin/../lib/gcc/arm-none-eabi/10.3.1/../../../../arm-none-eabi/lib/thumb/v7e-m/nofp\libg.a(lib_a-impure.o)
                              g:/stm32cube/gcc-arm-none-eabi-10.3-2021.10/bin/../lib/gcc/arm-none-eabi/10.3.1/../../../../arm-none-eabi/lib/thumb/v7e-m/nofp\libg.a(lib_a-exit.o) (_global_impure_ptr)
g:/stm32cube/gcc-arm-none-eabi-10.3-2021.10/bin/../lib/gcc/arm-none-eabi/10.3.1/../../../../arm-none-eabi/lib/thumb/v7e-m/nofp\libg.a(lib_a-init.o)
                              g:/stm32cube/gcc-arm-none-eabi-10.3-2021.10/bin/../lib/gcc/arm-none-eabi/10.3.1/../../../../arm-none-eabi/lib/thumb/v7e-m/nofp/crt0.o (__libc_init_array)
g:/stm32cube/gcc-arm-none-eabi-10.3-2021.10/bin/../lib/gcc/arm-none-eabi/10.3.1/../../../../arm-none-eabi/lib/thumb/v7e-m/nofp\libg.a(lib_a-memset.o)
                              g:/stm32cube/gcc-arm-none-eabi-10.3-2021.10/bin/../lib/gcc/arm-none-eabi/10.3.1/../../../../arm-none-eabi/lib/thumb/v7e-m/nofp/crt0.o (memset)
g:/stm32cube/gcc-arm-none-eabi-10.3-2021.10/bin/../lib/gcc/arm-none-eabi/10.3.1/../../../../arm-none-eabi/lib/thumb/v7e-m/nofp\libg.a(lib_a-__call_atexit.o)
                              g:/stm32cube/gcc-arm-none-eabi-10.3-2021.10/bin/../lib/gcc/arm-none-eabi/10.3.1/../../../../arm-none-eabi/lib/thumb/v7e-m/nofp\libg.a(lib_a-exit.o) (__call_exitprocs)
g:/stm32cube/gcc-arm-none-eabi-10.3-2021.10/bin/../lib/gcc/arm-none-eabi/10.3.1/../../../../arm-none-eabi/lib/thumb/v7e-m/nofp\libg.a(lib_a-atexit.o)
                              g:/stm32cube/gcc-arm-none-eabi-10.3-2021.10/bin/../lib/gcc/arm-none-eabi/10.3.1/../../../../arm-none-eabi/lib/thumb/v7e-m/nofp\libg.a(lib_a-__call_atexit.o) (atexit)
g:/stm32cube/gcc-arm-none-eabi-10.3-2021.10/bin/../lib/gcc/arm-none-eabi/10.3.1/../../../../arm-none-eabi/lib/thumb/v7e-m/nofp\libg.a(lib_a-fini.o)
                              g:/stm32cube/gcc-arm-none-eabi-10.3-2021.10/bin/../lib/gcc/arm-none-eabi/10.3.1/../../../../arm-none-eabi/lib/thumb/v7e-m/nofp\libg.a(lib_a-__call_atexit.o) (__libc_fini_array)
g:/stm32cube/gcc-arm-none-eabi-10.3-2021.10/bin/../lib/gcc/arm-none-eabi/10.3.1/../../../../arm-none-eabi/lib/thumb/v7e-m/nofp\libg.a(lib_a-lock.o)
                              g:/stm32cube/gcc-arm-none-eabi-10.3-2021.10/bin/../lib/gcc/arm-none-eabi/10.3.1/../../../../arm-none-eabi/lib/thumb/v7e-m/nofp\libg.a(lib_a-__call_atexit.o) (__retarget_lock_acquire_recursive)
g:/stm32cube/gcc-arm-none-eabi-10.3-2021.10/bin/../lib/gcc/arm-none-eabi/10.3.1/../../../../arm-none-eabi/lib/thumb/v7e-m/nofp\libg.a(lib_a-__atexit.o)
[...]
Memory Configuration

Name             Origin             Length             Attributes
CCMRAM           0x10000000         0x00010000         xrw
RAM              0x20000000         0x00020000         xrw
FLASH            0x08000000         0x00100000         xr
*default*        0x00000000         0xffffffff

Linker script and memory map

LOAD g:/stm32cube/gcc-arm-none-eabi-10.3-2021.10/bin/../lib/gcc/arm-none-eabi/10.3.1/thumb/v7e-m/nofp/crti.o
LOAD g:/stm32cube/gcc-arm-none-eabi-10.3-2021.10/bin/../lib/gcc/arm-none-eabi/10.3.1/thumb/v7e-m/nofp/crtbegin.o
LOAD g:/stm32cube/gcc-arm-none-eabi-10.3-2021.10/bin/../lib/gcc/arm-none-eabi/10.3.1/../../../../arm-none-eabi/lib/thumb/v7e-m/nofp/crt0.o
LOAD CMakeFiles/SRM_L1_can.elf.dir/Core/Src/can.c.obj
LOAD CMakeFiles/SRM_L1_can.elf.dir/Core/Src/dma.c.obj
LOAD CMakeFiles/SRM_L1_can.elf.dir/Core/Src/gpio.c.obj
LOAD CMakeFiles/SRM_L1_can.elf.dir/Core/Src/main.c.obj
LOAD CMakeFiles/SRM_L1_can.elf.dir/Core/Src/stm32f4xx_hal_msp.c.obj
LOAD CMakeFiles/SRM_L1_can.elf.dir/Core/Src/stm32f4xx_it.c.obj
LOAD CMakeFiles/SRM_L1_can.elf.dir/Core/Src/syscalls.c.obj
LOAD CMakeFiles/SRM_L1_can.elf.dir/Core/Src/sysmem.c.obj
LOAD CMakeFiles/SRM_L1_can.elf.dir/Core/Src/system_stm32f4xx.c.obj
LOAD CMakeFiles/SRM_L1_can.elf.dir/Core/Src/usart.c.obj
LOAD CMakeFiles/SRM_L1_can.elf.dir/Drivers/STM32F4xx_HAL_Driver/Src/stm32f4xx_hal.c.obj
LOAD CMakeFiles/SRM_L1_can.elf.dir/Drivers/STM32F4xx_HAL_Driver/Src/stm32f4xx_hal_can.c.obj
LOAD CMakeFiles/SRM_L1_can.elf.dir/Drivers/STM32F4xx_HAL_Driver/Src/stm32f4xx_hal_cortex.c.obj
LOAD CMakeFiles/SRM_L1_can.elf.dir/Drivers/STM32F4xx_HAL_Driver/Src/stm32f4xx_hal_dma.c.obj
LOAD CMakeFiles/SRM_L1_can.elf.dir/Drivers/STM32F4xx_HAL_Driver/Src/stm32f4xx_hal_dma_ex.c.obj
LOAD CMakeFiles/SRM_L1_can.elf.dir/Drivers/STM32F4xx_HAL_Driver/Src/stm32f4xx_hal_exti.c.obj
LOAD CMakeFiles/SRM_L1_can.elf.dir/Drivers/STM32F4xx_HAL_Driver/Src/stm32f4xx_hal_flash.c.obj
LOAD CMakeFiles/SRM_L1_can.elf.dir/Drivers/STM32F4xx_HAL_Driver/Src/stm32f4xx_hal_flash_ex.c.obj
LOAD CMakeFiles/SRM_L1_can.elf.dir/Drivers/STM32F4xx_HAL_Driver/Src/stm32f4xx_hal_flash_ramfunc.c.obj
LOAD CMakeFiles/SRM_L1_can.elf.dir/Drivers/STM32F4xx_HAL_Driver/Src/stm32f4xx_hal_gpio.c.obj
LOAD CMakeFiles/SRM_L1_can.elf.dir/Drivers/STM32F4xx_HAL_Driver/Src/stm32f4xx_hal_pwr.c.obj
LOAD CMakeFiles/SRM_L1_can.elf.dir/Drivers/STM32F4xx_HAL_Driver/Src/stm32f4xx_hal_pwr_ex.c.obj
LOAD CMakeFiles/SRM_L1_can.elf.dir/Drivers/STM32F4xx_HAL_Driver/Src/stm32f4xx_hal_rcc.c.obj
LOAD CMakeFiles/SRM_L1_can.elf.dir/Drivers/STM32F4xx_HAL_Driver/Src/stm32f4xx_hal_rcc_ex.c.obj
LOAD CMakeFiles/SRM_L1_can.elf.dir/Drivers/STM32F4xx_HAL_Driver/Src/stm32f4xx_hal_tim.c.obj
LOAD CMakeFiles/SRM_L1_can.elf.dir/Drivers/STM32F4xx_HAL_Driver/Src/stm32f4xx_hal_tim_ex.c.obj
LOAD CMakeFiles/SRM_L1_can.elf.dir/Drivers/STM32F4xx_HAL_Driver/Src/stm32f4xx_hal_uart.c.obj
LOAD CMakeFiles/SRM_L1_can.elf.dir/Startup/startup_stm32f407ighx.s.obj
LOAD CMakeFiles/SRM_L1_can.elf.dir/User/User_Driver/Src/can_receive.c.obj
LOAD CMakeFiles/SRM_L1_can.elf.dir/User/User_Driver/Src/io.c.obj
LOAD CMakeFiles/SRM_L1_can.elf.dir/User/User_Driver/Src/pid.c.obj
LOAD CMakeFiles/SRM_L1_can.elf.dir/User/User_Driver/Src/remote.c.obj
START GROUP
LOAD g:/stm32cube/gcc-arm-none-eabi-10.3-2021.10/bin/../lib/gcc/arm-none-eabi/10.3.1/thumb/v7e-m/nofp\libgcc.a
LOAD g:/stm32cube/gcc-arm-none-eabi-10.3-2021.10/bin/../lib/gcc/arm-none-eabi/10.3.1/../../../../arm-none-eabi/lib/thumb/v7e-m/nofp\libg.a
LOAD g:/stm32cube/gcc-arm-none-eabi-10.3-2021.10/bin/../lib/gcc/arm-none-eabi/10.3.1/../../../../arm-none-eabi/lib/thumb/v7e-m/nofp\libc.a
END GROUP
LOAD g:/stm32cube/gcc-arm-none-eabi-10.3-2021.10/bin/../lib/gcc/arm-none-eabi/10.3.1/thumb/v7e-m/nofp/crtend.o
LOAD g:/stm32cube/gcc-arm-none-eabi-10.3-2021.10/bin/../lib/gcc/arm-none-eabi/10.3.1/thumb/v7e-m/nofp/crtn.o
                0x20020000                _estack = (ORIGIN (RAM) + LENGTH (RAM))
                0x00000200                _Min_Heap_Size = 0x200
                0x00000400                _Min_Stack_Size = 0x400

.isr_vector     0x08000000      0x188
                0x08000000                . = ALIGN (0x4)
 *(.isr_vector)
 .isr_vector    0x08000000      0x188 CMakeFiles/SRM_L1_can.elf.dir/Startup/startup_stm32f407ighx.s.obj
                0x08000000                g_pfnVectors
                0x08000188                . = ALIGN (0x4)

.text           0x08000188     0x4338
                0x08000188                . = ALIGN (0x4)
 *(.text)
 .text          0x08000188       0x40 g:/stm32cube/gcc-arm-none-eabi-10.3-2021.10/bin/../lib/gcc/arm-none-eabi/10.3.1/thumb/v7e-m/nofp/crtbegin.o
 .text          0x080001c8      0x168 g:/stm32cube/gcc-arm-none-eabi-10.3-2021.10/bin/../lib/gcc/arm-none-eabi/10.3.1/thumb/v7e-m/nofp\libgcc.a(_arm_mulsf3.o)
                0x080001c8                __aeabi_fmul
                0x080001c8                __mulsf3
 .text          0x08000330      0x21c g:/stm32cube/gcc-arm-none-eabi-10.3-2021.10/bin/../lib/gcc/arm-none-eabi/10.3.1/thumb/v7e-m/nofp\libgcc.a(_arm_addsubsf3.o)
                0x08000330                __aeabi_frsub
                0x08000338                __subsf3
                0x08000338                __aeabi_fsub
                0x0800033c                __aeabi_fadd
                0x0800033c                __addsf3
                0x0800049c                __aeabi_ui2f
                0x0800049c                __floatunsisf
                0x080004a4                __aeabi_i2f
                0x080004a4                __floatsisf
                0x080004c0                __aeabi_ul2f
                0x080004c0                __floatundisf
                0x080004d0                __aeabi_l2f
                0x080004d0                __floatdisf
 .text          0x0800054c       0xec g:/stm32cube/gcc-arm-none-eabi-10.3-2021.10/bin/../lib/gcc/arm-none-eabi/10.3.1/thumb/v7e-m/nofp\libgcc.a(_arm_cmpsf2.o)
                0x0800054c                __gesf2
                0x0800054c                __gtsf2
                0x08000554                __lesf2
                0x08000554                __ltsf2
                0x0800055c                __nesf2
                0x0800055c                __eqsf2
                0x0800055c                __cmpsf2
                0x080005bc                __aeabi_cfrcmple
                0x080005c4                __aeabi_cfcmpeq
                0x080005c4                __aeabi_cfcmple
                0x080005d4                __aeabi_fcmpeq
                0x080005e8                __aeabi_fcmplt
                0x080005fc                __aeabi_fcmple
                0x08000610                __aeabi_fcmpge
                0x08000624                __aeabi_fcmpgt
 .text          0x08000638       0x4c g:/stm32cube/gcc-arm-none-eabi-10.3-2021.10/bin/../lib/gcc/arm-none-eabi/10.3.1/thumb/v7e-m/nofp\libgcc.a(_arm_fixsfsi.o)
                0x08000638                __aeabi_f2iz
                0x08000638                __fixsfsi
 .text          0x08000684       0x30 g:/stm32cube/gcc-arm-none-eabi-10.3-2021.10/bin/../lib/gcc/arm-none-eabi/10.3.1/thumb/v7e-m/nofp\libgcc.a(_aeabi_uldivmod.o)
                0x08000684                __aeabi_uldivmod
 .text          0x080006b4      0x2d0 g:/stm32cube/gcc-arm-none-eabi-10.3-2021.10/bin/../lib/gcc/arm-none-eabi/10.3.1/thumb/v7e-m/nofp\libgcc.a(_udivmoddi4.o)
                0x080006b4                __udivmoddi4
 .text          0x08000984        0x4 g:/stm32cube/gcc-arm-none-eabi-10.3-2021.10/bin/../lib/gcc/arm-none-eabi/10.3.1/thumb/v7e-m/nofp\libgcc.a(_dvmd_tls.o)
                0x08000984                __aeabi_idiv0
                0x08000984                __aeabi_ldiv0
 *(.text*)
 .text.MX_CAN1_Init
                0x08000988       0x40 CMakeFiles/SRM_L1_can.elf.dir/Core/Src/can.c.obj
                0x08000988                MX_CAN1_Init
 .text.MX_CAN2_Init
                0x080009c8       0x40 CMakeFiles/SRM_L1_can.elf.dir/Core/Src/can.c.obj
                0x080009c8                MX_CAN2_Init
 .text.HAL_CAN_MspInit
                0x08000a08      0x120 CMakeFiles/SRM_L1_can.elf.dir/Core/Src/can.c.obj
                0x08000a08                HAL_CAN_MspInit
 .text.MX_DMA_Init
                0x08000b28       0x58 CMakeFiles/SRM_L1_can.elf.dir/Core/Src/dma.c.obj
                0x08000b28                MX_DMA_Init
 .text.MX_GPIO_Init
                0x08000b80       0x88 CMakeFiles/SRM_L1_can.elf.dir/Core/Src/gpio.c.obj
                0x08000b80                MX_GPIO_Init
 .text.Draw_ResponseCurve
                0x08000c08       0x40 CMakeFiles/SRM_L1_can.elf.dir/Core/Src/main.c.obj
                0x08000c08                Draw_ResponseCurve
 .text.Error_Handler
                0x08000c48        0x4 CMakeFiles/SRM_L1_can.elf.dir/Core/Src/main.c.obj
                0x08000c48                Error_Handler
 .text.SystemClock_Config
                0x08000c4c       0xa8 CMakeFiles/SRM_L1_can.elf.dir/Core/Src/main.c.obj
                0x08000c4c                SystemClock_Config
 .text.main     0x08000cf4       0xec CMakeFiles/SRM_L1_can.elf.dir/Core/Src/main.c.obj
                0x08000cf4                main
 .text.HAL_MspInit
                0x08000de0       0x38 CMakeFiles/SRM_L1_can.elf.dir/Core/Src/stm32f4xx_hal_msp.c.obj
                0x08000de0                HAL_MspInit
 .text.NMI_Handler
                0x08000e18        0x2 CMakeFiles/SRM_L1_can.elf.dir/Core/Src/stm32f4xx_it.c.obj
                0x08000e18                NMI_Handler
 .text.HardFault_Handler
                0x08000e1a        0x2 CMakeFiles/SRM_L1_can.elf.dir/Core/Src/stm32f4xx_it.c.obj
                0x08000e1a                HardFault_Handler
 .text.MemManage_Handler
                0x08000e1c        0x2 CMakeFiles/SRM_L1_can.elf.dir/Core/Src/stm32f4xx_it.c.obj
                0x08000e1c                MemManage_Handler
 .text.BusFault_Handler
                0x08000e1e        0x2 CMakeFiles/SRM_L1_can.elf.dir/Core/Src/stm32f4xx_it.c.obj
                0x08000e1e                BusFault_Handler
 .text.UsageFault_Handler
                0x08000e20        0x2 CMakeFiles/SRM_L1_can.elf.dir/Core/Src/stm32f4xx_it.c.obj
                0x08000e20                UsageFault_Handler
 .text.SVC_Handler
                0x08000e22        0x2 CMakeFiles/SRM_L1_can.elf.dir/Core/Src/stm32f4xx_it.c.obj
                0x08000e22                SVC_Handler
 .text.DebugMon_Handler
                0x08000e24        0x2 CMakeFiles/SRM_L1_can.elf.dir/Core/Src/stm32f4xx_it.c.obj
                0x08000e24                DebugMon_Handler
 .text.PendSV_Handler
                0x08000e26        0x2 CMakeFiles/SRM_L1_can.elf.dir/Core/Src/stm32f4xx_it.c.obj
                0x08000e26                PendSV_Handler
 .text.SysTick_Handler
                0x08000e28        0x8 CMakeFiles/SRM_L1_can.elf.dir/Core/Src/stm32f4xx_it.c.obj
                0x08000e28                SysTick_Handler
 .text.DMA1_Stream1_IRQHandler
                0x08000e30       0x10 CMakeFiles/SRM_L1_can.elf.dir/Core/Src/stm32f4xx_it.c.obj
                0x08000e30                DMA1_Stream1_IRQHandler
 .text.CAN1_RX0_IRQHandler
                0x08000e40       0x10 CMakeFiles/SRM_L1_can.elf.dir/Core/Src/stm32f4xx_it.c.obj
                0x08000e40                CAN1_RX0_IRQHandler
 .text.USART3_IRQHandler
                0x08000e50       0x10 CMakeFiles/SRM_L1_can.elf.dir/Core/Src/stm32f4xx_it.c.obj
                0x08000e50                USART3_IRQHandler
 .text.CAN2_RX1_IRQHandler
                0x08000e60       0x10 CMakeFiles/SRM_L1_can.elf.dir/Core/Src/stm32f4xx_it.c.obj
                0x08000e60                CAN2_RX1_IRQHandler
 .text.DMA2_Stream7_IRQHandler
                0x08000e70       0x10 CMakeFiles/SRM_L1_can.elf.dir/Core/Src/stm32f4xx_it.c.obj
                0x08000e70                DMA2_Stream7_IRQHandler
 .text.SystemInit
                0x08000e80        0x2 CMakeFiles/SRM_L1_can.elf.dir/Core/Src/system_stm32f4xx.c.obj
                0x08000e80                SystemInit
 *fill*         0x08000e82        0x2 
 .text.MX_USART1_UART_Init
                0x08000e84       0x34 CMakeFiles/SRM_L1_can.elf.dir/Core/Src/usart.c.obj
                0x08000e84                MX_USART1_UART_Init
 .text.MX_USART3_UART_Init
                0x08000eb8       0x3c CMakeFiles/SRM_L1_can.elf.dir/Core/Src/usart.c.obj
                0x08000eb8                MX_USART3_UART_Init
 .text.MX_USART6_UART_Init
                0x08000ef4       0x34 CMakeFiles/SRM_L1_can.elf.dir/Core/Src/usart.c.obj
                0x08000ef4                MX_USART6_UART_Init
 .text.HAL_UART_MspInit
                0x08000f28      0x1e4 CMakeFiles/SRM_L1_can.elf.dir/Core/Src/usart.c.obj
                0x08000f28                HAL_UART_MspInit
 .text.HAL_InitTick
                0x0800110c       0x4c CMakeFiles/SRM_L1_can.elf.dir/Drivers/STM32F4xx_HAL_Driver/Src/stm32f4xx_hal.c.obj
                0x0800110c                HAL_InitTick
 .text.HAL_Init
                0x08001158       0x34 CMakeFiles/SRM_L1_can.elf.dir/Drivers/STM32F4xx_HAL_Driver/Src/stm32f4xx_hal.c.obj
                0x08001158                HAL_Init
 .text.HAL_IncTick
                0x0800118c       0x18 CMakeFiles/SRM_L1_can.elf.dir/Drivers/STM32F4xx_HAL_Driver/Src/stm32f4xx_hal.c.obj
                0x0800118c                HAL_IncTick
 .text.HAL_GetTick
                0x080011a4        0xc CMakeFiles/SRM_L1_can.elf.dir/Drivers/STM32F4xx_HAL_Driver/Src/stm32f4xx_hal.c.obj
                0x080011a4                HAL_GetTick
 .text.HAL_Delay
                0x080011b0       0x28 CMakeFiles/SRM_L1_can.elf.dir/Drivers/STM32F4xx_HAL_Driver/Src/stm32f4xx_hal.c.obj
                0x080011b0                HAL_Delay
 .text.HAL_CAN_Init
                0x080011d8      0x14c CMakeFiles/SRM_L1_can.elf.dir/Drivers/STM32F4xx_HAL_Driver/Src/stm32f4xx_hal_can.c.obj
                0x080011d8                HAL_CAN_Init
 .text.HAL_CAN_ConfigFilter
                0x08001324      0x13c CMakeFiles/SRM_L1_can.elf.dir/Drivers/STM32F4xx_HAL_Driver/Src/stm32f4xx_hal_can.c.obj
                0x08001324                HAL_CAN_ConfigFilter
 .text.HAL_CAN_Start
                0x08001460       0x5c CMakeFiles/SRM_L1_can.elf.dir/Drivers/STM32F4xx_HAL_Driver/Src/stm32f4xx_hal_can.c.obj
                0x08001460                HAL_CAN_Start
 .text.HAL_CAN_AddTxMessage
                0x080014bc       0xea CMakeFiles/SRM_L1_can.elf.dir/Drivers/STM32F4xx_HAL_Driver/Src/stm32f4xx_hal_can.c.obj
                0x080014bc                HAL_CAN_AddTxMessage
 .text.HAL_CAN_GetRxMessage
                0x080015a6      0x16a CMakeFiles/SRM_L1_can.elf.dir/Drivers/STM32F4xx_HAL_Driver/Src/stm32f4xx_hal_can.c.obj
                0x080015a6                HAL_CAN_GetRxMessage
 .text.HAL_CAN_ActivateNotification
                0x08001710       0x24 CMakeFiles/SRM_L1_can.elf.dir/Drivers/STM32F4xx_HAL_Driver/Src/stm32f4xx_hal_can.c.obj
                0x08001710                HAL_CAN_ActivateNotification
 .text.HAL_CAN_TxMailbox0CompleteCallback
                0x08001734        0x2 CMakeFiles/SRM_L1_can.elf.dir/Drivers/STM32F4xx_HAL_Driver/Src/stm32f4xx_hal_can.c.obj
                0x08001734                HAL_CAN_TxMailbox0CompleteCallback
 .text.HAL_CAN_TxMailbox1CompleteCallback
                0x08001736        0x2 CMakeFiles/SRM_L1_can.elf.dir/Drivers/STM32F4xx_HAL_Driver/Src/stm32f4xx_hal_can.c.obj
                0x08001736                HAL_CAN_TxMailbox1CompleteCallback
 .text.HAL_CAN_TxMailbox2CompleteCallback
                0x08001738        0x2 CMakeFiles/SRM_L1_can.elf.dir/Drivers/STM32F4xx_HAL_Driver/Src/stm32f4xx_hal_can.c.obj
                0x08001738                HAL_CAN_TxMailbox2CompleteCallback
 .text.HAL_CAN_TxMailbox0AbortCallback
                0x0800173a        0x2 CMakeFiles/SRM_L1_can.elf.dir/Drivers/STM32F4xx_HAL_Driver/Src/stm32f4xx_hal_can.c.obj
                0x0800173a                HAL_CAN_TxMailbox0AbortCallback
 .text.HAL_CAN_TxMailbox1AbortCallback
                0x0800173c        0x2 CMakeFiles/SRM_L1_can.elf.dir/Drivers/STM32F4xx_HAL_Driver/Src/stm32f4xx_hal_can.c.obj
                0x0800173c                HAL_CAN_TxMailbox1AbortCallback
 .text.HAL_CAN_TxMailbox2AbortCallback
                0x0800173e        0x2 CMakeFiles/SRM_L1_can.elf.dir/Drivers/STM32F4xx_HAL_Driver/Src/stm32f4xx_hal_can.c.obj
                0x0800173e                HAL_CAN_TxMailbox2AbortCallback
 .text.HAL_CAN_RxFifo0FullCallback
                0x08001740        0x2 CMakeFiles/SRM_L1_can.elf.dir/Drivers/STM32F4xx_HAL_Driver/Src/stm32f4xx_hal_can.c.obj
                0x08001740                HAL_CAN_RxFifo0FullCallback
 .text.HAL_CAN_RxFifo1FullCallback
                0x08001742        0x2 CMakeFiles/SRM_L1_can.elf.dir/Drivers/STM32F4xx_HAL_Driver/Src/stm32f4xx_hal_can.c.obj
                0x08001742                HAL_CAN_RxFifo1FullCallback
 .text.HAL_CAN_SleepCallback
                0x08001744        0x2 CMakeFiles/SRM_L1_can.elf.dir/Drivers/STM32F4xx_HAL_Driver/Src/stm32f4xx_hal_can.c.obj
                0x08001744                HAL_CAN_SleepCallback
 .text.HAL_CAN_WakeUpFromRxMsgCallback
                0x08001746        0x2 CMakeFiles/SRM_L1_can.elf.dir/Drivers/STM32F4xx_HAL_Driver/Src/stm32f4xx_hal_can.c.obj
                0x08001746                HAL_CAN_WakeUpFromRxMsgCallback
 .text.HAL_CAN_ErrorCallback
                0x08001748        0x2 CMakeFiles/SRM_L1_can.elf.dir/Drivers/STM32F4xx_HAL_Driver/Src/stm32f4xx_hal_can.c.obj
                0x08001748                HAL_CAN_ErrorCallback
 .text.HAL_CAN_IRQHandler
                0x0800174a      0x24a CMakeFiles/SRM_L1_can.elf.dir/Drivers/STM32F4xx_HAL_Driver/Src/stm32f4xx_hal_can.c.obj
                0x0800174a                HAL_CAN_IRQHandler
 .text.HAL_NVIC_SetPriorityGrouping
                0x08001994       0x24 CMakeFiles/SRM_L1_can.elf.dir/Drivers/STM32F4xx_HAL_Driver/Src/stm32f4xx_hal_cortex.c.obj
                0x08001994                HAL_NVIC_SetPriorityGrouping
 .text.HAL_NVIC_SetPriority
                0x080019b8       0x70 CMakeFiles/SRM_L1_can.elf.dir/Drivers/STM32F4xx_HAL_Driver/Src/stm32f4xx_hal_cortex.c.obj
                0x080019b8                HAL_NVIC_SetPriority
 .text.HAL_NVIC_EnableIRQ
                0x08001a28       0x1c CMakeFiles/SRM_L1_can.elf.dir/Drivers/STM32F4xx_HAL_Driver/Src/stm32f4xx_hal_cortex.c.obj
                0x08001a28                HAL_NVIC_EnableIRQ
 .text.HAL_SYSTICK_Config
                0x08001a44       0x28 CMakeFiles/SRM_L1_can.elf.dir/Drivers/STM32F4xx_HAL_Driver/Src/stm32f4xx_hal_cortex.c.obj
                0x08001a44                HAL_SYSTICK_Config
 .text.DMA_CalcBaseAndBitshift
                0x08001a6c       0x40 CMakeFiles/SRM_L1_can.elf.dir/Drivers/STM32F4xx_HAL_Driver/Src/stm32f4xx_hal_dma.c.obj
 .text.DMA_CheckFifoParam
                0x08001aac       0x8e CMakeFiles/SRM_L1_can.elf.dir/Drivers/STM32F4xx_HAL_Driver/Src/stm32f4xx_hal_dma.c.obj
 *fill*         0x08001b3a        0x2 
 .text.HAL_DMA_Init
                0x08001b3c       0xcc CMakeFiles/SRM_L1_can.elf.dir/Drivers/STM32F4xx_HAL_Driver/Src/stm32f4xx_hal_dma.c.obj
                0x08001b3c                HAL_DMA_Init
 .text.HAL_DMA_Abort
                0x08001c08       0x94 CMakeFiles/SRM_L1_can.elf.dir/Drivers/STM32F4xx_HAL_Driver/Src/stm32f4xx_hal_dma.c.obj
                0x08001c08                HAL_DMA_Abort
 .text.HAL_DMA_Abort_IT
                0x08001c9c       0x26 CMakeFiles/SRM_L1_can.elf.dir/Drivers/STM32F4xx_HAL_Driver/Src/stm32f4xx_hal_dma.c.obj
                0x08001c9c                HAL_DMA_Abort_IT
 *fill*         0x08001cc2        0x2 
 .text.HAL_DMA_IRQHandler
                0x08001cc4      0x1dc CMakeFiles/SRM_L1_can.elf.dir/Drivers/STM32F4xx_HAL_Driver/Src/stm32f4xx_hal_dma.c.obj
                0x08001cc4                HAL_DMA_IRQHandler
 .text.DMA_MultiBufferSetConfig
                0x08001ea0       0x22 CMakeFiles/SRM_L1_can.elf.dir/Drivers/STM32F4xx_HAL_Driver/Src/stm32f4xx_hal_dma_ex.c.obj
 *fill*         0x08001ec2        0x2 
 .text.HAL_DMAEx_MultiBufferStart_IT
                0x08001ec4      0xf00 CMakeFiles/SRM_L1_can.elf.dir/Drivers/STM32F4xx_HAL_Driver/Src/stm32f4xx_hal_dma_ex.c.obj
                0x08001ec4                HAL_DMAEx_MultiBufferStart_IT
 .text.HAL_GPIO_Init
                0x08002dc4      0x1e4 CMakeFiles/SRM_L1_can.elf.dir/Drivers/STM32F4xx_HAL_Driver/Src/stm32f4xx_hal_gpio.c.obj
                0x08002dc4                HAL_GPIO_Init
 .text.HAL_RCC_OscConfig
                0x08002fa8      0x3f8 CMakeFiles/SRM_L1_can.elf.dir/Drivers/STM32F4xx_HAL_Driver/Src/stm32f4xx_hal_rcc.c.obj
                0x08002fa8                HAL_RCC_OscConfig
 .text.HAL_RCC_GetSysClockFreq
                0x080033a0       0xa4 CMakeFiles/SRM_L1_can.elf.dir/Drivers/STM32F4xx_HAL_Driver/Src/stm32f4xx_hal_rcc.c.obj
                0x080033a0                HAL_RCC_GetSysClockFreq
 .text.HAL_RCC_ClockConfig
                0x08003444      0x160 CMakeFiles/SRM_L1_can.elf.dir/Drivers/STM32F4xx_HAL_Driver/Src/stm32f4xx_hal_rcc.c.obj
                0x08003444                HAL_RCC_ClockConfig
 .text.HAL_RCC_GetHCLKFreq
                0x080035a4        0xc CMakeFiles/SRM_L1_can.elf.dir/Drivers/STM32F4xx_HAL_Driver/Src/stm32f4xx_hal_rcc.c.obj
                0x080035a4                HAL_RCC_GetHCLKFreq
 .text.HAL_RCC_GetPCLK1Freq
                0x080035b0       0x20 CMakeFiles/SRM_L1_can.elf.dir/Drivers/STM32F4xx_HAL_Driver/Src/stm32f4xx_hal_rcc.c.obj
                0x080035b0                HAL_RCC_GetPCLK1Freq
 .text.HAL_RCC_GetPCLK2Freq
                0x080035d0       0x20 CMakeFiles/SRM_L1_can.elf.dir/Drivers/STM32F4xx_HAL_Driver/Src/stm32f4xx_hal_rcc.c.obj
                0x080035d0                HAL_RCC_GetPCLK2Freq
 .text.UART_EndRxTransfer
                0x080035f0       0x5c CMakeFiles/SRM_L1_can.elf.dir/Drivers/STM32F4xx_HAL_Driver/Src/stm32f4xx_hal_uart.c.obj
 .text.UART_Transmit_IT
                0x0800364c       0x60 CMakeFiles/SRM_L1_can.elf.dir/Drivers/STM32F4xx_HAL_Driver/Src/stm32f4xx_hal_uart.c.obj
 .text.UART_SetConfig
                0x080036ac      0x110 CMakeFiles/SRM_L1_can.elf.dir/Drivers/STM32F4xx_HAL_Driver/Src/stm32f4xx_hal_uart.c.obj
 .text.UART_WaitOnFlagUntilTimeout
                0x080037bc       0x8a CMakeFiles/SRM_L1_can.elf.dir/Drivers/STM32F4xx_HAL_Driver/Src/stm32f4xx_hal_uart.c.obj
 .text.HAL_UART_Init
                0x08003846       0x60 CMakeFiles/SRM_L1_can.elf.dir/Drivers/STM32F4xx_HAL_Driver/Src/stm32f4xx_hal_uart.c.obj
                0x08003846                HAL_UART_Init
 .text.HAL_UART_Transmit
                0x080038a6       0xcc CMakeFiles/SRM_L1_can.elf.dir/Drivers/STM32F4xx_HAL_Driver/Src/stm32f4xx_hal_uart.c.obj
                0x080038a6                HAL_UART_Transmit
 .text.HAL_UART_TxCpltCallback
                0x08003972        0x2 CMakeFiles/SRM_L1_can.elf.dir/Drivers/STM32F4xx_HAL_Driver/Src/stm32f4xx_hal_uart.c.obj
                0x08003972                HAL_UART_TxCpltCallback
 .text.UART_EndTransmit_IT
                0x08003974       0x1a CMakeFiles/SRM_L1_can.elf.dir/Drivers/STM32F4xx_HAL_Driver/Src/stm32f4xx_hal_uart.c.obj
 .text.HAL_UART_RxCpltCallback
                0x0800398e        0x2 CMakeFiles/SRM_L1_can.elf.dir/Drivers/STM32F4xx_HAL_Driver/Src/stm32f4xx_hal_uart.c.obj
                0x0800398e                HAL_UART_RxCpltCallback
 .text.HAL_UART_ErrorCallback
                0x08003990        0x2 CMakeFiles/SRM_L1_can.elf.dir/Drivers/STM32F4xx_HAL_Driver/Src/stm32f4xx_hal_uart.c.obj
                0x08003990                HAL_UART_ErrorCallback
 .text.UART_DMAAbortOnError
                0x08003992       0x10 CMakeFiles/SRM_L1_can.elf.dir/Drivers/STM32F4xx_HAL_Driver/Src/stm32f4xx_hal_uart.c.obj
 .text.HAL_UARTEx_RxEventCallback
                0x080039a2        0x2 CMakeFiles/SRM_L1_can.elf.dir/Drivers/STM32F4xx_HAL_Driver/Src/stm32f4xx_hal_uart.c.obj
                0x080039a2                HAL_UARTEx_RxEventCallback
 .text.UART_Receive_IT
                0x080039a4       0xe6 CMakeFiles/SRM_L1_can.elf.dir/Drivers/STM32F4xx_HAL_Driver/Src/stm32f4xx_hal_uart.c.obj
 *fill*         0x08003a8a        0x2 
 .text.HAL_UART_IRQHandler
                0x08003a8c      0x288 CMakeFiles/SRM_L1_can.elf.dir/Drivers/STM32F4xx_HAL_Driver/Src/stm32f4xx_hal_uart.c.obj
                0x08003a8c                HAL_UART_IRQHandler
 .text.Reset_Handler
                0x08003d14       0x50 CMakeFiles/SRM_L1_can.elf.dir/Startup/startup_stm32f407ighx.s.obj
                0x08003d14                Reset_Handler
 .text.Default_Handler
                0x08003d64        0x2 CMakeFiles/SRM_L1_can.elf.dir/Startup/startup_stm32f407ighx.s.obj
                0x08003d64                RTC_Alarm_IRQHandler
                0x08003d64                HASH_RNG_IRQHandler
                0x08003d64                EXTI2_IRQHandler
                0x08003d64                TIM8_CC_IRQHandler
                0x08003d64                TIM1_CC_IRQHandler
                0x08003d64                DMA2_Stream5_IRQHandler
                0x08003d64                DMA1_Stream5_IRQHandler
                0x08003d64                PVD_IRQHandler
                0x08003d64                SDIO_IRQHandler
                0x08003d64                TAMP_STAMP_IRQHandler
                0x08003d64                EXTI3_IRQHandler
                0x08003d64                TIM8_TRG_COM_TIM14_IRQHandler
                0x08003d64                TIM1_UP_TIM10_IRQHandler
                0x08003d64                TIM8_UP_TIM13_IRQHandler
                0x08003d64                I2C3_ER_IRQHandler
                0x08003d64                EXTI0_IRQHandler
                0x08003d64                I2C2_EV_IRQHandler
                0x08003d64                DMA1_Stream2_IRQHandler
                0x08003d64                FPU_IRQHandler
                0x08003d64                OTG_HS_WKUP_IRQHandler
                0x08003d64                CAN2_SCE_IRQHandler
                0x08003d64                DMA2_Stream2_IRQHandler
                0x08003d64                SPI1_IRQHandler
                0x08003d64                TIM6_DAC_IRQHandler
                0x08003d64                TIM1_BRK_TIM9_IRQHandler
                0x08003d64                DCMI_IRQHandler
                0x08003d64                CAN2_RX0_IRQHandler
                0x08003d64                DMA2_Stream3_IRQHandler
                0x08003d64                USART6_IRQHandler
                0x08003d64                CAN1_RX1_IRQHandler
                0x08003d64                UART5_IRQHandler
                0x08003d64                DMA2_Stream0_IRQHandler
                0x08003d64                TIM4_IRQHandler
                0x08003d64                I2C1_EV_IRQHandler
                0x08003d64                DMA1_Stream6_IRQHandler
                0x08003d64                UART4_IRQHandler
                0x08003d64                TIM3_IRQHandler
                0x08003d64                RCC_IRQHandler
                0x08003d64                TIM8_BRK_TIM12_IRQHandler
                0x08003d64                Default_Handler
                0x08003d64                EXTI15_10_IRQHandler
                0x08003d64                ADC_IRQHandler
                0x08003d64                DMA1_Stream7_IRQHandler
                0x08003d64                TIM7_IRQHandler
                0x08003d64                CAN2_TX_IRQHandler
                0x08003d64                TIM5_IRQHandler
                0x08003d64                I2C3_EV_IRQHandler
                0x08003d64                EXTI9_5_IRQHandler
                0x08003d64                RTC_WKUP_IRQHandler
                0x08003d64                ETH_WKUP_IRQHandler
                0x08003d64                SPI2_IRQHandler
                0x08003d64                OTG_HS_EP1_IN_IRQHandler
                0x08003d64                DMA1_Stream0_IRQHandler
                0x08003d64                CAN1_TX_IRQHandler
                0x08003d64                EXTI4_IRQHandler
                0x08003d64                FSMC_IRQHandler
                0x08003d64                ETH_IRQHandler
                0x08003d64                OTG_HS_EP1_OUT_IRQHandler
                0x08003d64                WWDG_IRQHandler
                0x08003d64                TIM2_IRQHandler
                0x08003d64                OTG_FS_WKUP_IRQHandler
                0x08003d64                TIM1_TRG_COM_TIM11_IRQHandler
                0x08003d64                OTG_HS_IRQHandler
                0x08003d64                EXTI1_IRQHandler
                0x08003d64                USART2_IRQHandler
                0x08003d64                I2C2_ER_IRQHandler
                0x08003d64                DMA2_Stream1_IRQHandler
                0x08003d64                CAN1_SCE_IRQHandler
                0x08003d64                FLASH_IRQHandler
                0x08003d64                DMA2_Stream4_IRQHandler
                0x08003d64                USART1_IRQHandler
                0x08003d64                OTG_FS_IRQHandler
                0x08003d64                SPI3_IRQHandler
                0x08003d64                DMA1_Stream4_IRQHandler
                0x08003d64                I2C1_ER_IRQHandler
                0x08003d64                DMA2_Stream6_IRQHandler
                0x08003d64                DMA1_Stream3_IRQHandler
 *fill*         0x08003d66        0x2 
 .text.CAN1_Init
                0x08003d68       0x40 CMakeFiles/SRM_L1_can.elf.dir/User/User_Driver/Src/can_receive.c.obj
                0x08003d68                CAN1_Init
 .text.HAL_CAN_RxFifo1MsgPendingCallback
                0x08003da8       0x34 CMakeFiles/SRM_L1_can.elf.dir/User/User_Driver/Src/can_receive.c.obj
                0x08003da8                HAL_CAN_RxFifo1MsgPendingCallback
 .text.get_motor_measure
                0x08003ddc       0x2a CMakeFiles/SRM_L1_can.elf.dir/User/User_Driver/Src/can_receive.c.obj
                0x08003ddc                get_motor_measure
 *fill*         0x08003e06        0x2 
 .text.CAN_CMD_Supply
                0x08003e08       0x38 CMakeFiles/SRM_L1_can.elf.dir/User/User_Driver/Src/can_receive.c.obj
                0x08003e08                CAN_CMD_Supply
 .text.Ecd_Value_Calculate
                0x08003e40       0x6c CMakeFiles/SRM_L1_can.elf.dir/User/User_Driver/Src/can_receive.c.obj
                0x08003e40                Ecd_Value_Calculate
 .text.get_ecdmotor_measure
                0x08003eac       0x36 CMakeFiles/SRM_L1_can.elf.dir/User/User_Driver/Src/can_receive.c.obj
                0x08003eac                get_ecdmotor_measure
 *fill*         0x08003ee2        0x2 
 .text.CAN1_Getdata
                0x08003ee4       0x48 CMakeFiles/SRM_L1_can.elf.dir/User/User_Driver/Src/can_receive.c.obj
 .text.HAL_CAN_RxFifo0MsgPendingCallback
                0x08003f2c       0x3c CMakeFiles/SRM_L1_can.elf.dir/User/User_Driver/Src/can_receive.c.obj
                0x08003f2c                HAL_CAN_RxFifo0MsgPendingCallback
 .text.DMA_DualBuff_ErrorCallback
                0x08003f68        0x2 CMakeFiles/SRM_L1_can.elf.dir/User/User_Driver/Src/io.c.obj
                0x08003f68                DMA_DualBuff_ErrorCallback
 *fill*         0x08003f6a        0x2 
 .text.DMA_DualBuff_M0_CpltCallback
                0x08003f6c       0x28 CMakeFiles/SRM_L1_can.elf.dir/User/User_Driver/Src/io.c.obj
                0x08003f6c                DMA_DualBuff_M0_CpltCallback
 .text.DMA_DualBuff_M1_CpltCallback
                0x08003f94       0x28 CMakeFiles/SRM_L1_can.elf.dir/User/User_Driver/Src/io.c.obj
                0x08003f94                DMA_DualBuff_M1_CpltCallback
 .text.UART_DMA_DualBuffer_Init
                0x08003fbc       0x60 CMakeFiles/SRM_L1_can.elf.dir/User/User_Driver/Src/io.c.obj
                0x08003fbc                UART_DMA_DualBuffer_Init
 .text.PID_Init
                0x0800401c       0x1e CMakeFiles/SRM_L1_can.elf.dir/User/User_Driver/Src/pid.c.obj
                0x0800401c                PID_Init
 .text.PID_Calculate
                0x0800403a      0x12e CMakeFiles/SRM_L1_can.elf.dir/User/User_Driver/Src/pid.c.obj
                0x0800403a                PID_Calculate
 .text.RC_abs   0x08004168        0xc CMakeFiles/SRM_L1_can.elf.dir/User/User_Driver/Src/remote.c.obj
 .text.RC_data_is_error
                0x08004174       0x6c CMakeFiles/SRM_L1_can.elf.dir/User/User_Driver/Src/remote.c.obj
                0x08004174                RC_data_is_error
 .text.SBUS_TO_RC
                0x080041e0       0xfc CMakeFiles/SRM_L1_can.elf.dir/User/User_Driver/Src/remote.c.obj
                0x080041e0                SBUS_TO_RC
 .text.__libc_init_array
                0x080042dc       0x48 g:/stm32cube/gcc-arm-none-eabi-10.3-2021.10/bin/../lib/gcc/arm-none-eabi/10.3.1/../../../../arm-none-eabi/lib/thumb/v7e-m/nofp\libg.a(lib_a-init.o)
                0x080042dc                __libc_init_array
 .text.memset   0x08004324       0xa4 g:/stm32cube/gcc-arm-none-eabi-10.3-2021.10/bin/../lib/gcc/arm-none-eabi/10.3.1/../../../../arm-none-eabi/lib/thumb/v7e-m/nofp\libg.a(lib_a-memset.o)
                0x08004324                memset
 .text.startup.register_fini
                0x080043c8       0x14 g:/stm32cube/gcc-arm-none-eabi-10.3-2021.10/bin/../lib/gcc/arm-none-eabi/10.3.1/../../../../arm-none-eabi/lib/thumb/v7e-m/nofp\libg.a(lib_a-__call_atexit.o)
 .text.atexit   0x080043dc        0xc g:/stm32cube/gcc-arm-none-eabi-10.3-2021.10/bin/../lib/gcc/arm-none-eabi/10.3.1/../../../../arm-none-eabi/lib/thumb/v7e-m/nofp\libg.a(lib_a-atexit.o)
                0x080043dc                atexit
 .text.__libc_fini_array
                0x080043e8       0x2c g:/stm32cube/gcc-arm-none-eabi-10.3-2021.10/bin/../lib/gcc/arm-none-eabi/10.3.1/../../../../arm-none-eabi/lib/thumb/v7e-m/nofp\libg.a(lib_a-fini.o)
                0x080043e8                __libc_fini_array
 .text.__retarget_lock_acquire_recursive
                0x08004414        0x4 g:/stm32cube/gcc-arm-none-eabi-10.3-2021.10/bin/../lib/gcc/arm-none-eabi/10.3.1/../../../../arm-none-eabi/lib/thumb/v7e-m/nofp\libg.a(lib_a-lock.o)
                0x08004414                __retarget_lock_acquire_recursive
 .text.__retarget_lock_release_recursive
                0x08004418        0x4 g:/stm32cube/gcc-arm-none-eabi-10.3-2021.10/bin/../lib/gcc/arm-none-eabi/10.3.1/../../../../arm-none-eabi/lib/thumb/v7e-m/nofp\libg.a(lib_a-lock.o)
                0x08004418                __retarget_lock_release_recursive
 .text.__register_exitproc
                0x0800441c       0x8c g:/stm32cube/gcc-arm-none-eabi-10.3-2021.10/bin/../lib/gcc/arm-none-eabi/10.3.1/../../../../arm-none-eabi/lib/thumb/v7e-m/nofp\libg.a(lib_a-__atexit.o)
                0x0800441c                __register_exitproc
 *(.glue_7)
 .glue_7        0x080044a8        0x0 linker stubs
 *(.glue_7t)
 .glue_7t       0x080044a8        0x0 linker stubs
 *(.eh_frame)
 .eh_frame      0x080044a8        0x0 g:/stm32cube/gcc-arm-none-eabi-10.3-2021.10/bin/../lib/gcc/arm-none-eabi/10.3.1/thumb/v7e-m/nofp/crtbegin.o
 *(.init)
 .init          0x080044a8        0x4 g:/stm32cube/gcc-arm-none-eabi-10.3-2021.10/bin/../lib/gcc/arm-none-eabi/10.3.1/thumb/v7e-m/nofp/crti.o
                0x080044a8                _init
 .init          0x080044ac        0x8 g:/stm32cube/gcc-arm-none-eabi-10.3-2021.10/bin/../lib/gcc/arm-none-eabi/10.3.1/thumb/v7e-m/nofp/crtn.o
 *(.fini)
 .fini          0x080044b4        0x4 g:/stm32cube/gcc-arm-none-eabi-10.3-2021.10/bin/../lib/gcc/arm-none-eabi/10.3.1/thumb/v7e-m/nofp/crti.o
                0x080044b4                _fini
 .fini          0x080044b8        0x8 g:/stm32cube/gcc-arm-none-eabi-10.3-2021.10/bin/../lib/gcc/arm-none-eabi/10.3.1/thumb/v7e-m/nofp/crtn.o
                0x080044c0                . = ALIGN (0x4)
                0x080044c0                _etext = .

.vfp11_veneer   0x080044c0        0x0
 .vfp11_veneer  0x080044c0        0x0 linker stubs

.v4_bx          0x080044c0        0x0
 .v4_bx         0x080044c0        0x0 linker stubs

.iplt           0x080044c0        0x0
 .iplt          0x080044c0        0x0 g:/stm32cube/gcc-arm-none-eabi-10.3-2021.10/bin/../lib/gcc/arm-none-eabi/10.3.1/thumb/v7e-m/nofp/crtbegin.o

.rodata         0x080044c0       0x24
                0x080044c0                . = ALIGN (0x4)
 *(.rodata)
 *(.rodata*)
 .rodata.AHBPrescTable
                0x080044c0       0x10 CMakeFiles/SRM_L1_can.elf.dir/Core/Src/system_stm32f4xx.c.obj
                0x080044c0                AHBPrescTable
 .rodata.APBPrescTable
                0x080044d0        0x8 CMakeFiles/SRM_L1_can.elf.dir/Core/Src/system_stm32f4xx.c.obj
                0x080044d0                APBPrescTable
 .rodata.flagBitshiftOffset.0
                0x080044d8        0x8 CMakeFiles/SRM_L1_can.elf.dir/Drivers/STM32F4xx_HAL_Driver/Src/stm32f4xx_hal_dma.c.obj
 .rodata._global_impure_ptr
                0x080044e0        0x4 g:/stm32cube/gcc-arm-none-eabi-10.3-2021.10/bin/../lib/gcc/arm-none-eabi/10.3.1/../../../../arm-none-eabi/lib/thumb/v7e-m/nofp\libg.a(lib_a-impure.o)
                0x080044e0                _global_impure_ptr
                0x080044e4                . = ALIGN (0x4)

.ARM.extab      0x080044e4        0x0
                0x080044e4                . = ALIGN (0x4)
 *(.ARM.extab* .gnu.linkonce.armextab.*)
                0x080044e4                . = ALIGN (0x4)

.ARM            0x080044e4        0x8
                0x080044e4                . = ALIGN (0x4)
                0x080044e4                __exidx_start = .
 *(.ARM.exidx*)
 .ARM.exidx     0x080044e4        0x8 g:/stm32cube/gcc-arm-none-eabi-10.3-2021.10/bin/../lib/gcc/arm-none-eabi/10.3.1/thumb/v7e-m/nofp\libgcc.a(_udivmoddi4.o)
                0x080044ec                __exidx_end = .
                0x080044ec                . = ALIGN (0x4)

.rel.dyn        0x080044ec        0x0
 .rel.iplt      0x080044ec        0x0 g:/stm32cube/gcc-arm-none-eabi-10.3-2021.10/bin/../lib/gcc/arm-none-eabi/10.3.1/thumb/v7e-m/nofp/crtbegin.o

.preinit_array  0x080044ec        0x0
                0x080044ec                . = ALIGN (0x4)
                0x080044ec                PROVIDE (__preinit_array_start = .)
 *(.preinit_array*)
                0x080044ec                PROVIDE (__preinit_array_end = .)
                0x080044ec                . = ALIGN (0x4)

.init_array     0x080044ec        0x8
                0x080044ec                . = ALIGN (0x4)
                0x080044ec                PROVIDE (__init_array_start = .)
 *(SORT_BY_NAME(.init_array.*))
 .init_array.00000
                0x080044ec        0x4 g:/stm32cube/gcc-arm-none-eabi-10.3-2021.10/bin/../lib/gcc/arm-none-eabi/10.3.1/../../../../arm-none-eabi/lib/thumb/v7e-m/nofp\libg.a(lib_a-__call_atexit.o)
 *(.init_array*)
 .init_array    0x080044f0        0x4 g:/stm32cube/gcc-arm-none-eabi-10.3-2021.10/bin/../lib/gcc/arm-none-eabi/10.3.1/thumb/v7e-m/nofp/crtbegin.o
                0x080044f4                PROVIDE (__init_array_end = .)
                0x080044f4                . = ALIGN (0x4)

.fini_array     0x080044f4        0x4
                0x080044f4                . = ALIGN (0x4)
                0x080044f4                PROVIDE (__fini_array_start = .)
 *(SORT_BY_NAME(.fini_array.*))
 *(.fini_array*)
 .fini_array    0x080044f4        0x4 g:/stm32cube/gcc-arm-none-eabi-10.3-2021.10/bin/../lib/gcc/arm-none-eabi/10.3.1/thumb/v7e-m/nofp/crtbegin.o
                0x080044f8                PROVIDE (__fini_array_end = .)
                0x080044f8                . = ALIGN (0x4)
                0x080044f8                _sidata = LOADADDR (.data)

.data           0x20000000      0x43c load address 0x080044f8
                0x20000000                . = ALIGN (0x4)
                0x20000000                _sdata = .
 *(.data)
 *(.data*)
 .data.SystemCoreClock
                0x20000000        0x4 CMakeFiles/SRM_L1_can.elf.dir/Core/Src/system_stm32f4xx.c.obj
                0x20000000                SystemCoreClock
 .data.uwTickFreq
                0x20000004        0x1 CMakeFiles/SRM_L1_can.elf.dir/Drivers/STM32F4xx_HAL_Driver/Src/stm32f4xx_hal.c.obj
                0x20000004                uwTickFreq
 *fill*         0x20000005        0x3 
 .data.uwTickPrio
                0x20000008        0x4 CMakeFiles/SRM_L1_can.elf.dir/Drivers/STM32F4xx_HAL_Driver/Src/stm32f4xx_hal.c.obj
                0x20000008                uwTickPrio
 *fill*         0x2000000c        0x4 
 .data.impure_data
                0x20000010      0x428 g:/stm32cube/gcc-arm-none-eabi-10.3-2021.10/bin/../lib/gcc/arm-none-eabi/10.3.1/../../../../arm-none-eabi/lib/thumb/v7e-m/nofp\libg.a(lib_a-impure.o)
 .data.__atexit_recursive_mutex
                0x20000438        0x4 g:/stm32cube/gcc-arm-none-eabi-10.3-2021.10/bin/../lib/gcc/arm-none-eabi/10.3.1/../../../../arm-none-eabi/lib/thumb/v7e-m/nofp\libg.a(lib_a-__call_atexit.o)
                0x20000438                __atexit_recursive_mutex
 *(.RamFunc)
 *(.RamFunc*)
                0x2000043c                . = ALIGN (0x4)
                0x2000043c                _edata = .
                0x08004934                _siccmram = LOADADDR (.ccmram)

.igot.plt       0x2000043c        0x0 load address 0x08004934
 .igot.plt      0x2000043c        0x0 g:/stm32cube/gcc-arm-none-eabi-10.3-2021.10/bin/../lib/gcc/arm-none-eabi/10.3.1/thumb/v7e-m/nofp/crtbegin.o

.ccmram         0x10000000        0x0 load address 0x08004934
                0x10000000                . = ALIGN (0x4)
                0x10000000                _sccmram = .
 *(.ccmram)
 *(.ccmram*)
                0x10000000                . = ALIGN (0x4)
                0x10000000                _eccmram = .
                0x10000000                . = ALIGN (0x4)

.bss            0x20000440      0x2e4
                0x20000440                _sbss = .
                0x20000440                __bss_start__ = _sbss
 *(.bss)
 .bss           0x20000440       0x1c g:/stm32cube/gcc-arm-none-eabi-10.3-2021.10/bin/../lib/gcc/arm-none-eabi/10.3.1/thumb/v7e-m/nofp/crtbegin.o
 *(.bss*)
 .bss.HAL_RCC_CAN1_CLK_ENABLED
                0x2000045c        0x4 CMakeFiles/SRM_L1_can.elf.dir/Core/Src/can.c.obj
 .bss.hcan1     0x20000460       0x28 CMakeFiles/SRM_L1_can.elf.dir/Core/Src/can.c.obj
                0x20000460                hcan1
 .bss.hcan2     0x20000488       0x28 CMakeFiles/SRM_L1_can.elf.dir/Core/Src/can.c.obj
                0x20000488                hcan2
 .bss.hdma_usart1_tx
                0x200004b0       0x60 CMakeFiles/SRM_L1_can.elf.dir/Core/Src/usart.c.obj
                0x200004b0                hdma_usart1_tx
 .bss.hdma_usart3_rx
                0x20000510       0x60 CMakeFiles/SRM_L1_can.elf.dir/Core/Src/usart.c.obj
                0x20000510                hdma_usart3_rx
 .bss.huart1    0x20000570       0x48 CMakeFiles/SRM_L1_can.elf.dir/Core/Src/usart.c.obj
                0x20000570                huart1
 .bss.huart3    0x200005b8       0x48 CMakeFiles/SRM_L1_can.elf.dir/Core/Src/usart.c.obj
                0x200005b8                huart3
 .bss.huart6    0x20000600       0x48 CMakeFiles/SRM_L1_can.elf.dir/Core/Src/usart.c.obj
                0x20000600                huart6
 .bss.uwTick    0x20000648        0x4 CMakeFiles/SRM_L1_can.elf.dir/Drivers/STM32F4xx_HAL_Driver/Src/stm32f4xx_hal.c.obj
                0x20000648                uwTick
 .bss.Rx1Message
                0x2000064c       0x1c CMakeFiles/SRM_L1_can.elf.dir/User/User_Driver/Src/can_receive.c.obj
                0x2000064c                Rx1Message
 .bss.Tx1Message
                0x20000668       0x18 CMakeFiles/SRM_L1_can.elf.dir/User/User_Driver/Src/can_receive.c.obj
                0x20000668                Tx1Message
 .bss.TxData.0  0x20000680        0x8 CMakeFiles/SRM_L1_can.elf.dir/User/User_Driver/Src/can_receive.c.obj
 .bss.motor_fric
                0x20000688       0x28 CMakeFiles/SRM_L1_can.elf.dir/User/User_Driver/Src/can_receive.c.obj
                0x20000688                motor_fric
 .bss.motor_supply
                0x200006b0       0x18 CMakeFiles/SRM_L1_can.elf.dir/User/User_Driver/Src/can_receive.c.obj
                0x200006b0                motor_supply
 .bss.motor_yaw
                0x200006c8       0x18 CMakeFiles/SRM_L1_can.elf.dir/User/User_Driver/Src/can_receive.c.obj
                0x200006c8                motor_yaw
 .bss.pTxMailbox
                0x200006e0        0x4 CMakeFiles/SRM_L1_can.elf.dir/User/User_Driver/Src/can_receive.c.obj
                0x200006e0                pTxMailbox
 .bss.rc_ctrl   0x200006e4       0x16 CMakeFiles/SRM_L1_can.elf.dir/User/User_Driver/Src/remote.c.obj
                0x200006e4                rc_ctrl
 *fill*         0x200006fa        0x2 
 .bss.teleData_Rx
                0x200006fc       0x24 CMakeFiles/SRM_L1_can.elf.dir/User/User_Driver/Src/remote.c.obj
                0x200006fc                teleData_Rx
 .bss.__lock___atexit_recursive_mutex
                0x20000720        0x1 g:/stm32cube/gcc-arm-none-eabi-10.3-2021.10/bin/../lib/gcc/arm-none-eabi/10.3.1/../../../../arm-none-eabi/lib/thumb/v7e-m/nofp\libg.a(lib_a-lock.o)
                0x20000720                __lock___atexit_recursive_mutex
 *(COMMON)
                0x20000724                . = ALIGN (0x4)
 *fill*         0x20000721        0x3 
                0x20000724                _ebss = .
                0x20000724                __bss_end__ = _ebss

._user_heap_stack
                0x20000724      0x604
                0x20000728                . = ALIGN (0x8)
 *fill*         0x20000724        0x4 
                [!provide]                PROVIDE (end = .)
                0x20000728                PROVIDE (_end = .)
                0x20000928                . = (. + _Min_Heap_Size)
 *fill*         0x20000728      0x200 
                0x20000d28                . = (. + _Min_Stack_Size)
 *fill*         0x20000928      0x400 
                0x20000d28                . = ALIGN (0x8)

/DISCARD/
 libc.a(*)
 libm.a(*)
 libgcc.a(*)

.ARM.attributes
                0x00000000       0x2a
 *(.ARM.attributes)
 .ARM.attributes
                0x00000000       0x1e g:/stm32cube/gcc-arm-none-eabi-10.3-2021.10/bin/../lib/gcc/arm-none-eabi/10.3.1/thumb/v7e-m/nofp/crti.o
 .ARM.attributes
                0x0000001e       0x2e g:/stm32cube/gcc-arm-none-eabi-10.3-2021.10/bin/../lib/gcc/arm-none-eabi/10.3.1/thumb/v7e-m/nofp/crtbegin.o
 .ARM.attributes
                0x0000004c       0x2e CMakeFiles/SRM_L1_can.elf.dir/Core/Src/can.c.obj
 .ARM.attributes
                0x0000007a       0x2e CMakeFiles/SRM_L1_can.elf.dir/Core/Src/dma.c.obj
 .ARM.attributes
                0x000000a8       0x2e CMakeFiles/SRM_L1_can.elf.dir/Core/Src/gpio.c.obj
 .ARM.attributes
                0x000000d6       0x2e CMakeFiles/SRM_L1_can.elf.dir/Core/Src/main.c.obj
 .ARM.attributes
                0x00000104       0x2e CMakeFiles/SRM_L1_can.elf.dir/Core/Src/stm32f4xx_hal_msp.c.obj
 .ARM.attributes
                0x00000132       0x2e CMakeFiles/SRM_L1_can.elf.dir/Core/Src/stm32f4xx_it.c.obj
 .ARM.attributes
                0x00000160       0x2e CMakeFiles/SRM_L1_can.elf.dir/Core/Src/system_stm32f4xx.c.obj
 .ARM.attributes
                0x0000018e       0x2e CMakeFiles/SRM_L1_can.elf.dir/Core/Src/usart.c.obj
 .ARM.attributes
                0x000001bc       0x2e CMakeFiles/SRM_L1_can.elf.dir/Drivers/STM32F4xx_HAL_Driver/Src/stm32f4xx_hal.c.obj
 .ARM.attributes
                0x000001ea       0x2e CMakeFiles/SRM_L1_can.elf.dir/Drivers/STM32F4xx_HAL_Driver/Src/stm32f4xx_hal_can.c.obj
 .ARM.attributes
                0x00000218       0x2e CMakeFiles/SRM_L1_can.elf.dir/Drivers/STM32F4xx_HAL_Driver/Src/stm32f4xx_hal_cortex.c.obj
 .ARM.attributes
                0x00000246       0x2e CMakeFiles/SRM_L1_can.elf.dir/Drivers/STM32F4xx_HAL_Driver/Src/stm32f4xx_hal_dma.c.obj
 .ARM.attributes
                0x00000274       0x2e CMakeFiles/SRM_L1_can.elf.dir/Drivers/STM32F4xx_HAL_Driver/Src/stm32f4xx_hal_dma_ex.c.obj
 .ARM.attributes
                0x000002a2       0x2e CMakeFiles/SRM_L1_can.elf.dir/Drivers/STM32F4xx_HAL_Driver/Src/stm32f4xx_hal_gpio.c.obj
 .ARM.attributes
                0x000002d0       0x2e CMakeFiles/SRM_L1_can.elf.dir/Drivers/STM32F4xx_HAL_Driver/Src/stm32f4xx_hal_rcc.c.obj
 .ARM.attributes
                0x000002fe       0x2e CMakeFiles/SRM_L1_can.elf.dir/Drivers/STM32F4xx_HAL_Driver/Src/stm32f4xx_hal_uart.c.obj
 .ARM.attributes
                0x0000032c       0x21 CMakeFiles/SRM_L1_can.elf.dir/Startup/startup_stm32f407ighx.s.obj
 .ARM.attributes
                0x0000034d       0x2e CMakeFiles/SRM_L1_can.elf.dir/User/User_Driver/Src/can_receive.c.obj
 .ARM.attributes
                0x0000037b       0x2e CMakeFiles/SRM_L1_can.elf.dir/User/User_Driver/Src/io.c.obj
 .ARM.attributes
                0x000003a9       0x2e CMakeFiles/SRM_L1_can.elf.dir/User/User_Driver/Src/pid.c.obj
 .ARM.attributes
                0x000003d7       0x2e CMakeFiles/SRM_L1_can.elf.dir/User/User_Driver/Src/remote.c.obj
 .ARM.attributes
                0x00000405       0x1e g:/stm32cube/gcc-arm-none-eabi-10.3-2021.10/bin/../lib/gcc/arm-none-eabi/10.3.1/thumb/v7e-m/nofp\libgcc.a(_arm_mulsf3.o)
 .ARM.attributes
                0x00000423       0x1e g:/stm32cube/gcc-arm-none-eabi-10.3-2021.10/bin/../lib/gcc/arm-none-eabi/10.3.1/thumb/v7e-m/nofp\libgcc.a(_arm_addsubsf3.o)
 .ARM.attributes
                0x00000441       0x1e g:/stm32cube/gcc-arm-none-eabi-10.3-2021.10/bin/../lib/gcc/arm-none-eabi/10.3.1/thumb/v7e-m/nofp\libgcc.a(_arm_cmpsf2.o)
 .ARM.attributes
                0x0000045f       0x1e g:/stm32cube/gcc-arm-none-eabi-10.3-2021.10/bin/../lib/gcc/arm-none-eabi/10.3.1/thumb/v7e-m/nofp\libgcc.a(_arm_fixsfsi.o)
 .ARM.attributes
                0x0000047d       0x1e g:/stm32cube/gcc-arm-none-eabi-10.3-2021.10/bin/../lib/gcc/arm-none-eabi/10.3.1/thumb/v7e-m/nofp\libgcc.a(_aeabi_uldivmod.o)
 .ARM.attributes
                0x0000049b       0x2e g:/stm32cube/gcc-arm-none-eabi-10.3-2021.10/bin/../lib/gcc/arm-none-eabi/10.3.1/thumb/v7e-m/nofp\libgcc.a(_udivmoddi4.o)
 .ARM.attributes
                0x000004c9       0x1e g:/stm32cube/gcc-arm-none-eabi-10.3-2021.10/bin/../lib/gcc/arm-none-eabi/10.3.1/thumb/v7e-m/nofp\libgcc.a(_dvmd_tls.o)
 .ARM.attributes
                0x000004e7       0x2e g:/stm32cube/gcc-arm-none-eabi-10.3-2021.10/bin/../lib/gcc/arm-none-eabi/10.3.1/../../../../arm-none-eabi/lib/thumb/v7e-m/nofp\libg.a(lib_a-impure.o)
 .ARM.attributes
                0x00000515       0x2e g:/stm32cube/gcc-arm-none-eabi-10.3-2021.10/bin/../lib/gcc/arm-none-eabi/10.3.1/../../../../arm-none-eabi/lib/thumb/v7e-m/nofp\libg.a(lib_a-init.o)
 .ARM.attributes
                0x00000543       0x2e g:/stm32cube/gcc-arm-none-eabi-10.3-2021.10/bin/../lib/gcc/arm-none-eabi/10.3.1/../../../../arm-none-eabi/lib/thumb/v7e-m/nofp\libg.a(lib_a-memset.o)
 .ARM.attributes
                0x00000571       0x2e g:/stm32cube/gcc-arm-none-eabi-10.3-2021.10/bin/../lib/gcc/arm-none-eabi/10.3.1/../../../../arm-none-eabi/lib/thumb/v7e-m/nofp\libg.a(lib_a-__call_atexit.o)
 .ARM.attributes
                0x0000059f       0x2e g:/stm32cube/gcc-arm-none-eabi-10.3-2021.10/bin/../lib/gcc/arm-none-eabi/10.3.1/../../../../arm-none-eabi/lib/thumb/v7e-m/nofp\libg.a(lib_a-atexit.o)
 .ARM.attributes
                0x000005cd       0x2e g:/stm32cube/gcc-arm-none-eabi-10.3-2021.10/bin/../lib/gcc/arm-none-eabi/10.3.1/../../../../arm-none-eabi/lib/thumb/v7e-m/nofp\libg.a(lib_a-fini.o)
 .ARM.attributes
                0x000005fb       0x2e g:/stm32cube/gcc-arm-none-eabi-10.3-2021.10/bin/../lib/gcc/arm-none-eabi/10.3.1/../../../../arm-none-eabi/lib/thumb/v7e-m/nofp\libg.a(lib_a-lock.o)
 .ARM.attributes
                0x00000629       0x2e g:/stm32cube/gcc-arm-none-eabi-10.3-2021.10/bin/../lib/gcc/arm-none-eabi/10.3.1/../../../../arm-none-eabi/lib/thumb/v7e-m/nofp\libg.a(lib_a-__atexit.o)
 .ARM.attributes
                0x00000657       0x1e g:/stm32cube/gcc-arm-none-eabi-10.3-2021.10/bin/../lib/gcc/arm-none-eabi/10.3.1/thumb/v7e-m/nofp/crtn.o
OUTPUT(SRM_L1_can.elf elf32-littlearm)
LOAD linker stubs
LOAD g:/stm32cube/gcc-arm-none-eabi-10.3-2021.10/bin/../lib/gcc/arm-none-eabi/10.3.1/../../../../arm-none-eabi/lib/thumb/v7e-m/nofp\libc.a
LOAD g:/stm32cube/gcc-arm-none-eabi-10.3-2021.10/bin/../lib/gcc/arm-none-eabi/10.3.1/../../../../arm-none-eabi/lib/thumb/v7e-m/nofp\libm.a
LOAD g:/stm32cube/gcc-arm-none-eabi-10.3-2021.10/bin/../lib/gcc/arm-none-eabi/10.3.1/thumb/v7e-m/nofp\libgcc.a

.debug_info     0x00000000     0xf50d
 .debug_info    0x00000000      0xcb1 CMakeFiles/SRM_L1_can.elf.dir/Core/Src/can.c.obj
 .debug_info    0x00000cb1      0x54d CMakeFiles/SRM_L1_can.elf.dir/Core/Src/dma.c.obj
 .debug_info    0x000011fe      0x318 CMakeFiles/SRM_L1_can.elf.dir/Core/Src/gpio.c.obj
 .debug_info    0x00001516     0x1010 CMakeFiles/SRM_L1_can.elf.dir/Core/Src/main.c.obj
 .debug_info    0x00002526      0x2a4 CMakeFiles/SRM_L1_can.elf.dir/Core/Src/stm32f4xx_hal_msp.c.obj
 .debug_info    0x000027ca      0xb36 CMakeFiles/SRM_L1_can.elf.dir/Core/Src/stm32f4xx_it.c.obj
 .debug_info    0x00003300      0x37d CMakeFiles/SRM_L1_can.elf.dir/Core/Src/system_stm32f4xx.c.obj
 .debug_info    0x0000367d      0xef5 CMakeFiles/SRM_L1_can.elf.dir/Core/Src/usart.c.obj
 .debug_info    0x00004572      0x9f0 CMakeFiles/SRM_L1_can.elf.dir/Drivers/STM32F4xx_HAL_Driver/Src/stm32f4xx_hal.c.obj
 .debug_info    0x00004f62     0x12b8 CMakeFiles/SRM_L1_can.elf.dir/Drivers/STM32F4xx_HAL_Driver/Src/stm32f4xx_hal_can.c.obj
 .debug_info    0x0000621a     0x10de CMakeFiles/SRM_L1_can.elf.dir/Drivers/STM32F4xx_HAL_Driver/Src/stm32f4xx_hal_cortex.c.obj
 .debug_info    0x000072f8      0xb3f CMakeFiles/SRM_L1_can.elf.dir/Drivers/STM32F4xx_HAL_Driver/Src/stm32f4xx_hal_dma.c.obj
 .debug_info    0x00007e37      0x5ac CMakeFiles/SRM_L1_can.elf.dir/Drivers/STM32F4xx_HAL_Driver/Src/stm32f4xx_hal_dma_ex.c.obj
 .debug_info    0x000083e3      0x7b0 CMakeFiles/SRM_L1_can.elf.dir/Drivers/STM32F4xx_HAL_Driver/Src/stm32f4xx_hal_gpio.c.obj
 .debug_info    0x00008b93      0xb03 CMakeFiles/SRM_L1_can.elf.dir/Drivers/STM32F4xx_HAL_Driver/Src/stm32f4xx_hal_rcc.c.obj
 .debug_info    0x00009696     0x418f CMakeFiles/SRM_L1_can.elf.dir/Drivers/STM32F4xx_HAL_Driver/Src/stm32f4xx_hal_uart.c.obj
 .debug_info    0x0000d825       0x22 CMakeFiles/SRM_L1_can.elf.dir/Startup/startup_stm32f407ighx.s.obj
 .debug_info    0x0000d847      0xd5c CMakeFiles/SRM_L1_can.elf.dir/User/User_Driver/Src/can_receive.c.obj
 .debug_info    0x0000e5a3      0x96a CMakeFiles/SRM_L1_can.elf.dir/User/User_Driver/Src/io.c.obj
 .debug_info    0x0000ef0d      0x33b CMakeFiles/SRM_L1_can.elf.dir/User/User_Driver/Src/pid.c.obj
 .debug_info    0x0000f248      0x2c5 CMakeFiles/SRM_L1_can.elf.dir/User/User_Driver/Src/remote.c.obj

.debug_abbrev   0x00000000     0x2737
 .debug_abbrev  0x00000000      0x1e5 CMakeFiles/SRM_L1_can.elf.dir/Core/Src/can.c.obj
 .debug_abbrev  0x000001e5      0x126 CMakeFiles/SRM_L1_can.elf.dir/Core/Src/dma.c.obj
 .debug_abbrev  0x0000030b       0xd1 CMakeFiles/SRM_L1_can.elf.dir/Core/Src/gpio.c.obj
 .debug_abbrev  0x000003dc      0x24b CMakeFiles/SRM_L1_can.elf.dir/Core/Src/main.c.obj
 .debug_abbrev  0x00000627       0xd1 CMakeFiles/SRM_L1_can.elf.dir/Core/Src/stm32f4xx_hal_msp.c.obj
 .debug_abbrev  0x000006f8      0x1de CMakeFiles/SRM_L1_can.elf.dir/Core/Src/stm32f4xx_it.c.obj
 .debug_abbrev  0x000008d6      0x119 CMakeFiles/SRM_L1_can.elf.dir/Core/Src/system_stm32f4xx.c.obj
 .debug_abbrev  0x000009ef      0x1f6 CMakeFiles/SRM_L1_can.elf.dir/Core/Src/usart.c.obj
 .debug_abbrev  0x00000be5      0x206 CMakeFiles/SRM_L1_can.elf.dir/Drivers/STM32F4xx_HAL_Driver/Src/stm32f4xx_hal.c.obj
 .debug_abbrev  0x00000deb      0x262 CMakeFiles/SRM_L1_can.elf.dir/Drivers/STM32F4xx_HAL_Driver/Src/stm32f4xx_hal_can.c.obj
 .debug_abbrev  0x0000104d      0x361 CMakeFiles/SRM_L1_can.elf.dir/Drivers/STM32F4xx_HAL_Driver/Src/stm32f4xx_hal_cortex.c.obj
 .debug_abbrev  0x000013ae      0x2c2 CMakeFiles/SRM_L1_can.elf.dir/Drivers/STM32F4xx_HAL_Driver/Src/stm32f4xx_hal_dma.c.obj
 .debug_abbrev  0x00001670      0x1b6 CMakeFiles/SRM_L1_can.elf.dir/Drivers/STM32F4xx_HAL_Driver/Src/stm32f4xx_hal_dma_ex.c.obj
 .debug_abbrev  0x00001826      0x1ef CMakeFiles/SRM_L1_can.elf.dir/Drivers/STM32F4xx_HAL_Driver/Src/stm32f4xx_hal_gpio.c.obj
 .debug_abbrev  0x00001a15      0x28a CMakeFiles/SRM_L1_can.elf.dir/Drivers/STM32F4xx_HAL_Driver/Src/stm32f4xx_hal_rcc.c.obj
 .debug_abbrev  0x00001c9f      0x2fd CMakeFiles/SRM_L1_can.elf.dir/Drivers/STM32F4xx_HAL_Driver/Src/stm32f4xx_hal_uart.c.obj
 .debug_abbrev  0x00001f9c       0x12 CMakeFiles/SRM_L1_can.elf.dir/Startup/startup_stm32f407ighx.s.obj
 .debug_abbrev  0x00001fae      0x316 CMakeFiles/SRM_L1_can.elf.dir/User/User_Driver/Src/can_receive.c.obj
 .debug_abbrev  0x000022c4      0x1f5 CMakeFiles/SRM_L1_can.elf.dir/User/User_Driver/Src/io.c.obj
 .debug_abbrev  0x000024b9      0x121 CMakeFiles/SRM_L1_can.elf.dir/User/User_Driver/Src/pid.c.obj
 .debug_abbrev  0x000025da      0x15d CMakeFiles/SRM_L1_can.elf.dir/User/User_Driver/Src/remote.c.obj

.debug_loc      0x00000000     0x8185
 .debug_loc     0x00000000       0xcb CMakeFiles/SRM_L1_can.elf.dir/Core/Src/can.c.obj
 .debug_loc     0x000000cb       0xf3 CMakeFiles/SRM_L1_can.elf.dir/Core/Src/main.c.obj
 .debug_loc     0x000001be      0x158 CMakeFiles/SRM_L1_can.elf.dir/Core/Src/system_stm32f4xx.c.obj
 .debug_loc     0x00000316       0xe0 CMakeFiles/SRM_L1_can.elf.dir/Core/Src/usart.c.obj
 .debug_loc     0x000003f6      0x141 CMakeFiles/SRM_L1_can.elf.dir/Drivers/STM32F4xx_HAL_Driver/Src/stm32f4xx_hal.c.obj
 .debug_loc     0x00000537      0xde9 CMakeFiles/SRM_L1_can.elf.dir/Drivers/STM32F4xx_HAL_Driver/Src/stm32f4xx_hal_can.c.obj
 .debug_loc     0x00001320      0x744 CMakeFiles/SRM_L1_can.elf.dir/Drivers/STM32F4xx_HAL_Driver/Src/stm32f4xx_hal_cortex.c.obj
 .debug_loc     0x00001a64      0xbf9 CMakeFiles/SRM_L1_can.elf.dir/Drivers/STM32F4xx_HAL_Driver/Src/stm32f4xx_hal_dma.c.obj
 .debug_loc     0x0000265d      0x422 CMakeFiles/SRM_L1_can.elf.dir/Drivers/STM32F4xx_HAL_Driver/Src/stm32f4xx_hal_dma_ex.c.obj
 .debug_loc     0x00002a7f      0x520 CMakeFiles/SRM_L1_can.elf.dir/Drivers/STM32F4xx_HAL_Driver/Src/stm32f4xx_hal_gpio.c.obj
 .debug_loc     0x00002f9f      0x58c CMakeFiles/SRM_L1_can.elf.dir/Drivers/STM32F4xx_HAL_Driver/Src/stm32f4xx_hal_rcc.c.obj
 .debug_loc     0x0000352b     0x46c8 CMakeFiles/SRM_L1_can.elf.dir/Drivers/STM32F4xx_HAL_Driver/Src/stm32f4xx_hal_uart.c.obj
 .debug_loc     0x00007bf3      0x2e5 CMakeFiles/SRM_L1_can.elf.dir/User/User_Driver/Src/can_receive.c.obj
 .debug_loc     0x00007ed8      0x1ac CMakeFiles/SRM_L1_can.elf.dir/User/User_Driver/Src/io.c.obj
 .debug_loc     0x00008084       0xdc CMakeFiles/SRM_L1_can.elf.dir/User/User_Driver/Src/pid.c.obj
 .debug_loc     0x00008160       0x25 CMakeFiles/SRM_L1_can.elf.dir/User/User_Driver/Src/remote.c.obj

.debug_aranges  0x00000000      0x9b0
 .debug_aranges
                0x00000000       0x38 CMakeFiles/SRM_L1_can.elf.dir/Core/Src/can.c.obj
 .debug_aranges
                0x00000038       0x20 CMakeFiles/SRM_L1_can.elf.dir/Core/Src/dma.c.obj
 .debug_aranges
                0x00000058       0x20 CMakeFiles/SRM_L1_can.elf.dir/Core/Src/gpio.c.obj
 .debug_aranges
                0x00000078       0x38 CMakeFiles/SRM_L1_can.elf.dir/Core/Src/main.c.obj
 .debug_aranges
                0x000000b0       0x20 CMakeFiles/SRM_L1_can.elf.dir/Core/Src/stm32f4xx_hal_msp.c.obj
 .debug_aranges
                0x000000d0       0x88 CMakeFiles/SRM_L1_can.elf.dir/Core/Src/stm32f4xx_it.c.obj
 .debug_aranges
                0x00000158       0x28 CMakeFiles/SRM_L1_can.elf.dir/Core/Src/system_stm32f4xx.c.obj
 .debug_aranges
                0x00000180       0x40 CMakeFiles/SRM_L1_can.elf.dir/Core/Src/usart.c.obj
 .debug_aranges
                0x000001c0       0xf0 CMakeFiles/SRM_L1_can.elf.dir/Drivers/STM32F4xx_HAL_Driver/Src/stm32f4xx_hal.c.obj
 .debug_aranges
                0x000002b0      0x138 CMakeFiles/SRM_L1_can.elf.dir/Drivers/STM32F4xx_HAL_Driver/Src/stm32f4xx_hal_can.c.obj
 .debug_aranges
                0x000003e8       0xc0 CMakeFiles/SRM_L1_can.elf.dir/Drivers/STM32F4xx_HAL_Driver/Src/stm32f4xx_hal_cortex.c.obj
 .debug_aranges
                0x000004a8       0x90 CMakeFiles/SRM_L1_can.elf.dir/Drivers/STM32F4xx_HAL_Driver/Src/stm32f4xx_hal_dma.c.obj
 .debug_aranges
                0x00000538       0x38 CMakeFiles/SRM_L1_can.elf.dir/Drivers/STM32F4xx_HAL_Driver/Src/stm32f4xx_hal_dma_ex.c.obj
 .debug_aranges
                0x00000570       0x58 CMakeFiles/SRM_L1_can.elf.dir/Drivers/STM32F4xx_HAL_Driver/Src/stm32f4xx_hal_gpio.c.obj
 .debug_aranges
                0x000005c8       0x88 CMakeFiles/SRM_L1_can.elf.dir/Drivers/STM32F4xx_HAL_Driver/Src/stm32f4xx_hal_rcc.c.obj
 .debug_aranges
                0x00000650      0x208 CMakeFiles/SRM_L1_can.elf.dir/Drivers/STM32F4xx_HAL_Driver/Src/stm32f4xx_hal_uart.c.obj
 .debug_aranges
                0x00000858       0x28 CMakeFiles/SRM_L1_can.elf.dir/Startup/startup_stm32f407ighx.s.obj
 .debug_aranges
                0x00000880       0x88 CMakeFiles/SRM_L1_can.elf.dir/User/User_Driver/Src/can_receive.c.obj
 .debug_aranges
                0x00000908       0x48 CMakeFiles/SRM_L1_can.elf.dir/User/User_Driver/Src/io.c.obj
 .debug_aranges
                0x00000950       0x28 CMakeFiles/SRM_L1_can.elf.dir/User/User_Driver/Src/pid.c.obj
 .debug_aranges
                0x00000978       0x38 CMakeFiles/SRM_L1_can.elf.dir/User/User_Driver/Src/remote.c.obj

.debug_ranges   0x00000000      0x940
 .debug_ranges  0x00000000       0x28 CMakeFiles/SRM_L1_can.elf.dir/Core/Src/can.c.obj
 .debug_ranges  0x00000028       0x10 CMakeFiles/SRM_L1_can.elf.dir/Core/Src/dma.c.obj
 .debug_ranges  0x00000038       0x10 CMakeFiles/SRM_L1_can.elf.dir/Core/Src/gpio.c.obj
 .debug_ranges  0x00000048       0x40 CMakeFiles/SRM_L1_can.elf.dir/Core/Src/main.c.obj
 .debug_ranges  0x00000088       0x10 CMakeFiles/SRM_L1_can.elf.dir/Core/Src/stm32f4xx_hal_msp.c.obj
 .debug_ranges  0x00000098       0x78 CMakeFiles/SRM_L1_can.elf.dir/Core/Src/stm32f4xx_it.c.obj
 .debug_ranges  0x00000110       0x18 CMakeFiles/SRM_L1_can.elf.dir/Core/Src/system_stm32f4xx.c.obj
 .debug_ranges  0x00000128       0x30 CMakeFiles/SRM_L1_can.elf.dir/Core/Src/usart.c.obj
 .debug_ranges  0x00000158       0xe0 CMakeFiles/SRM_L1_can.elf.dir/Drivers/STM32F4xx_HAL_Driver/Src/stm32f4xx_hal.c.obj
 .debug_ranges  0x00000238      0x140 CMakeFiles/SRM_L1_can.elf.dir/Drivers/STM32F4xx_HAL_Driver/Src/stm32f4xx_hal_can.c.obj
 .debug_ranges  0x00000378      0x110 CMakeFiles/SRM_L1_can.elf.dir/Drivers/STM32F4xx_HAL_Driver/Src/stm32f4xx_hal_cortex.c.obj
 .debug_ranges  0x00000488       0x80 CMakeFiles/SRM_L1_can.elf.dir/Drivers/STM32F4xx_HAL_Driver/Src/stm32f4xx_hal_dma.c.obj
 .debug_ranges  0x00000508       0x28 CMakeFiles/SRM_L1_can.elf.dir/Drivers/STM32F4xx_HAL_Driver/Src/stm32f4xx_hal_dma_ex.c.obj
 .debug_ranges  0x00000530       0x48 CMakeFiles/SRM_L1_can.elf.dir/Drivers/STM32F4xx_HAL_Driver/Src/stm32f4xx_hal_gpio.c.obj
 .debug_ranges  0x00000578       0x90 CMakeFiles/SRM_L1_can.elf.dir/Drivers/STM32F4xx_HAL_Driver/Src/stm32f4xx_hal_rcc.c.obj
 .debug_ranges  0x00000608      0x210 CMakeFiles/SRM_L1_can.elf.dir/Drivers/STM32F4xx_HAL_Driver/Src/stm32f4xx_hal_uart.c.obj
 .debug_ranges  0x00000818       0x20 CMakeFiles/SRM_L1_can.elf.dir/Startup/startup_stm32f407ighx.s.obj
 .debug_ranges  0x00000838       0x78 CMakeFiles/SRM_L1_can.elf.dir/User/User_Driver/Src/can_receive.c.obj
 .debug_ranges  0x000008b0       0x50 CMakeFiles/SRM_L1_can.elf.dir/User/User_Driver/Src/io.c.obj
 .debug_ranges  0x00000900       0x18 CMakeFiles/SRM_L1_can.elf.dir/User/User_Driver/Src/pid.c.obj
 .debug_ranges  0x00000918       0x28 CMakeFiles/SRM_L1_can.elf.dir/User/User_Driver/Src/remote.c.obj

.debug_line     0x00000000     0xb935
 .debug_line    0x00000000      0x521 CMakeFiles/SRM_L1_can.elf.dir/Core/Src/can.c.obj
 .debug_line    0x00000521      0x1c8 CMakeFiles/SRM_L1_can.elf.dir/Core/Src/dma.c.obj
 .debug_line    0x000006e9      0x189 CMakeFiles/SRM_L1_can.elf.dir/Core/Src/gpio.c.obj
 .debug_line    0x00000872      0x4bf CMakeFiles/SRM_L1_can.elf.dir/Core/Src/main.c.obj
 .debug_line    0x00000d31      0x17f CMakeFiles/SRM_L1_can.elf.dir/Core/Src/stm32f4xx_hal_msp.c.obj
 .debug_line    0x00000eb0      0x399 CMakeFiles/SRM_L1_can.elf.dir/Core/Src/stm32f4xx_it.c.obj
 .debug_line    0x00001249      0x247 CMakeFiles/SRM_L1_can.elf.dir/Core/Src/system_stm32f4xx.c.obj
 .debug_line    0x00001490      0x5a8 CMakeFiles/SRM_L1_can.elf.dir/Core/Src/usart.c.obj
 .debug_line    0x00001a38      0x5bb CMakeFiles/SRM_L1_can.elf.dir/Drivers/STM32F4xx_HAL_Driver/Src/stm32f4xx_hal.c.obj
 .debug_line    0x00001ff3     0x1154 CMakeFiles/SRM_L1_can.elf.dir/Drivers/STM32F4xx_HAL_Driver/Src/stm32f4xx_hal_can.c.obj
 .debug_line    0x00003147      0x802 CMakeFiles/SRM_L1_can.elf.dir/Drivers/STM32F4xx_HAL_Driver/Src/stm32f4xx_hal_cortex.c.obj
 .debug_line    0x00003949      0xe62 CMakeFiles/SRM_L1_can.elf.dir/Drivers/STM32F4xx_HAL_Driver/Src/stm32f4xx_hal_dma.c.obj
 .debug_line    0x000047ab      0xa1c CMakeFiles/SRM_L1_can.elf.dir/Drivers/STM32F4xx_HAL_Driver/Src/stm32f4xx_hal_dma_ex.c.obj
 .debug_line    0x000051c7      0x71e CMakeFiles/SRM_L1_can.elf.dir/Drivers/STM32F4xx_HAL_Driver/Src/stm32f4xx_hal_gpio.c.obj
 .debug_line    0x000058e5      0xb85 CMakeFiles/SRM_L1_can.elf.dir/Drivers/STM32F4xx_HAL_Driver/Src/stm32f4xx_hal_rcc.c.obj
 .debug_line    0x0000646a     0x4311 CMakeFiles/SRM_L1_can.elf.dir/Drivers/STM32F4xx_HAL_Driver/Src/stm32f4xx_hal_uart.c.obj
 .debug_line    0x0000a77b       0x99 CMakeFiles/SRM_L1_can.elf.dir/Startup/startup_stm32f407ighx.s.obj
 .debug_line    0x0000a814      0x682 CMakeFiles/SRM_L1_can.elf.dir/User/User_Driver/Src/can_receive.c.obj
 .debug_line    0x0000ae96      0x424 CMakeFiles/SRM_L1_can.elf.dir/User/User_Driver/Src/io.c.obj
 .debug_line    0x0000b2ba      0x2e1 CMakeFiles/SRM_L1_can.elf.dir/User/User_Driver/Src/pid.c.obj
 .debug_line    0x0000b59b      0x39a CMakeFiles/SRM_L1_can.elf.dir/User/User_Driver/Src/remote.c.obj

.debug_str      0x00000000     0x35a2
 .debug_str     0x00000000      0xb23 CMakeFiles/SRM_L1_can.elf.dir/Core/Src/can.c.obj
                                0xb8b (size before relaxing)
 .debug_str     0x00000b23       0x34 CMakeFiles/SRM_L1_can.elf.dir/Core/Src/dma.c.obj
                                0x7e1 (size before relaxing)
 .debug_str     0x00000b57       0x36 CMakeFiles/SRM_L1_can.elf.dir/Core/Src/gpio.c.obj
                                0x2cd (size before relaxing)
 .debug_str     0x00000b8d      0x78f CMakeFiles/SRM_L1_can.elf.dir/Core/Src/main.c.obj
                                0xb49 (size before relaxing)
 .debug_str     0x0000131c       0x42 CMakeFiles/SRM_L1_can.elf.dir/Core/Src/stm32f4xx_hal_msp.c.obj
                                0x2d9 (size before relaxing)
 .debug_str     0x0000135e      0x18f CMakeFiles/SRM_L1_can.elf.dir/Core/Src/stm32f4xx_it.c.obj
                                0xa08 (size before relaxing)
 .debug_str     0x000014ed       0x9d CMakeFiles/SRM_L1_can.elf.dir/Core/Src/system_stm32f4xx.c.obj
                                0x33f (size before relaxing)
 .debug_str     0x0000158a       0x8a CMakeFiles/SRM_L1_can.elf.dir/Core/Src/usart.c.obj
                                0xddc (size before relaxing)
 .debug_str     0x00001614      0x35e CMakeFiles/SRM_L1_can.elf.dir/Drivers/STM32F4xx_HAL_Driver/Src/stm32f4xx_hal.c.obj
                                0xb78 (size before relaxing)
 .debug_str     0x00001972      0x56b CMakeFiles/SRM_L1_can.elf.dir/Drivers/STM32F4xx_HAL_Driver/Src/stm32f4xx_hal_can.c.obj
                                0xa53 (size before relaxing)
 .debug_str     0x00001edd      0x4da CMakeFiles/SRM_L1_can.elf.dir/Drivers/STM32F4xx_HAL_Driver/Src/stm32f4xx_hal_cortex.c.obj
                                0xc93 (size before relaxing)
 .debug_str     0x000023b7      0x2e0 CMakeFiles/SRM_L1_can.elf.dir/Drivers/STM32F4xx_HAL_Driver/Src/stm32f4xx_hal_dma.c.obj
                                0x794 (size before relaxing)
 .debug_str     0x00002697      0x11a CMakeFiles/SRM_L1_can.elf.dir/Drivers/STM32F4xx_HAL_Driver/Src/stm32f4xx_hal_dma_ex.c.obj
                                0x567 (size before relaxing)
 .debug_str     0x000027b1      0x16c CMakeFiles/SRM_L1_can.elf.dir/Drivers/STM32F4xx_HAL_Driver/Src/stm32f4xx_hal_gpio.c.obj
                                0x4fe (size before relaxing)
 .debug_str     0x0000291d      0x1ba CMakeFiles/SRM_L1_can.elf.dir/Drivers/STM32F4xx_HAL_Driver/Src/stm32f4xx_hal_rcc.c.obj
                                0x724 (size before relaxing)
 .debug_str     0x00002ad7      0x60c CMakeFiles/SRM_L1_can.elf.dir/Drivers/STM32F4xx_HAL_Driver/Src/stm32f4xx_hal_uart.c.obj
                                0xdb9 (size before relaxing)
 .debug_str     0x000030e3       0x47 CMakeFiles/SRM_L1_can.elf.dir/Startup/startup_stm32f407ighx.s.obj
                                 0x72 (size before relaxing)
 .debug_str     0x0000312a      0x241 CMakeFiles/SRM_L1_can.elf.dir/User/User_Driver/Src/can_receive.c.obj
                                0x947 (size before relaxing)
 .debug_str     0x0000336b      0x157 CMakeFiles/SRM_L1_can.elf.dir/User/User_Driver/Src/io.c.obj
                                0x849 (size before relaxing)
 .debug_str     0x000034c2       0x80 CMakeFiles/SRM_L1_can.elf.dir/User/User_Driver/Src/pid.c.obj
                                0x270 (size before relaxing)
 .debug_str     0x00003542       0x60 CMakeFiles/SRM_L1_can.elf.dir/User/User_Driver/Src/remote.c.obj
                                0x28c (size before relaxing)

.comment        0x00000000       0x49
 .comment       0x00000000       0x49 CMakeFiles/SRM_L1_can.elf.dir/Core/Src/can.c.obj
                                 0x4a (size before relaxing)
 .comment       0x00000049       0x4a CMakeFiles/SRM_L1_can.elf.dir/Core/Src/dma.c.obj
 .comment       0x00000049       0x4a CMakeFiles/SRM_L1_can.elf.dir/Core/Src/gpio.c.obj
 .comment       0x00000049       0x4a CMakeFiles/SRM_L1_can.elf.dir/Core/Src/main.c.obj
 .comment       0x00000049       0x4a CMakeFiles/SRM_L1_can.elf.dir/Core/Src/stm32f4xx_hal_msp.c.obj
 .comment       0x00000049       0x4a CMakeFiles/SRM_L1_can.elf.dir/Core/Src/stm32f4xx_it.c.obj
 .comment       0x00000049       0x4a CMakeFiles/SRM_L1_can.elf.dir/Core/Src/system_stm32f4xx.c.obj
 .comment       0x00000049       0x4a CMakeFiles/SRM_L1_can.elf.dir/Core/Src/usart.c.obj
 .comment       0x00000049       0x4a CMakeFiles/SRM_L1_can.elf.dir/Drivers/STM32F4xx_HAL_Driver/Src/stm32f4xx_hal.c.obj
 .comment       0x00000049       0x4a CMakeFiles/SRM_L1_can.elf.dir/Drivers/STM32F4xx_HAL_Driver/Src/stm32f4xx_hal_can.c.obj
 .comment       0x00000049       0x4a CMakeFiles/SRM_L1_can.elf.dir/Drivers/STM32F4xx_HAL_Driver/Src/stm32f4xx_hal_cortex.c.obj
 .comment       0x00000049       0x4a CMakeFiles/SRM_L1_can.elf.dir/Drivers/STM32F4xx_HAL_Driver/Src/stm32f4xx_hal_dma.c.obj
 .comment       0x00000049       0x4a CMakeFiles/SRM_L1_can.elf.dir/Drivers/STM32F4xx_HAL_Driver/Src/stm32f4xx_hal_dma_ex.c.obj
 .comment       0x00000049       0x4a CMakeFiles/SRM_L1_can.elf.dir/Drivers/STM32F4xx_HAL_Driver/Src/stm32f4xx_hal_gpio.c.obj
 .comment       0x00000049       0x4a CMakeFiles/SRM_L1_can.elf.dir/Drivers/STM32F4xx_HAL_Driver/Src/stm32f4xx_hal_rcc.c.obj
 .comment       0x00000049       0x4a CMakeFiles/SRM_L1_can.elf.dir/Drivers/STM32F4xx_HAL_Driver/Src/stm32f4xx_hal_uart.c.obj
 .comment       0x00000049       0x4a CMakeFiles/SRM_L1_can.elf.dir/User/User_Driver/Src/can_receive.c.obj
 .comment       0x00000049       0x4a CMakeFiles/SRM_L1_can.elf.dir/User/User_Driver/Src/io.c.obj
 .comment       0x00000049       0x4a CMakeFiles/SRM_L1_can.elf.dir/User/User_Driver/Src/pid.c.obj
 .comment       0x00000049       0x4a CMakeFiles/SRM_L1_can.elf.dir/User/User_Driver/Src/remote.c.obj

.debug_frame    0x00000000     0x1a08
 .debug_frame   0x00000000       0x78 CMakeFiles/SRM_L1_can.elf.dir/Core/Src/can.c.obj
 .debug_frame   0x00000078       0x30 CMakeFiles/SRM_L1_can.elf.dir/Core/Src/dma.c.obj
 .debug_frame   0x000000a8       0x28 CMakeFiles/SRM_L1_can.elf.dir/Core/Src/gpio.c.obj
 .debug_frame   0x000000d0       0x84 CMakeFiles/SRM_L1_can.elf.dir/Core/Src/main.c.obj
 .debug_frame   0x00000154       0x28 CMakeFiles/SRM_L1_can.elf.dir/Core/Src/stm32f4xx_hal_msp.c.obj
 .debug_frame   0x0000017c      0x120 CMakeFiles/SRM_L1_can.elf.dir/Core/Src/stm32f4xx_it.c.obj
 .debug_frame   0x0000029c       0x30 CMakeFiles/SRM_L1_can.elf.dir/Core/Src/system_stm32f4xx.c.obj
 .debug_frame   0x000002cc       0x98 CMakeFiles/SRM_L1_can.elf.dir/Core/Src/usart.c.obj
 .debug_frame   0x00000364      0x1ec CMakeFiles/SRM_L1_can.elf.dir/Drivers/STM32F4xx_HAL_Driver/Src/stm32f4xx_hal.c.obj
 .debug_frame   0x00000550      0x2d4 CMakeFiles/SRM_L1_can.elf.dir/Drivers/STM32F4xx_HAL_Driver/Src/stm32f4xx_hal_can.c.obj
 .debug_frame   0x00000824      0x178 CMakeFiles/SRM_L1_can.elf.dir/Drivers/STM32F4xx_HAL_Driver/Src/stm32f4xx_hal_cortex.c.obj
 .debug_frame   0x0000099c      0x188 CMakeFiles/SRM_L1_can.elf.dir/Drivers/STM32F4xx_HAL_Driver/Src/stm32f4xx_hal_dma.c.obj
 .debug_frame   0x00000b24       0x68 CMakeFiles/SRM_L1_can.elf.dir/Drivers/STM32F4xx_HAL_Driver/Src/stm32f4xx_hal_dma_ex.c.obj
 .debug_frame   0x00000b8c       0xd8 CMakeFiles/SRM_L1_can.elf.dir/Drivers/STM32F4xx_HAL_Driver/Src/stm32f4xx_hal_gpio.c.obj
 .debug_frame   0x00000c64      0x16c CMakeFiles/SRM_L1_can.elf.dir/Drivers/STM32F4xx_HAL_Driver/Src/stm32f4xx_hal_rcc.c.obj
 .debug_frame   0x00000dd0      0x5e4 CMakeFiles/SRM_L1_can.elf.dir/Drivers/STM32F4xx_HAL_Driver/Src/stm32f4xx_hal_uart.c.obj
 .debug_frame   0x000013b4      0x158 CMakeFiles/SRM_L1_can.elf.dir/User/User_Driver/Src/can_receive.c.obj
 .debug_frame   0x0000150c       0xac CMakeFiles/SRM_L1_can.elf.dir/User/User_Driver/Src/io.c.obj
 .debug_frame   0x000015b8       0x50 CMakeFiles/SRM_L1_can.elf.dir/User/User_Driver/Src/pid.c.obj
 .debug_frame   0x00001608       0x58 CMakeFiles/SRM_L1_can.elf.dir/User/User_Driver/Src/remote.c.obj
 .debug_frame   0x00001660       0x24 g:/stm32cube/gcc-arm-none-eabi-10.3-2021.10/bin/../lib/gcc/arm-none-eabi/10.3.1/thumb/v7e-m/nofp\libgcc.a(_arm_mulsf3.o)
 .debug_frame   0x00001684       0x4c g:/stm32cube/gcc-arm-none-eabi-10.3-2021.10/bin/../lib/gcc/arm-none-eabi/10.3.1/thumb/v7e-m/nofp\libgcc.a(_arm_addsubsf3.o)
 .debug_frame   0x000016d0       0xc8 g:/stm32cube/gcc-arm-none-eabi-10.3-2021.10/bin/../lib/gcc/arm-none-eabi/10.3.1/thumb/v7e-m/nofp\libgcc.a(_arm_cmpsf2.o)
 .debug_frame   0x00001798       0x24 g:/stm32cube/gcc-arm-none-eabi-10.3-2021.10/bin/../lib/gcc/arm-none-eabi/10.3.1/thumb/v7e-m/nofp\libgcc.a(_arm_fixsfsi.o)
 .debug_frame   0x000017bc       0x2c g:/stm32cube/gcc-arm-none-eabi-10.3-2021.10/bin/../lib/gcc/arm-none-eabi/10.3.1/thumb/v7e-m/nofp\libgcc.a(_aeabi_uldivmod.o)
 .debug_frame   0x000017e8       0x34 g:/stm32cube/gcc-arm-none-eabi-10.3-2021.10/bin/../lib/gcc/arm-none-eabi/10.3.1/thumb/v7e-m/nofp\libgcc.a(_udivmoddi4.o)
 .debug_frame   0x0000181c       0x2c g:/stm32cube/gcc-arm-none-eabi-10.3-2021.10/bin/../lib/gcc/arm-none-eabi/10.3.1/../../../../arm-none-eabi/lib/thumb/v7e-m/nofp\libg.a(lib_a-init.o)
 .debug_frame   0x00001848       0x2c g:/stm32cube/gcc-arm-none-eabi-10.3-2021.10/bin/../lib/gcc/arm-none-eabi/10.3.1/../../../../arm-none-eabi/lib/thumb/v7e-m/nofp\libg.a(lib_a-memset.o)
 .debug_frame   0x00001874       0x5c g:/stm32cube/gcc-arm-none-eabi-10.3-2021.10/bin/../lib/gcc/arm-none-eabi/10.3.1/../../../../arm-none-eabi/lib/thumb/v7e-m/nofp\libg.a(lib_a-__call_atexit.o)
 .debug_frame   0x000018d0       0x20 g:/stm32cube/gcc-arm-none-eabi-10.3-2021.10/bin/../lib/gcc/arm-none-eabi/10.3.1/../../../../arm-none-eabi/lib/thumb/v7e-m/nofp\libg.a(lib_a-atexit.o)
 .debug_frame   0x000018f0       0x34 g:/stm32cube/gcc-arm-none-eabi-10.3-2021.10/bin/../lib/gcc/arm-none-eabi/10.3.1/../../../../arm-none-eabi/lib/thumb/v7e-m/nofp\libg.a(lib_a-fini.o)
 .debug_frame   0x00001924       0xb0 g:/stm32cube/gcc-arm-none-eabi-10.3-2021.10/bin/../lib/gcc/arm-none-eabi/10.3.1/../../../../arm-none-eabi/lib/thumb/v7e-m/nofp\libg.a(lib_a-lock.o)
 .debug_frame   0x000019d4       0x34 g:/stm32cube/gcc-arm-none-eabi-10.3-2021.10/bin/../lib/gcc/arm-none-eabi/10.3.1/../../../../arm-none-eabi/lib/thumb/v7e-m/nofp\libg.a(lib_a-__atexit.o)
